 PciHostBridgeDxe

 Timestamp is 61ee7037 (Mon Jan 24 17:24:07 2022)

 Preferred load address is 0000000000000000

 Start         Length     Name                   Class
 0001:00000000 00000244H .text                   CODE
 0001:00000244 00003705H .text$mn                CODE
 0002:00000000 000000a0H .data                   DATA
 0002:000000a0 00000068H .rdata                  DATA
 0002:00000108 00000070H .bss                    DATA
 0002:00000178 000000a0H .rdata$voltmd           DATA
 0002:00000218 000000a8H .rdata$zzzdbg           DATA
 0003:00000000 00000210H .pdata                  DATA
 0004:00000000 000001c8H .xdata                  DATA

  Address         Publics by Value              Rva+Base               Lib:Object

 0000:00000000       __guard_longjmp_table      0000000000000000     <absolute>
 0000:00000000       __x64_code_ranges_to_entry_points_count 0000000000000000     <absolute>
 0000:00000000       __guard_fids_count         0000000000000000     <absolute>
 0000:00000000       __arm64x_redirection_metadata 0000000000000000     <absolute>
 0000:00000000       __guard_iat_table          0000000000000000     <absolute>
 0000:00000000       __arm64x_extra_rfe_table   0000000000000000     <absolute>
 0000:00000000       __hybrid_code_map_count    0000000000000000     <absolute>
 0000:00000000       __guard_iat_count          0000000000000000     <absolute>
 0000:00000000       __guard_longjmp_count      0000000000000000     <absolute>
 0000:00000000       __dynamic_value_reloc_table 0000000000000000     <absolute>
 0000:00000000       __x64_code_ranges_to_entry_points 0000000000000000     <absolute>
 0000:00000000       __hybrid_auxiliary_iat     0000000000000000     <absolute>
 0000:00000000       __arm64x_native_entrypoint 0000000000000000     <absolute>
 0000:00000000       __hybrid_auxiliary_iat_copy 0000000000000000     <absolute>
 0000:00000000       __guard_eh_cont_table      0000000000000000     <absolute>
 0000:00000000       __hybrid_code_map          0000000000000000     <absolute>
 0000:00000000       __arm64x_extra_rfe_table_size 0000000000000000     <absolute>
 0000:00000000       __AbsoluteZero             0000000000000000     <absolute>
 0000:00000000       __enclave_config           0000000000000000     <absolute>
 0000:00000000       __guard_check_icall_a64n_fptr 0000000000000000     <absolute>
 0000:00000000       __arm64x_redirection_metadata_count 0000000000000000     <absolute>
 0000:00000000       __guard_fids_table         0000000000000000     <absolute>
 0000:00000000       __guard_flags              0000000000000000     <absolute>
 0000:00000000       __guard_eh_cont_count      0000000000000000     <absolute>
 0000:00000000       __ImageBase                0000000000000000     <linker-defined>
 0001:00000000       InternalMemCopyMem         0000000000000260     BaseMemoryLibRepStr:CopyMem.obj
 0001:00000040       InternalMemZeroMem         00000000000002a0     BaseMemoryLibRepStr:ZeroMem.obj
 0001:00000060       SevNoRepIo                 00000000000002c0     BaseIoLibIntrinsicSev:IoFifoSev.obj
 0001:000000a0       IoReadFifo8                0000000000000300     BaseIoLibIntrinsicSev:IoFifoSev.obj
 0001:000000c2       IoReadFifo16               0000000000000322     BaseIoLibIntrinsicSev:IoFifoSev.obj
 0001:000000e8       IoReadFifo32               0000000000000348     BaseIoLibIntrinsicSev:IoFifoSev.obj
 0001:0000010b       IoWriteFifo8               000000000000036b     BaseIoLibIntrinsicSev:IoFifoSev.obj
 0001:0000012d       IoWriteFifo16              000000000000038d     BaseIoLibIntrinsicSev:IoFifoSev.obj
 0001:00000153       IoWriteFifo32              00000000000003b3     BaseIoLibIntrinsicSev:IoFifoSev.obj
 0001:00000180       CpuPause                   00000000000003e0     BaseLib:CpuPause.obj
 0001:00000190       AsmCpuid                   00000000000003f0     BaseLib:CpuId.obj
 0001:000001c0       InternalMemSetMem          0000000000000420     BaseMemoryLibRepStr:SetMem.obj
 0001:000001e0       InternalMemSetMem64        0000000000000440     BaseMemoryLibRepStr:SetMem64.obj
 0001:00000200       InternalMemSetMem32        0000000000000460     BaseMemoryLibRepStr:SetMem32.obj
 0001:00000220       EnableInterrupts           0000000000000480     BaseLib:EnableInterrupts.obj
 0001:00000230       DisableInterrupts          0000000000000490     BaseLib:DisableInterrupts.obj
 0001:00000240       AsmReadEflags              00000000000004a0     BaseLib:ReadEflags.obj
 0001:00000244       _ModuleEntryPoint          00000000000004a4 f   UefiDriverEntryPoint:DriverEntryPoint.obj
 0001:00000258       ProcessLibraryConstructorList 00000000000004b8 f   PciHostBridgeDxe:AutoGen.obj
 0001:00000438       GetTranslationByResourceType 0000000000000698 f   PciHostBridgeDxe:PciHostBridge.obj
 0001:00000488       AddIoSpace                 00000000000006e8 f   PciHostBridgeDxe:PciHostBridge.obj
 0001:000005a0       IoMmuProtocolCallback      0000000000000800 f   PciHostBridgeDxe:PciHostBridge.obj
 0001:000005dc       InitializePciHostBridge    000000000000083c f   PciHostBridgeDxe:PciHostBridge.obj
 0001:00000c18       AllocateResource           0000000000000e78 f   PciHostBridgeDxe:PciHostBridge.obj
 0001:00000ce4       NotifyPhase                0000000000000f44 f   PciHostBridgeDxe:PciHostBridge.obj
 0001:000012b8       GetNextRootBridge          0000000000001518 f   PciHostBridgeDxe:PciHostBridge.obj
 0001:0000130c       GetAttributes              000000000000156c f   PciHostBridgeDxe:PciHostBridge.obj
 0001:00001340       StartBusEnumeration        00000000000015a0 f   PciHostBridgeDxe:PciHostBridge.obj
 0001:000013e8       SetBusNumbers              0000000000001648 f   PciHostBridgeDxe:PciHostBridge.obj
 0001:00001468       SubmitResources            00000000000016c8 f   PciHostBridgeDxe:PciHostBridge.obj
 0001:000015d0       GetProposedResources       0000000000001830 f   PciHostBridgeDxe:PciHostBridge.obj
 0001:00001750       PreprocessController       00000000000019b0 f   PciHostBridgeDxe:PciHostBridge.obj
 0001:0000177c       CreateRootBridge           00000000000019dc f   PciHostBridgeDxe:PciRootBridgeIo.obj
 0001:00001b48       RootBridgeIoCheckParameter 0000000000001da8 f   PciHostBridgeDxe:PciRootBridgeIo.obj
 0001:00001d14       RootBridgeIoGetMemTranslationByAddress 0000000000001f74 f   PciHostBridgeDxe:PciRootBridgeIo.obj
 0001:00001d90       MultThenDivU64x64x32       0000000000001ff0 f   PciHostBridgeDxe:PciRootBridgeIo.obj
 0001:00001e60       RootBridgeIoPollMem        00000000000020c0 f   PciHostBridgeDxe:PciRootBridgeIo.obj
 0001:00001f94       RootBridgeIoPollIo         00000000000021f4 f   PciHostBridgeDxe:PciRootBridgeIo.obj
 0001:000020c8       RootBridgeIoMemRead        0000000000002328 f   PciHostBridgeDxe:PciRootBridgeIo.obj
 0001:00002160       RootBridgeIoMemWrite       00000000000023c0 f   PciHostBridgeDxe:PciRootBridgeIo.obj
 0001:000021fc       RootBridgeIoIoRead         000000000000245c f   PciHostBridgeDxe:PciRootBridgeIo.obj
 0001:0000227c       RootBridgeIoIoWrite        00000000000024dc f   PciHostBridgeDxe:PciRootBridgeIo.obj
 0001:000022fc       RootBridgeIoCopyMem        000000000000255c f   PciHostBridgeDxe:PciRootBridgeIo.obj
 0001:00002410       RootBridgeIoPciAccess      0000000000002670 f   PciHostBridgeDxe:PciRootBridgeIo.obj
 0001:000026a0       RootBridgeIoPciRead        0000000000002900 f   PciHostBridgeDxe:PciRootBridgeIo.obj
 0001:000026c8       RootBridgeIoPciWrite       0000000000002928 f   PciHostBridgeDxe:PciRootBridgeIo.obj
 0001:000026f0       RootBridgeIoMap            0000000000002950 f   PciHostBridgeDxe:PciRootBridgeIo.obj
 0001:000028d8       RootBridgeIoUnmap          0000000000002b38 f   PciHostBridgeDxe:PciRootBridgeIo.obj
 0001:00002998       RootBridgeIoAllocateBuffer 0000000000002bf8 f   PciHostBridgeDxe:PciRootBridgeIo.obj
 0001:00002a78       RootBridgeIoFreeBuffer     0000000000002cd8 f   PciHostBridgeDxe:PciRootBridgeIo.obj
 0001:00002a9c       RootBridgeIoFlush          0000000000002cfc f   PciHostBridgeDxe:PciRootBridgeIo.obj
 0001:00002aa0       RootBridgeIoGetAttributes  0000000000002d00 f   PciHostBridgeDxe:PciRootBridgeIo.obj
 0001:00002ad8       RootBridgeIoSetAttributes  0000000000002d38 f   PciHostBridgeDxe:PciRootBridgeIo.obj
 0001:00002afc       RootBridgeIoConfiguration  0000000000002d5c f   PciHostBridgeDxe:PciRootBridgeIo.obj
 0001:00002c04       InternalAllocatePool       0000000000002e64 f   UefiMemoryAllocationLib:MemoryAllocationLib.obj
 0001:00002c34       AllocateCopyPool           0000000000002e94 f   UefiMemoryAllocationLib:MemoryAllocationLib.obj
 0001:00002d8c       InternalQemuFwCfgDmaBytes  0000000000002fec f   QemuFwCfgDxeLib:QemuFwCfgDxe.obj
 0001:00002fcc       QemuFwCfgReadBytes         000000000000322c f   QemuFwCfgDxeLib:QemuFwCfgLib.obj
 0001:00003024       QemuFwCfgFindFile          0000000000003284 f   QemuFwCfgDxeLib:QemuFwCfgLib.obj
 0001:00003174       PciSegmentRead8            00000000000033d4 f   BasePciSegmentLibPci:PciSegmentLib.obj
 0001:0000319c       PciSegmentWrite8           00000000000033fc f   BasePciSegmentLibPci:PciSegmentLib.obj
 0001:000031e0       PciSegmentRead16           0000000000003440 f   BasePciSegmentLibPci:PciSegmentLib.obj
 0001:0000320c       PciSegmentWrite16          000000000000346c f   BasePciSegmentLibPci:PciSegmentLib.obj
 0001:0000323c       PciSegmentRead32           000000000000349c f   BasePciSegmentLibPci:PciSegmentLib.obj
 0001:000032f0       GetPcdProtocol             0000000000003550 f   DxePcdLib:DxePcdLib.obj
 0001:0000332c       PciCf8Read8                000000000000358c f   BasePciCf8Lib:PciCf8Lib.obj
 0001:0000339c       PciCf8Write8               00000000000035fc f   BasePciCf8Lib:PciCf8Lib.obj
 0001:0000341c       PciCf8Read16               000000000000367c f   BasePciCf8Lib:PciCf8Lib.obj
 0001:00003490       PciCf8Write16              00000000000036f0 f   BasePciCf8Lib:PciCf8Lib.obj
 0001:00003510       PciCf8Read32               0000000000003770 f   BasePciCf8Lib:PciCf8Lib.obj
 0001:00003574       PciCf8Write32              00000000000037d4 f   BasePciCf8Lib:PciCf8Lib.obj
 0001:000035e4       PciHostBridgeUtilityInitRootBridge 0000000000003844 f   PciHostBridgeUtilityLib:PciHostBridgeUtilityLib.obj
 0001:000036f4       PciHostBridgeUtilityGetRootBridges 0000000000003954 f   PciHostBridgeUtilityLib:PciHostBridgeUtilityLib.obj
 0001:00003928       SaveAndDisableInterrupts   0000000000003b88 f   BaseLib:Cpu.obj
 0002:00000000       gEfiPciRootBridgeIoProtocolGuid 0000000000003bc0     PciHostBridgeDxe:AutoGen.obj
 0002:00000010       gPcdProtocolGuid           0000000000003bd0     PciHostBridgeDxe:AutoGen.obj
 0002:00000020       gEfiDevicePathProtocolGuid 0000000000003be0     PciHostBridgeDxe:AutoGen.obj
 0002:00000030       gEfiPciHostBridgeResourceAllocationProtocolGuid 0000000000003bf0     PciHostBridgeDxe:AutoGen.obj
 0002:00000040       gEfiDevicePathUtilitiesProtocolGuid 0000000000003c00     PciHostBridgeDxe:AutoGen.obj
 0002:00000050       gEdkiiIoMmuProtocolGuid    0000000000003c10     PciHostBridgeDxe:AutoGen.obj
 0002:00000060       gEfiCpuIo2ProtocolGuid     0000000000003c20     PciHostBridgeDxe:AutoGen.obj
 0002:00000070       gEfiDxeServicesTableGuid   0000000000003c30     PciHostBridgeDxe:AutoGen.obj
 0002:000000a0       mInStride                  0000000000003c60     PciHostBridgeDxe:PciRootBridgeIo.obj
 0002:000000b0       mOutStride                 0000000000003c70     PciHostBridgeDxe:PciRootBridgeIo.obj
 0002:000000c0       ??_C@_0BE@EGHJDHKK@etc?1extra?9pci?9roots@ 0000000000003c80     PciHostBridgeUtilityLib:PciHostBridgeUtilityLib.obj
 0002:00000108       gST                        0000000000003cc8     UefiBootServicesTableLib:UefiBootServicesTableLib.obj
 0002:00000110       gBS                        0000000000003cd0     UefiBootServicesTableLib:UefiBootServicesTableLib.obj
 0002:00000118       gImageHandle               0000000000003cd8     UefiBootServicesTableLib:UefiBootServicesTableLib.obj
 0002:00000120       mDevicePathLibDevicePathUtilities 0000000000003ce0     UefiDevicePathLibDevicePathProtocol:UefiDevicePathLib.obj
 0002:00000130       gDS                        0000000000003cf0     DxeServicesTableLib:DxeServicesTableLib.obj
 0002:00000140       mPcd                       0000000000003d00     DxePcdLib:DxePcdLib.obj
 0002:00000158       mCpuIo                     0000000000003d18     <common>
 0002:00000160       mIoMmuRegistration         0000000000003d20     <common>
 0002:00000168       mIoMmu                     0000000000003d28     <common>
 0002:00000170       mIoMmuEvent                0000000000003d30     <common>
 0002:00000178       __volatile_metadata        0000000000003d38     <linker-defined>

 entry point at        0001:00000244

 Static symbols

 0001:0000001a       InternalMemCopyMem.0       000000000000027a     BaseMemoryLibRepStr:CopyMem.obj
 0001:0000002a       @CopyBackward              000000000000028a     BaseMemoryLibRepStr:CopyMem.obj
 0001:00000033       @CopyBytes                 0000000000000293     BaseMemoryLibRepStr:CopyMem.obj
 0001:0000009a       @UseRepIo                  00000000000002fa     BaseIoLibIntrinsicSev:IoFifoSev.obj
 0001:0000009c       @SevNoRepIo_Done           00000000000002fc     BaseIoLibIntrinsicSev:IoFifoSev.obj
 0001:000000b4       @IoReadFifo8_NoRep         0000000000000314     BaseIoLibIntrinsicSev:IoFifoSev.obj
 0001:000000b6       @IoReadFifo8_Loop          0000000000000316     BaseIoLibIntrinsicSev:IoFifoSev.obj
 0001:000000be       @IoReadFifo8_Done          000000000000031e     BaseIoLibIntrinsicSev:IoFifoSev.obj
 0001:000000d7       @IoReadFifo16_NoRep        0000000000000337     BaseIoLibIntrinsicSev:IoFifoSev.obj
 0001:000000d9       @IoReadFifo16_Loop         0000000000000339     BaseIoLibIntrinsicSev:IoFifoSev.obj
 0001:000000e4       @IoReadFifo16_Done         0000000000000344     BaseIoLibIntrinsicSev:IoFifoSev.obj
 0001:000000fc       @IoReadFifo32_NoRep        000000000000035c     BaseIoLibIntrinsicSev:IoFifoSev.obj
 0001:000000fe       @IoReadFifo32_Loop         000000000000035e     BaseIoLibIntrinsicSev:IoFifoSev.obj
 0001:00000107       @IoReadFifo32_Done         0000000000000367     BaseIoLibIntrinsicSev:IoFifoSev.obj
 0001:0000011f       @IoWriteFifo8_NoRep        000000000000037f     BaseIoLibIntrinsicSev:IoFifoSev.obj
 0001:00000121       @IoWriteFifo8_Loop         0000000000000381     BaseIoLibIntrinsicSev:IoFifoSev.obj
 0001:00000129       @IoWriteFifo8_Done         0000000000000389     BaseIoLibIntrinsicSev:IoFifoSev.obj
 0001:00000142       @IoWriteFifo16_NoRep       00000000000003a2     BaseIoLibIntrinsicSev:IoFifoSev.obj
 0001:00000144       @IoWriteFifo16_Loop        00000000000003a4     BaseIoLibIntrinsicSev:IoFifoSev.obj
 0001:0000014f       @IoWriteFifo16_Done        00000000000003af     BaseIoLibIntrinsicSev:IoFifoSev.obj
 0001:00000167       @IoWriteFifo32_NoRep       00000000000003c7     BaseIoLibIntrinsicSev:IoFifoSev.obj
 0001:00000169       @IoWriteFifo32_Loop        00000000000003c9     BaseIoLibIntrinsicSev:IoFifoSev.obj
 0001:00000172       @IoWriteFifo32_Done        00000000000003d2     BaseIoLibIntrinsicSev:IoFifoSev.obj
 0001:0000019f       AsmCpuid.0                 00000000000003ff     BaseLib:CpuId.obj
 0001:000001a4       AsmCpuid.1                 0000000000000404     BaseLib:CpuId.obj
 0001:000001ab       AsmCpuid.2                 000000000000040b     BaseLib:CpuId.obj
 0001:000001b4       AsmCpuid.3                 0000000000000414     BaseLib:CpuId.obj
 0001:00002c68       AllocFwCfgDmaAccessBuffer  0000000000002ec8 f   QemuFwCfgDxeLib:QemuFwCfgDxe.obj
 0001:00003264       InternalMemEncryptSevStatus 00000000000034c4 f   DxeMemEncryptSevLib:DxeMemEncryptSevLibInternal.obj
 0002:00000080       mNonExistAperture          0000000000003c40     PciHostBridgeLib:PciHostBridgeLib.obj
 0002:000000d8       mRootBridgeDevicePathTemplate 0000000000003c98     PciHostBridgeUtilityLib:PciHostBridgeUtilityLib.obj
 0002:00000128       mQemuFwCfgSupported        0000000000003ce8     QemuFwCfgDxeLib:QemuFwCfgDxe.obj
 0002:00000138       mSevStatus                 0000000000003cf8     DxeMemEncryptSevLib:DxeMemEncryptSevLibInternal.obj
 0002:00000139       mSevStatusChecked          0000000000003cf9     DxeMemEncryptSevLib:DxeMemEncryptSevLibInternal.obj
 0002:00000148       mRunningOnQ35              0000000000003d08     DxePciLibI440FxQ35:PciLib.obj
 0002:00000149       mQemuFwCfgDmaSupported     0000000000003d09     QemuFwCfgDxeLib:QemuFwCfgDxe.obj
 0002:0000014c       mAcpiTimerIoAddr           0000000000003d0c     DxeAcpiTimerLib:DxeAcpiTimerLib.obj
 0002:00000150       mIoMmuProtocol             0000000000003d10     QemuFwCfgDxeLib:QemuFwCfgDxe.obj
 0004:00000000       $unwind$IoMmuProtocolCallback 00000000000040a0     PciHostBridgeDxe:PciHostBridge.obj
 0004:00000000       $unwind$PciSegmentWrite8   00000000000040a0     BasePciSegmentLibPci:PciSegmentLib.obj
 0004:00000000       $unwind$GetPcdProtocol     00000000000040a0     DxePcdLib:DxePcdLib.obj
 0004:00000000       $unwind$_ModuleEntryPoint  00000000000040a0     UefiDriverEntryPoint:DriverEntryPoint.obj
 0004:00000000       $unwind$AllocateCopyPool   00000000000040a0     UefiMemoryAllocationLib:MemoryAllocationLib.obj
 0004:00000000       $unwind$InternalAllocatePool 00000000000040a0     UefiMemoryAllocationLib:MemoryAllocationLib.obj
 0004:00000000       $unwind$QemuFwCfgReadBytes 00000000000040a0     QemuFwCfgDxeLib:QemuFwCfgLib.obj
 0004:00000008       $unwind$ProcessLibraryConstructorList 00000000000040a8     PciHostBridgeDxe:AutoGen.obj
 0004:00000018       $unwind$AddIoSpace         00000000000040b8     PciHostBridgeDxe:PciHostBridge.obj
 0004:0000002c       $unwind$InitializePciHostBridge 00000000000040cc     PciHostBridgeDxe:PciHostBridge.obj
 0004:00000044       $unwind$AllocateResource   00000000000040e4     PciHostBridgeDxe:PciHostBridge.obj
 0004:00000058       $unwind$NotifyPhase        00000000000040f8     PciHostBridgeDxe:PciHostBridge.obj
 0004:00000070       $unwind$StartBusEnumeration 0000000000004110     PciHostBridgeDxe:PciHostBridge.obj
 0004:00000070       $unwind$RootBridgeIoUnmap  0000000000004110     PciHostBridgeDxe:PciRootBridgeIo.obj
 0004:00000070       $unwind$PciCf8Write16      0000000000004110     BasePciCf8Lib:PciCf8Lib.obj
 0004:00000070       $unwind$PciCf8Write32      0000000000004110     BasePciCf8Lib:PciCf8Lib.obj
 0004:00000070       $unwind$PciCf8Write8       0000000000004110     BasePciCf8Lib:PciCf8Lib.obj
 0004:0000007c       $unwind$GetProposedResources 000000000000411c     PciHostBridgeDxe:PciHostBridge.obj
 0004:0000007c       $unwind$RootBridgeIoConfiguration 000000000000411c     PciHostBridgeDxe:PciRootBridgeIo.obj
 0004:0000007c       $unwind$PciHostBridgeUtilityInitRootBridge 000000000000411c     PciHostBridgeUtilityLib:PciHostBridgeUtilityLib.obj
 0004:0000008c       $unwind$CreateRootBridge   000000000000412c     PciHostBridgeDxe:PciRootBridgeIo.obj
 0004:000000a8       $unwind$RootBridgeIoCheckParameter 0000000000004148     PciHostBridgeDxe:PciRootBridgeIo.obj
 0004:000000b8       $unwind$MultThenDivU64x64x32 0000000000004158     PciHostBridgeDxe:PciRootBridgeIo.obj
 0004:000000cc       $unwind$RootBridgeIoMap    000000000000416c     PciHostBridgeDxe:PciRootBridgeIo.obj
 0004:000000cc       $unwind$RootBridgeIoPollIo 000000000000416c     PciHostBridgeDxe:PciRootBridgeIo.obj
 0004:000000cc       $unwind$RootBridgeIoPollMem 000000000000416c     PciHostBridgeDxe:PciRootBridgeIo.obj
 0004:000000e8       $unwind$RootBridgeIoMemRead 0000000000004188     PciHostBridgeDxe:PciRootBridgeIo.obj
 0004:000000e8       $unwind$RootBridgeIoMemWrite 0000000000004188     PciHostBridgeDxe:PciRootBridgeIo.obj
 0004:00000100       $unwind$RootBridgeIoIoRead 00000000000041a0     PciHostBridgeDxe:PciRootBridgeIo.obj
 0004:00000100       $unwind$RootBridgeIoIoWrite 00000000000041a0     PciHostBridgeDxe:PciRootBridgeIo.obj
 0004:00000118       $unwind$RootBridgeIoCopyMem 00000000000041b8     PciHostBridgeDxe:PciRootBridgeIo.obj
 0004:00000134       $unwind$RootBridgeIoPciAccess 00000000000041d4     PciHostBridgeDxe:PciRootBridgeIo.obj
 0004:0000014c       $unwind$RootBridgeIoPciRead 00000000000041ec     PciHostBridgeDxe:PciRootBridgeIo.obj
 0004:0000014c       $unwind$RootBridgeIoPciWrite 00000000000041ec     PciHostBridgeDxe:PciRootBridgeIo.obj
 0004:00000154       $unwind$RootBridgeIoAllocateBuffer 00000000000041f4     PciHostBridgeDxe:PciRootBridgeIo.obj
 0004:00000168       $unwind$AllocFwCfgDmaAccessBuffer 0000000000004208     QemuFwCfgDxeLib:QemuFwCfgDxe.obj
 0004:00000178       $unwind$InternalQemuFwCfgDmaBytes 0000000000004218     QemuFwCfgDxeLib:QemuFwCfgDxe.obj
 0004:0000018c       $unwind$QemuFwCfgFindFile  000000000000422c     QemuFwCfgDxeLib:QemuFwCfgLib.obj
 0004:000001a0       $unwind$InternalMemEncryptSevStatus 0000000000004240     DxeMemEncryptSevLib:DxeMemEncryptSevLibInternal.obj
 0004:000001a8       $unwind$SaveAndDisableInterrupts 0000000000004248     BaseLib:Cpu.obj
 0004:000001a8       $unwind$PciCf8Read16       0000000000004248     BasePciCf8Lib:PciCf8Lib.obj
 0004:000001a8       $unwind$PciCf8Read32       0000000000004248     BasePciCf8Lib:PciCf8Lib.obj
 0004:000001a8       $unwind$PciCf8Read8        0000000000004248     BasePciCf8Lib:PciCf8Lib.obj
 0004:000001b0       $unwind$PciHostBridgeUtilityGetRootBridges 0000000000004250     PciHostBridgeUtilityLib:PciHostBridgeUtilityLib.obj
