 EhciDxe

 Timestamp is 62b5731d (Fri Jun 24 16:17:33 2022)

 Preferred load address is 0000000000000000

 Start         Length     Name                   Class
 0001:00000000 000000c4H .text                   CODE
 0001:000000c4 0000685eH .text$mn                CODE
 0002:00000000 00002230H .rdata                  DATA
 0002:00002230 00000020H .rdata$voltmd           DATA
 0002:00002250 00000138H .rdata$zzzdbg           DATA
 0003:00000000 00000160H .data                   DATA
 0003:00000160 00000032H .bss                    DATA
 0004:00000000 000003e4H .pdata                  DATA
 0005:00000000 0000030cH .xdata                  DATA

  Address         Publics by Value              Rva+Base               Lib:Object

 0000:00000000       __arm64x_redirection_metadata 0000000000000000     <absolute>
 0000:00000000       __x64_code_ranges_to_entry_points_count 0000000000000000     <absolute>
 0000:00000000       __guard_iat_count          0000000000000000     <absolute>
 0000:00000000       __guard_longjmp_count      0000000000000000     <absolute>
 0000:00000000       __dynamic_value_reloc_table 0000000000000000     <absolute>
 0000:00000000       __hybrid_auxiliary_iat     0000000000000000     <absolute>
 0000:00000000       __hybrid_auxiliary_iat_copy 0000000000000000     <absolute>
 0000:00000000       __guard_iat_table          0000000000000000     <absolute>
 0000:00000000       __guard_longjmp_table      0000000000000000     <absolute>
 0000:00000000       __x64_code_ranges_to_entry_points 0000000000000000     <absolute>
 0000:00000000       __guard_fids_count         0000000000000000     <absolute>
 0000:00000000       __AbsoluteZero             0000000000000000     <absolute>
 0000:00000000       __hybrid_code_map_count    0000000000000000     <absolute>
 0000:00000000       __guard_check_icall_a64n_fptr 0000000000000000     <absolute>
 0000:00000000       __arm64x_extra_rfe_table   0000000000000000     <absolute>
 0000:00000000       __guard_fids_table         0000000000000000     <absolute>
 0000:00000000       __hybrid_code_map          0000000000000000     <absolute>
 0000:00000000       __arm64x_extra_rfe_table_size 0000000000000000     <absolute>
 0000:00000000       __guard_flags              0000000000000000     <absolute>
 0000:00000000       __guard_eh_cont_count      0000000000000000     <absolute>
 0000:00000000       __arm64x_native_entrypoint 0000000000000000     <absolute>
 0000:00000000       __arm64x_redirection_metadata_count 0000000000000000     <absolute>
 0000:00000000       __enclave_config           0000000000000000     <absolute>
 0000:00000000       __guard_eh_cont_table      0000000000000000     <absolute>
 0000:00000000       __ImageBase                0000000000000000     <linker-defined>
 0001:00000000       InternalMemCopyMem         00000000000002c0     BaseMemoryLibRepStr:CopyMem.obj
 0001:00000040       InternalMemZeroMem         0000000000000300     BaseMemoryLibRepStr:ZeroMem.obj
 0001:00000060       InternalMemSetMem          0000000000000320     BaseMemoryLibRepStr:SetMem.obj
 0001:00000080       InternalMemSetMem64        0000000000000340     BaseMemoryLibRepStr:SetMem64.obj
 0001:000000a0       InternalMemSetMem32        0000000000000360     BaseMemoryLibRepStr:SetMem32.obj
 0001:000000c0       CpuPause                   0000000000000380     BaseLib:CpuPause.obj
 0001:000000c4       _ModuleEntryPoint          0000000000000384 f   UefiDriverEntryPoint:DriverEntryPoint.obj
 0001:00000170       ProcessLibraryConstructorList 0000000000000430 f   EhciDxe:AutoGen.obj
 0001:00000304       EhcGetCapability           00000000000005c4 f   EhciDxe:Ehci.obj
 0001:000003dc       EhcReset                   000000000000069c f   EhciDxe:Ehci.obj
 0001:0000057c       EhcGetState                000000000000083c f   EhciDxe:Ehci.obj
 0001:00000628       EhcSetState                00000000000008e8 f   EhciDxe:Ehci.obj
 0001:00000770       EhcGetRootHubPortStatus    0000000000000a30 f   EhciDxe:Ehci.obj
 0001:000008c8       EhcSetRootHubPortFeature   0000000000000b88 f   EhciDxe:Ehci.obj
 0001:00000a54       EhcClearRootHubPortFeature 0000000000000d14 f   EhciDxe:Ehci.obj
 0001:00000ba4       EhcControlTransfer         0000000000000e64 f   EhciDxe:Ehci.obj
 0001:00000e7c       EhcBulkTransfer            000000000000113c f   EhciDxe:Ehci.obj
 0001:00001154       EhcAsyncInterruptTransfer  0000000000001414 f   EhciDxe:Ehci.obj
 0001:00001350       EhcSyncInterruptTransfer   0000000000001610 f   EhciDxe:Ehci.obj
 0001:00001610       EhcIsochronousTransfer     00000000000018d0 f   EhciDxe:Ehci.obj
 0001:00001610       EhcAsyncIsochronousTransfer 00000000000018d0 f   EhciDxe:Ehci.obj
 0001:0000161c       EhcDriverBindingSupported  00000000000018dc f   EhciDxe:Ehci.obj
 0001:000016ec       EhcGetUsbDebugPortInfo     00000000000019ac f   EhciDxe:Ehci.obj
 0001:0000180c       EhcCreateUsb2Hc            0000000000001acc f   EhciDxe:Ehci.obj
 0001:000019f4       EhcExitBootService         0000000000001cb4 f   EhciDxe:Ehci.obj
 0001:000019fc       EhcDriverBindingStart      0000000000001cbc f   EhciDxe:Ehci.obj
 0001:00001f34       EhcDriverBindingStop       00000000000021f4 f   EhciDxe:Ehci.obj
 0001:000020f4       EhciComponentNameGetDriverName 00000000000023b4 f   EhciDxe:ComponentName.obj
 0001:00002128       EhciComponentNameGetControllerName 00000000000023e8 f   EhciDxe:ComponentName.obj
 0001:0000225c       EhcCreateHelpQ             000000000000251c f   EhciDxe:EhciSched.obj
 0001:00002360       EhcInitSched               0000000000002620 f   EhciDxe:EhciSched.obj
 0001:00002604       EhcFreeSched               00000000000028c4 f   EhciDxe:EhciSched.obj
 0001:0000272c       EhcLinkQhToAsync           00000000000029ec f   EhciDxe:EhciSched.obj
 0001:000027a0       EhcUnlinkQhFromAsync       0000000000002a60 f   EhciDxe:EhciSched.obj
 0001:00002880       EhcLinkQhToPeriod          0000000000002b40 f   EhciDxe:EhciSched.obj
 0001:000029d0       EhcUnlinkQhFromPeriod      0000000000002c90 f   EhciDxe:EhciSched.obj
 0001:00002a80       EhcCheckUrbResult          0000000000002d40 f   EhciDxe:EhciSched.obj
 0001:00002c5c       EhcExecTransfer            0000000000002f1c f   EhciDxe:EhciSched.obj
 0001:00002d40       EhciDelAsyncIntTransfer    0000000000003000 f   EhciDxe:EhciSched.obj
 0001:00002dfc       EhciInsertAsyncIntTransfer 00000000000030bc f   EhciDxe:EhciSched.obj
 0001:00002f3c       EhcUpdateAsyncRequest      00000000000031fc f   EhciDxe:EhciSched.obj
 0001:00003018       EhcMonitorAsyncRequests    00000000000032d8 f   EhciDxe:EhciSched.obj
 0001:000031cc       EhcReadCapRegister         000000000000348c f   EhciDxe:EhciReg.obj
 0001:00003228       EhcIsDebugPortInUse        00000000000034e8 f   EhciDxe:EhciReg.obj
 0001:000032b8       EhcReadOpReg               0000000000003578 f   EhciDxe:EhciReg.obj
 0001:0000334c       EhcWriteOpReg              000000000000360c f   EhciDxe:EhciReg.obj
 0001:000033d8       EhcSetOpRegBit             0000000000003698 f   EhciDxe:EhciReg.obj
 0001:00003414       EhcWaitOpRegBit            00000000000036d4 f   EhciDxe:EhciReg.obj
 0001:000034a4       EhcResetHC                 0000000000003764 f   EhciDxe:EhciReg.obj
 0001:00003500       EhcHaltHC                  00000000000037c0 f   EhciDxe:EhciReg.obj
 0001:0000354c       EhcInitHC                  000000000000380c f   EhciDxe:EhciReg.obj
 0001:000036ac       EhcCreateQtd               000000000000396c f   EhciDxe:EhciUrb.obj
 0001:000037fc       EhcCreateQh                0000000000003abc f   EhciDxe:EhciUrb.obj
 0001:00003974       EhcFreeQtds                0000000000003c34 f   EhciDxe:EhciUrb.obj
 0001:000039d4       EhcFreeUrb                 0000000000003c94 f   EhciDxe:EhciUrb.obj
 0001:00003a5c       EhcCreateQtds              0000000000003d1c f   EhciDxe:EhciUrb.obj
 0001:00003cd0       EhcCreateUrb               0000000000003f90 f   EhciDxe:EhciUrb.obj
 0001:00003f18       UsbHcAllocMemBlock         00000000000041d8 f   EhciDxe:UsbHcMem.obj
 0001:00004064       UsbHcFreeMemBlock          0000000000004324 f   EhciDxe:UsbHcMem.obj
 0001:000040f4       UsbHcAllocMemFromBlock     00000000000043b4 f   EhciDxe:UsbHcMem.obj
 0001:00004274       UsbHcGetPciAddressForHostMem 0000000000004534 f   EhciDxe:UsbHcMem.obj
 0001:000042f0       UsbHcFreeMemPool           00000000000045b0 f   EhciDxe:UsbHcMem.obj
 0001:000043ac       UsbHcAllocateMem           000000000000466c f   EhciDxe:UsbHcMem.obj
 0001:000044f4       UsbHcFreeMem               00000000000047b4 f   EhciDxe:UsbHcMem.obj
 0001:00004684       EhcDumpStatus              0000000000004944 f   EhciDxe:EhciDebug.obj
 0001:00004760       EhcDumpQh                  0000000000004a20 f   EhciDxe:EhciDebug.obj
 0001:00004bdc       CopyMem                    0000000000004e9c f   BaseMemoryLibRepStr:CopyMemWrapper.obj
 0001:00004c78       ZeroMem                    0000000000004f38 f   BaseMemoryLibRepStr:ZeroMemWrapper.obj
 0001:00004ce8       InternalBaseLibIsListValid 0000000000004fa8 f   BaseLib:LinkedList.obj
 0001:00004d54       InsertHeadList             0000000000005014 f   BaseLib:LinkedList.obj
 0001:00004da4       InsertTailList             0000000000005064 f   BaseLib:LinkedList.obj
 0001:00004df8       RemoveEntryList            00000000000050b8 f   BaseLib:LinkedList.obj
 0001:00004e60       DebugPrint                 0000000000005120 f   BaseDebugLibSerialPort:DebugLib.obj
 0001:00004e84       DebugPrintMarker           0000000000005144 f   BaseDebugLibSerialPort:DebugLib.obj
 0001:00004f34       DebugAssert                00000000000051f4 f   BaseDebugLibSerialPort:DebugLib.obj
 0001:00004fac       InternalAllocatePool       000000000000526c f   UefiMemoryAllocationLib:MemoryAllocationLib.obj
 0001:00004fdc       InternalAllocateCopyPool   000000000000529c f   UefiMemoryAllocationLib:MemoryAllocationLib.obj
 0001:00005054       FreePool                   0000000000005314 f   UefiMemoryAllocationLib:MemoryAllocationLib.obj
 0001:00005098       IsLanguageSupported        0000000000005358 f   UefiLib:UefiLib.obj
 0001:00005120       LookupUnicodeString2       00000000000053e0 f   UefiLib:UefiLib.obj
 0001:00005214       AddUnicodeString2          00000000000054d4 f   UefiLib:UefiLib.obj
 0001:000053e0       InternalReportStatusCode   00000000000056a0 f   DxeReportStatusCodeLib:ReportStatusCodeLib.obj
 0001:00005474       ReportStatusCodeWithDevicePath 0000000000005734 f   DxeReportStatusCodeLib:ReportStatusCodeLib.obj
 0001:00005668       CopyGuid                   0000000000005928 f   BaseMemoryLibRepStr:MemLibGuid.obj
 0001:00005718       StrSize                    00000000000059d8 f   BaseLib:String.obj
 0001:00005798       AsciiStrLen                0000000000005a58 f   BaseLib:String.obj
 0001:00005804       AsciiStrnCmp               0000000000005ac4 f   BaseLib:String.obj
 0001:000058d0       StrnLenS                   0000000000005b90 f   BaseLib:SafeString.obj
 0001:00005928       AsciiSPrint                0000000000005be8 f   BasePrintLib:PrintLib.obj
 0001:00005954       BasePrintLibFillBuffer     0000000000005c14 f   BasePrintLib:PrintLibInternal.obj
 0001:00005988       BasePrintLibValueToString  0000000000005c48 f   BasePrintLib:PrintLibInternal.obj
 0001:000059f4       BasePrintLibSPrintMarker   0000000000005cb4 f   BasePrintLib:PrintLibInternal.obj
 0001:00006900       BasePrintLibSPrint         0000000000006bc0 f   BasePrintLib:PrintLibInternal.obj
 0002:00000000       ??_C@_0CB@DMEJJJHA@?6ASSERT_EFI_ERROR?5?$CIStatus?5?$DN?5?$CFr?$CJ@ 0000000000006c00     UefiDriverEntryPoint:DriverEntryPoint.obj
 0002:00000028       ??_C@_0CH@BBNBJKHK@?$CB?$CI?$CI?$CIINTN?$CJ?$CIRETURN_STATUS?$CJ?$CIStatus@ 0000000000006c28     UefiDriverEntryPoint:DriverEntryPoint.obj
 0002:00000050       ??_C@_07PKFOPDF@EhciDxe@   0000000000006c50     EhciDxe:AutoGen.obj
 0002:00000060       ??_C@_0GB@KCKMCFEK@d?3?2edk2?2edk2?2Build?2OvmfX64?2DEBU@ 0000000000006c60     EhciDxe:AutoGen.obj
 0002:000000c8       ??_C@_0BF@NDBIKIKC@CR?5has?5Bad?5Signature@ 0000000000006cc8     EhciDxe:Ehci.obj
 0002:000000e0       ??_C@_0DB@MLCEOJJD@d?3?2edk2?2edk2?2MdeModulePkg?2Bus?2P@ 0000000000006ce0     EhciDxe:Ehci.obj
 0002:00000118       ??_C@_0CH@IANACHNP@EhcGetCapability?3?5?$CFd?5ports?0?564?5@ 0000000000006d18     EhciDxe:Ehci.obj
 0002:00000140       ??_C@_0BK@GOBJNENF@EhcReset?3?5exit?5status?5?$CFr?6@ 0000000000006d40     EhciDxe:Ehci.obj
 0002:00000160       ??_C@_0BP@LENADFNE@EhcGetState?3?5current?5state?5?$CFd?6@ 0000000000006d60     EhciDxe:Ehci.obj
 0002:00000180       ??_C@_0BN@BBIHINKD@EhcSetState?3?5exit?5status?5?$CFr?6@ 0000000000006d80     EhciDxe:Ehci.obj
 0002:000001a0       ??_C@_0DD@GGFLOIBN@EhcSetRootHubPortFeature?5?3faile@ 0000000000006da0     EhciDxe:Ehci.obj
 0002:000001d8       ??_C@_0CK@GNIGJBJF@EhcSetRootHubPortFeature?3?5exit?5@ 0000000000006dd8     EhciDxe:Ehci.obj
 0002:00000208       ??_C@_0CM@HHDEDELB@EhcClearRootHubPortFeature?3?5exi@ 0000000000006e08     EhciDxe:Ehci.obj
 0002:00000238       ??_C@_0CL@NELIELNL@EhcControlTransfer?3?5HC?5halted?5a@ 0000000000006e38     EhciDxe:Ehci.obj
 0002:00000268       ??_C@_0CJ@DGDCGBOL@EhcControlTransfer?3?5failed?5to?5c@ 0000000000006e68     EhciDxe:Ehci.obj
 0002:00000298       ??_C@_0CP@OHMNPJHJ@EhcControlTransfer?3?5error?5?9?5?$CFr?0@ 0000000000006e98     EhciDxe:Ehci.obj
 0002:000002c8       ??_C@_0BP@MDHLIHOA@EhcBulkTransfer?3?5HC?5is?5halted?6@ 0000000000006ec8     EhciDxe:Ehci.obj
 0002:000002e8       ??_C@_0CH@HPCBKIJL@EhcBulkTransfer?3?5failed?5to?5crea@ 0000000000006ee8     EhciDxe:Ehci.obj
 0002:00000310       ??_C@_0CM@FOIJNEIG@EhcBulkTransfer?3?5error?5?9?5?$CFr?0?5tr@ 0000000000006f10     EhciDxe:Ehci.obj
 0002:00000340       ??_C@_0DF@IOJEALIF@EhcAsyncInterruptTransfer?3?5remo@ 0000000000006f40     EhciDxe:Ehci.obj
 0002:00000378       ??_C@_0CH@EDKHKOBJ@EhcAsyncInterruptTransfer?3?5HC?5i@ 0000000000006f78     EhciDxe:Ehci.obj
 0002:000003a0       ??_C@_0CG@BKLHDDCA@EhcSyncInterruptTransfer?3?5HC?5is@ 0000000000006fa0     EhciDxe:Ehci.obj
 0002:000003c8       ??_C@_0DA@JEIFFDHM@EhcSyncInterruptTransfer?3?5faile@ 0000000000006fc8     EhciDxe:Ehci.obj
 0002:000003f8       ??_C@_0DF@PGOBIBHE@EhcSyncInterruptTransfer?3?5error@ 0000000000006ff8     EhciDxe:Ehci.obj
 0002:00000430       ??_C@_0BL@GNBHBNL@Ehc?9?$DOPciIo?5?$CB?$DN?5?$CI?$CIvoid?5?$CK?$CJ?50?$CJ@ 0000000000007030     EhciDxe:Ehci.obj
 0002:00000450       ??_C@_0CH@JAHIBIHG@EhcCreateUsb2Hc?3?5capability?5len@ 0000000000007050     EhciDxe:Ehci.obj
 0002:00000478       ??_C@_0DE@NFAGDDGD@EhcDriverBindingStart?3?5failed?5t@ 0000000000007078     EhciDxe:Ehci.obj
 0002:000004b0       ??_C@_0DB@JGMBAMID@EhcDriverBindingStart?3?5failed?5t@ 00000000000070b0     EhciDxe:Ehci.obj
 0002:000004e8       ??_C@_0BG@EMGHONJD@EhcDriverBindingStart@ 00000000000070e8     EhciDxe:Ehci.obj
 0002:00000500       ??_C@_0EI@LELOCJAN@?$CFa?3?5failed?5to?5enable?564?9bit?5DMA@ 0000000000007100     EhciDxe:Ehci.obj
 0002:00000548       ??_C@_0DL@KMAFMHP@EhcDriverBindingStart?3?5failed?5t@ 0000000000007148     EhciDxe:Ehci.obj
 0002:00000588       ??_C@_0DH@DJFGBAFD@EhcDriverBindingStart?3?5failed?5t@ 0000000000007188     EhciDxe:Ehci.obj
 0002:000005c0       ??_C@_0EA@NLJDFBEB@EhcDriverBindingStart?3?5failed?5t@ 00000000000071c0     EhciDxe:Ehci.obj
 0002:00000600       ??_C@_1EG@FLBGKEEB@?$AAE?$AAn?$AAh?$AAa?$AAn?$AAc?$AAe?$AAd?$AA?5?$AAH?$AAo?$AAs?$AAt?$AA?5?$AAC@ 0000000000007200     EhciDxe:Ehci.obj
 0002:00000648       ??_C@_03LKLGDMJI@eng@      0000000000007248     EhciDxe:Ehci.obj
 0002:0000064c       ??_C@_02LFNMGJAP@en@       000000000000724c     EhciDxe:Ehci.obj
 0002:00000650       ??_C@_0DJ@OBDHNCFH@EhcDriverBindingStart?3?5EHCI?5sta@ 0000000000007250     EhciDxe:Ehci.obj
 0002:0000068c       ??_C@_06DALJLGPG@eng?$DLen@ 000000000000728c     EhciDxe:ComponentName.obj
 0002:00000698       ??_C@_1CA@OHCCPPKP@?$AAU?$AAs?$AAb?$AA?5?$AAE?$AAh?$AAc?$AAi?$AA?5?$AAD?$AAr?$AAi?$AAv?$AAe?$AAr@ 0000000000007298     EhciDxe:ComponentName.obj
 0002:000006b8       ??_C@_0DK@DCCBKFGN@d?3?2edk2?2edk2?2MdeModulePkg?2Bus?2P@ 00000000000072b8     EhciDxe:ComponentName.obj
 0002:000006f8       ??_C@_0BG@BDDIFCPF@PciIo?5?$CB?$DN?5?$CI?$CIvoid?5?$CK?$CJ?50?$CJ@ 00000000000072f8     EhciDxe:EhciSched.obj
 0002:00000710       ??_C@_0DG@GAPMHBFK@d?3?2edk2?2edk2?2MdeModulePkg?2Bus?2P@ 0000000000007310     EhciDxe:EhciSched.obj
 0002:00000748       ??_C@_0BP@FKEDNDMP@Ehc?9?$DOReclaimHead?9?$DONextQh?5?$DN?$DN?5Qh@ 0000000000007348     EhciDxe:EhciSched.obj
 0002:00000768       ??_C@_0DL@IEJDMHPI@EhcUnlinkQhFromAsync?3?5Failed?5to@ 0000000000007368     EhciDxe:EhciSched.obj
 0002:000007a8       ??_C@_0DH@HAOLOAFO@?$CB?$CI?$CI?$CI?$CI?$CIUINT32?5?$CK?$CJEhc?9?$DOPeriodFrame@ 00000000000073a8     EhciDxe:EhciSched.obj
 0002:000007e0       ??_C@_0CN@FCCLNBPH@?$CIIndex?5?$DN?$DN?50?$CJ?5?$CG?$CG?5?$CIQh?9?$DONextQh?5?$DN?$DN?5@ 00000000000073e0     EhciDxe:EhciSched.obj
 0002:00000810       ??_C@_0EM@IMMABOLA@?$CIEhc?5?$CB?$DN?5?$CI?$CIvoid?5?$CK?$CJ?50?$CJ?$CJ?5?$CG?$CG?5?$CIUrb?5?$CB@ 0000000000007410     EhciDxe:EhciSched.obj
 0002:00000860       ??_C@_0BC@DLGNKDOO@Short?5packet?5read@ 0000000000007460     EhciDxe:EhciSched.obj
 0002:00000878       ??_C@_0CN@DMOAGNCK@EhcCheckUrbResult?3?5Short?5packet@ 0000000000007478     EhciDxe:EhciSched.obj
 0002:000008a8       ??_C@_0DA@FGCKJENG@EhcCheckUrbResult?3?5Short?5packet@ 00000000000074a8     EhciDxe:EhciSched.obj
 0002:000008d8       ??_C@_0DA@JIOCAIGN@EhcExecTransfer?3?5transfer?5not?5f@ 00000000000074d8     EhciDxe:EhciSched.obj
 0002:00000908       ??_C@_0CK@CINOOKKJ@EhcExecTransfer?3?5transfer?5faile@ 0000000000007508     EhciDxe:EhciSched.obj
 0002:00000938       ??_C@_0BL@LIIOGBDA@EhciInsertAsyncIntTransfer@ 0000000000007538     EhciDxe:EhciSched.obj
 0002:00000958       ??_C@_0BP@GIPFFKAL@?$CFa?3?5failed?5to?5allocate?5buffer?6@ 0000000000007558     EhciDxe:EhciSched.obj
 0002:00000978       ??_C@_0BK@DOBJMDKO@?$CFa?3?5failed?5to?5create?5URB?6@ 0000000000007578     EhciDxe:EhciSched.obj
 0002:000009a0       ??_C@_0EA@FBCGEJIE@EhcMonitorAsyncRequests?3?5Fail?5t@ 00000000000075a0     EhciDxe:EhciSched.obj
 0002:000009e0       ??_C@_0DC@EANFNPHJ@EhcReadCapRegister?3?5Pci?5Io?5read@ 00000000000075e0     EhciDxe:EhciReg.obj
 0002:00000a18       ??_C@_0DC@NJOAFDBG@EhcReadDbgRegister?3?5Pci?5Io?5read@ 0000000000007618     EhciDxe:EhciReg.obj
 0002:00000a50       ??_C@_0BB@EEGFMAIN@Ehc?9?$DOCapLen?5?$CB?$DN?50@ 0000000000007650     EhciDxe:EhciReg.obj
 0002:00000a68       ??_C@_0DE@GFLIAODI@d?3?2edk2?2edk2?2MdeModulePkg?2Bus?2P@ 0000000000007668     EhciDxe:EhciReg.obj
 0002:00000aa0       ??_C@_0CM@FIEJMDFH@EhcReadOpReg?3?5Pci?5Io?5Read?5error@ 00000000000076a0     EhciDxe:EhciReg.obj
 0002:00000ad0       ??_C@_0CN@EJPONHCI@EhcWriteOpReg?3?5Pci?5Io?5Write?5err@ 00000000000076d0     EhciDxe:EhciReg.obj
 0002:00000b00       ??_C@_0CN@LHILALNL@EhcInitHC?3?5failed?5to?5enable?5per@ 0000000000007700     EhciDxe:EhciReg.obj
 0002:00000b30       ??_C@_0CM@DNKCMMEC@EhcInitHC?3?5failed?5to?5enable?5asy@ 0000000000007730     EhciDxe:EhciReg.obj
 0002:00000b60       ??_C@_0BE@OLBPBJHC@Ehc?5?$CB?$DN?5?$CI?$CIvoid?5?$CK?$CJ?50?$CJ@ 0000000000007760     EhciDxe:EhciUrb.obj
 0002:00000b78       ??_C@_0DE@JNKDIFCA@d?3?2edk2?2edk2?2MdeModulePkg?2Bus?2P@ 0000000000007778     EhciDxe:EhciUrb.obj
 0002:00000bb0       ??_C@_0DD@JCDIFEC@?$CIUrb?5?$CB?$DN?5?$CI?$CIvoid?5?$CK?$CJ?50?$CJ?$CJ?5?$CG?$CG?5?$CIUrb?9?$DO@ 00000000000077b0     EhciDxe:EhciUrb.obj
 0002:00000be8       ??_C@_0BE@JGHFACAL@Hub?5?$CB?$DN?5?$CI?$CIvoid?5?$CK?$CJ?50?$CJ@ 00000000000077e8     EhciDxe:EhciUrb.obj
 0002:00000c00       ??_C@_0DF@FLGAGDDG@d?3?2edk2?2edk2?2MdeModulePkg?2Bus?2P@ 0000000000007800     EhciDxe:UsbHcMem.obj
 0002:00000c38       ??_C@_0DC@CNNOCMEJ@?$CIPool?5?$CB?$DN?5?$CI?$CIvoid?5?$CK?$CJ?50?$CJ?$CJ?5?$CG?$CG?5?$CIBloc@ 0000000000007838     EhciDxe:UsbHcMem.obj
 0002:00000c70       ??_C@_0BN@OMBIEECJ@?$CIBlock?5?$CB?$DN?50?$CJ?5?$CG?$CG?5?$CIUnits?5?$CB?$DN?50?$CJ@ 0000000000007870     EhciDxe:UsbHcMem.obj
 0002:00000c90       ??_C@_0FF@OFHMFIGA@?$CB?$CI?$CIBOOLEAN?$CJ?$CI?$CI?$CIBlock?9?$DOBits?$FLByte?$FN@ 0000000000007890     EhciDxe:UsbHcMem.obj
 0002:00000ce8       ??_C@_0BI@BGPKDIHO@?$CIBlock?5?$CB?$DN?5?$CI?$CIvoid?5?$CK?$CJ?50?$CJ?$CJ@ 00000000000078e8     EhciDxe:UsbHcMem.obj
 0002:00000d00       ??_C@_0DC@EAPIJOJM@?$CIHead?5?$CB?$DN?5?$CI?$CIvoid?5?$CK?$CJ?50?$CJ?$CJ?5?$CG?$CG?5?$CIBloc@ 0000000000007900     EhciDxe:UsbHcMem.obj
 0002:00000d38       ??_C@_0DK@PAHHKOCO@?$CIHead?5?$CB?$DN?5?$CI?$CIvoid?5?$CK?$CJ?50?$CJ?$CJ?5?$CG?$CG?5?$CIBloc@ 0000000000007938     EhciDxe:UsbHcMem.obj
 0002:00000d78       ??_C@_0BL@MJPAGONO@Pool?9?$DOHead?5?$CB?$DN?5?$CI?$CIvoid?5?$CK?$CJ?50?$CJ@ 0000000000007978     EhciDxe:UsbHcMem.obj
 0002:00000d98       ??_C@_0BF@FBEMMEEB@Head?5?$CB?$DN?5?$CI?$CIvoid?5?$CK?$CJ?50?$CJ@ 0000000000007998     EhciDxe:UsbHcMem.obj
 0002:00000db0       ??_C@_0CM@NABJHJIO@UsbHcAllocateMem?3?5failed?5to?5all@ 00000000000079b0     EhciDxe:UsbHcMem.obj
 0002:00000de0       ??_C@_0FE@FKGLAPJI@?$CI?$CIBOOLEAN?$CJ?$CI?$CI?$CIBlock?9?$DOBits?$FLByte?$FN?$CJ@ 00000000000079e0     EhciDxe:UsbHcMem.obj
 0002:00000e38       ??_C@_0BG@MJAHJKJ@Block?5?$CB?$DN?5?$CI?$CIvoid?5?$CK?$CJ?50?$CJ@ 0000000000007a38     EhciDxe:UsbHcMem.obj
 0002:00000e50       ??_C@_09OKOADAML@?5?5Do_Ping@ 0000000000007a50     EhciDxe:EhciDebug.obj
 0002:00000e60       ??_C@_08ELMKOBHJ@?5?5Do_Out@ 0000000000007a60     EhciDxe:EhciDebug.obj
 0002:00000e70       ??_C@_07FDJJPBEA@?5?5Do_CS@ 0000000000007a70     EhciDxe:EhciDebug.obj
 0002:00000e78       ??_C@_07EPLPFCDA@?5?5Do_SS@ 0000000000007a78     EhciDxe:EhciDebug.obj
 0002:00000e80       ??_C@_0BB@MHHIFBCC@?5?5Transfer_Error@ 0000000000007a80     EhciDxe:EhciDebug.obj
 0002:00000e98       ??_C@_0P@GKPDNHFC@?5?5Babble_Error@ 0000000000007a98     EhciDxe:EhciDebug.obj
 0002:00000ea8       ??_C@_0P@GACFMEA@?5?5Buffer_Error@ 0000000000007aa8     EhciDxe:EhciDebug.obj
 0002:00000eb8       ??_C@_08CBCPOGKK@?5?5Halted@ 0000000000007ab8     EhciDxe:EhciDebug.obj
 0002:00000ec8       ??_C@_08MOHHNBL@?5?5Active@ 0000000000007ac8     EhciDxe:EhciDebug.obj
 0002:00000ed4       ??_C@_01EEMJAFIK@?6@       0000000000007ad4     EhciDxe:EhciDebug.obj
 0002:00000ed8       ??_C@_0CB@ENNKJBHM@Queue?5TD?5?$EA?50x?$CFp?0?5data?5length?5?$CFd@ 0000000000007ad8     EhciDxe:EhciDebug.obj
 0002:00000f00       ??_C@_0BD@JAONAODI@Next?5QTD?5?5?5?5?5?3?5?$CFx?6@ 0000000000007b00     EhciDxe:EhciDebug.obj
 0002:00000f18       ??_C@_0BD@HICHDBBA@AltNext?5QTD?5?5?3?5?$CFx?6@ 0000000000007b18     EhciDxe:EhciDebug.obj
 0002:00000f30       ??_C@_0BD@MDJPPFPN@Status?5?5?5?5?5?5?5?3?5?$CFx?6@ 0000000000007b30     EhciDxe:EhciDebug.obj
 0002:00000f48       ??_C@_0BG@JCACKFIC@PID?5?5?5?5?5?5?5?5?5?5?3?5Setup?6@ 0000000000007b48     EhciDxe:EhciDebug.obj
 0002:00000f60       ??_C@_0BD@JBIAGHGE@PID?5?5?5?5?5?5?5?5?5?5?3?5IN?6@ 0000000000007b60     EhciDxe:EhciDebug.obj
 0002:00000f78       ??_C@_0BE@NONLOLCI@PID?5?5?5?5?5?5?5?5?5?5?3?5OUT?6@ 0000000000007b78     EhciDxe:EhciDebug.obj
 0002:00000f90       ??_C@_0BD@DJPHNNON@Error?5Count?5?5?3?5?$CFd?6@ 0000000000007b90     EhciDxe:EhciDebug.obj
 0002:00000fa8       ??_C@_0BD@DFCEJLKK@Current?5Page?5?3?5?$CFd?6@ 0000000000007ba8     EhciDxe:EhciDebug.obj
 0002:00000fc0       ??_C@_0BD@DGEFIKPA@IOC?5?5?5?5?5?5?5?5?5?5?3?5?$CFd?6@ 0000000000007bc0     EhciDxe:EhciDebug.obj
 0002:00000fd8       ??_C@_0BD@GNEEOLLC@Total?5Bytes?5?5?3?5?$CFd?6@ 0000000000007bd8     EhciDxe:EhciDebug.obj
 0002:00000ff0       ??_C@_0BD@BOEGILGE@Data?5Toggle?5?5?3?5?$CFd?6@ 0000000000007bf0     EhciDxe:EhciDebug.obj
 0002:00001008       ??_C@_0BG@HDFLOJON@Page?$FL?$CFd?$FN?5?5?5?5?5?5?3?50x?$CFx?6@ 0000000000007c08     EhciDxe:EhciDebug.obj
 0002:00001020       ??_C@_0CN@HPCADCIK@Queue?5head?5?$EA?50x?$CFp?0?5interval?5?$CFld@ 0000000000007c20     EhciDxe:EhciDebug.obj
 0002:00001050       ??_C@_0BE@OCKEGPG@Hoziontal?5link?3?5?$CFx?6@ 0000000000007c50     EhciDxe:EhciDebug.obj
 0002:00001068       ??_C@_0BE@OCPMNKEI@Device?5address?3?5?$CFd?6@ 0000000000007c68     EhciDxe:EhciDebug.obj
 0002:00001080       ??_C@_0BE@PHCELKIO@Inactive?5?5?5?5?5?5?3?5?$CFd?6@ 0000000000007c80     EhciDxe:EhciDebug.obj
 0002:00001098       ??_C@_0BE@EJICDKGI@EP?5number?5?5?5?5?5?3?5?$CFd?6@ 0000000000007c98     EhciDxe:EhciDebug.obj
 0002:000010b0       ??_C@_0BE@JBKGKGEA@EP?5speed?5?5?5?5?5?5?3?5?$CFd?6@ 0000000000007cb0     EhciDxe:EhciDebug.obj
 0002:000010c8       ??_C@_0BE@MNDLPBHH@DT?5control?5?5?5?5?3?5?$CFd?6@ 0000000000007cc8     EhciDxe:EhciDebug.obj
 0002:000010e0       ??_C@_0BE@DKBBMFCO@Reclaim?5head?5?5?3?5?$CFd?6@ 0000000000007ce0     EhciDxe:EhciDebug.obj
 0002:000010f8       ??_C@_0BE@MCNDPNF@Max?5packet?5len?3?5?$CFd?6@ 0000000000007cf8     EhciDxe:EhciDebug.obj
 0002:00001110       ??_C@_0BE@IIJNIKCO@Ctrl?5EP?5?5?5?5?5?5?5?3?5?$CFd?6@ 0000000000007d10     EhciDxe:EhciDebug.obj
 0002:00001128       ??_C@_0BE@BMEPKAAP@Nak?5reload?5?5?5?5?3?5?$CFd?6@ 0000000000007d28     EhciDxe:EhciDebug.obj
 0002:00001140       ??_C@_0BE@GMGHBFGE@SMask?5?5?5?5?5?5?5?5?5?3?5?$CFx?6@ 0000000000007d40     EhciDxe:EhciDebug.obj
 0002:00001158       ??_C@_0BE@IMKBLOEB@CMask?5?5?5?5?5?5?5?5?5?3?5?$CFx?6@ 0000000000007d58     EhciDxe:EhciDebug.obj
 0002:00001170       ??_C@_0BE@PKMLENLF@Hub?5address?5?5?5?3?5?$CFd?6@ 0000000000007d70     EhciDxe:EhciDebug.obj
 0002:00001188       ??_C@_0BE@EJFKKKMN@Hub?5port?5?5?5?5?5?5?3?5?$CFd?6@ 0000000000007d88     EhciDxe:EhciDebug.obj
 0002:000011a0       ??_C@_0BE@LPEENEMC@Multiplier?5?5?5?5?3?5?$CFd?6@ 0000000000007da0     EhciDxe:EhciDebug.obj
 0002:000011b8       ??_C@_0BE@HBJEIIJP@Cur?5QTD?5?5?5?5?5?5?5?3?5?$CFx?6@ 0000000000007db8     EhciDxe:EhciDebug.obj
 0002:000011d0       ??_C@_0BE@BFGMLLFG@Next?5QTD?5?5?5?5?5?5?3?5?$CFx?6@ 0000000000007dd0     EhciDxe:EhciDebug.obj
 0002:000011e8       ??_C@_0BE@CADBNJJD@AltNext?5QTD?5?5?5?3?5?$CFx?6@ 0000000000007de8     EhciDxe:EhciDebug.obj
 0002:00001200       ??_C@_0BE@PODBPPJC@Status?5?5?5?5?5?5?5?5?3?5?$CFx?6@ 0000000000007e00     EhciDxe:EhciDebug.obj
 0002:00001218       ??_C@_0BH@ICJHDCMM@PID?5?5?5?5?5?5?5?5?5?5?5?3?5Setup?6@ 0000000000007e18     EhciDxe:EhciDebug.obj
 0002:00001230       ??_C@_0BE@KPCECHEI@PID?5?5?5?5?5?5?5?5?5?5?5?3?5IN?6@ 0000000000007e30     EhciDxe:EhciDebug.obj
 0002:00001248       ??_C@_0BF@OMDNCDIL@PID?5?5?5?5?5?5?5?5?5?5?5?3?5OUT?6@ 0000000000007e48     EhciDxe:EhciDebug.obj
 0002:00001260       ??_C@_0BE@OMIPDFON@Error?5Count?5?5?5?3?5?$CFd?6@ 0000000000007e60     EhciDxe:EhciDebug.obj
 0002:00001278       ??_C@_0BE@EDLDCJI@Current?5Page?5?5?3?5?$CFd?6@ 0000000000007e78     EhciDxe:EhciDebug.obj
 0002:00001290       ??_C@_0BE@IPIGOLGD@IOC?5?5?5?5?5?5?5?5?5?5?5?3?5?$CFd?6@ 0000000000007e90     EhciDxe:EhciDebug.obj
 0002:000012a8       ??_C@_0BE@BHAPMKLO@Total?5Bytes?5?5?5?3?5?$CFd?6@ 0000000000007ea8     EhciDxe:EhciDebug.obj
 0002:000012c0       ??_C@_0BE@HIMMLPDP@Data?5Toggle?5?5?5?3?5?$CFd?6@ 0000000000007ec0     EhciDxe:EhciDebug.obj
 0002:000012d8       ??_C@_0BH@NKPGLMFO@Page?$FL?$CFd?$FN?5?5?5?5?5?5?5?3?50x?$CFx?6@ 0000000000007ed8     EhciDxe:EhciDebug.obj
 0002:000012f0       ??_C@_0ED@MKGCMJG@?$CILength?5?9?51?$CJ?5?$DM?$DN?5?$CI0xFFFFFFFFFFFF@ 0000000000007ef0     BaseMemoryLibRepStr:CopyMemWrapper.obj
 0002:00001340       ??_C@_0EB@LOHEEPCE@d?3?2edk2?2edk2?2MdePkg?2Library?2Bas@ 0000000000007f40     BaseMemoryLibRepStr:CopyMemWrapper.obj
 0002:00001388       ??_C@_0DO@MAOBOFEG@?$CILength?5?9?51?$CJ?5?$DM?$DN?5?$CI0xFFFFFFFFFFFF@ 0000000000007f88     BaseMemoryLibRepStr:CopyMemWrapper.obj
 0002:000013c8       ??_C@_0BH@IACGKAP@Buffer?5?$CB?$DN?5?$CI?$CIvoid?5?$CK?$CJ?50?$CJ@ 0000000000007fc8     BaseMemoryLibRepStr:ZeroMemWrapper.obj
 0002:000013e0       ??_C@_0EB@KNGCOOD@d?3?2edk2?2edk2?2MdePkg?2Library?2Bas@ 0000000000007fe0     BaseMemoryLibRepStr:ZeroMemWrapper.obj
 0002:00001428       ??_C@_0DG@EEENIGGL@Length?5?$DM?$DN?5?$CI0xFFFFFFFFFFFFFFFFUL@ 0000000000008028     BaseMemoryLibRepStr:ZeroMemWrapper.obj
 0002:00001460       ??_C@_0BF@NJNGJMPC@List?5?$CB?$DN?5?$CI?$CIvoid?5?$CK?$CJ?50?$CJ@ 0000000000008060     BaseLib:LinkedList.obj
 0002:00001478       ??_C@_0DB@MIDNNFCL@d?3?2edk2?2edk2?2MdePkg?2Library?2Bas@ 0000000000008078     BaseLib:LinkedList.obj
 0002:000014b0       ??_C@_0CC@KDLPLAED@List?9?$DOForwardLink?5?$CB?$DN?5?$CI?$CIvoid?5?$CK?$CJ?5@ 00000000000080b0     BaseLib:LinkedList.obj
 0002:000014d8       ??_C@_0BP@IJJCCMAK@List?9?$DOBackLink?5?$CB?$DN?5?$CI?$CIvoid?5?$CK?$CJ?50?$CJ@ 00000000000080d8     BaseLib:LinkedList.obj
 0002:000014f8       ??_C@_0BJ@NJABNCDK@ListHead?5?$CB?$DN?5?$CI?$CIvoid?5?$CK?$CJ?50?$CJ@ 00000000000080f8     BaseLib:LinkedList.obj
 0002:00001518       ??_C@_0CG@LGIALJFK@InternalBaseLibIsListValid?5?$CILis@ 0000000000008118     BaseLib:LinkedList.obj
 0002:00001540       ??_C@_0BF@NMBJJECB@?$CBIsListEmpty?5?$CIEntry?$CJ@ 0000000000008140     BaseLib:LinkedList.obj
 0002:00001558       ??_C@_0BH@LKMBFCBF@Format?5?$CB?$DN?5?$CI?$CIvoid?5?$CK?$CJ?50?$CJ@ 0000000000008158     BaseDebugLibSerialPort:DebugLib.obj
 0002:00001570       ??_C@_0DO@CKBIDOOL@d?3?2edk2?2edk2?2MdePkg?2Library?2Bas@ 0000000000008170     BaseDebugLibSerialPort:DebugLib.obj
 0002:000015b0       ??_C@_0BI@NOCKJDBJ@ASSERT?5?$FL?$CFa?$FN?5?$CFa?$CI?$CFd?$CJ?3?5?$CFa?6@ 00000000000081b0     BaseDebugLibSerialPort:DebugLib.obj
 0002:000015c8       ??_C@_0BN@COECPDCC@gImageHandle?5?$CB?$DN?5?$CI?$CIvoid?5?$CK?$CJ?50?$CJ@ 00000000000081c8     UefiBootServicesTableLib:UefiBootServicesTableLib.obj
 0002:000015f0       ??_C@_0FA@FOIHGFBE@d?3?2edk2?2edk2?2MdePkg?2Library?2Uef@ 00000000000081f0     UefiBootServicesTableLib:UefiBootServicesTableLib.obj
 0002:00001640       ??_C@_0BE@DGNHAHIL@gST?5?$CB?$DN?5?$CI?$CIvoid?5?$CK?$CJ?50?$CJ@ 0000000000008240     UefiBootServicesTableLib:UefiBootServicesTableLib.obj
 0002:00001658       ??_C@_0BE@BDFJLGLN@gBS?5?$CB?$DN?5?$CI?$CIvoid?5?$CK?$CJ?50?$CJ@ 0000000000008258     UefiBootServicesTableLib:UefiBootServicesTableLib.obj
 0002:00001670       ??_C@_0EK@GCCICMAJ@d?3?2edk2?2edk2?2MdePkg?2Library?2Uef@ 0000000000008270     UefiMemoryAllocationLib:MemoryAllocationLib.obj
 0002:000016c0       ??_C@_0DO@GEEICOOO@AllocationSize?5?$DM?$DN?5?$CI0xFFFFFFFFFF@ 00000000000082c0     UefiMemoryAllocationLib:MemoryAllocationLib.obj
 0002:00001700       ??_C@_0BE@OBDFIHND@gRT?5?$CB?$DN?5?$CI?$CIvoid?5?$CK?$CJ?50?$CJ@ 0000000000008300     UefiRuntimeServicesTableLib:UefiRuntimeServicesTableLib.obj
 0002:00001720       ??_C@_0FG@JGJCMPKB@d?3?2edk2?2edk2?2MdePkg?2Library?2Uef@ 0000000000008320     UefiRuntimeServicesTableLib:UefiRuntimeServicesTableLib.obj
 0002:00001780       ??_C@_0FE@ELFDCAAP@d?3?2edk2?2edk2?2MdePkg?2Library?2Uef@ 0000000000008380     UefiDevicePathLibDevicePathProtocol:UefiDevicePathLib.obj
 0002:000017d8       ??_C@_0DC@CNNBPJA@mDevicePathLibDevicePathUtiliti@ 00000000000083d8     UefiDevicePathLibDevicePathProtocol:UefiDevicePathLib.obj
 0002:00001810       ??_C@_0BL@JFODOCGB@DevicePath?5?$CB?$DN?5?$CI?$CIvoid?5?$CK?$CJ?50?$CJ@ 0000000000008410     UefiDevicePathLibDevicePathProtocol:UefiDevicePathLib.obj
 0002:00001830       ??_C@_0DG@PIJIOFBF@d?3?2edk2?2edk2?2MdePkg?2Library?2Uef@ 0000000000008430     UefiLib:UefiDriverModel.obj
 0002:00001870       ??_C@_0EP@LHIPOJFB@d?3?2edk2?2edk2?2MdeModulePkg?2Libra@ 0000000000008470     DxeReportStatusCodeLib:ReportStatusCodeLib.obj
 0002:000018c0       ??_C@_0BN@HMHGLLOO@ExtendedData?5?$CB?$DN?5?$CI?$CIvoid?5?$CK?$CJ?50?$CJ@ 00000000000084c0     DxeReportStatusCodeLib:ReportStatusCodeLib.obj
 0002:000018e0       ??_C@_0BG@BPIKKLEE@ExtendedDataSize?5?$CB?$DN?50@ 00000000000084e0     DxeReportStatusCodeLib:ReportStatusCodeLib.obj
 0002:000018f8       ??_C@_0DN@HHIHPHHB@?$CB?$CI?$CIExtendedData?5?$DN?$DN?5?$CI?$CIvoid?5?$CK?$CJ?50?$CJ@ 00000000000084f8     DxeReportStatusCodeLib:ReportStatusCodeLib.obj
 0002:00001938       ??_C@_0DN@BBBIFINB@?$CB?$CI?$CIExtendedData?5?$CB?$DN?5?$CI?$CIvoid?5?$CK?$CJ?50?$CJ@ 0000000000008538     DxeReportStatusCodeLib:ReportStatusCodeLib.obj
 0002:00001978       ??_C@_0BH@MAAHKCPC@String?5?$CB?$DN?5?$CI?$CIvoid?5?$CK?$CJ?50?$CJ@ 0000000000008578     BaseLib:String.obj
 0002:00001990       ??_C@_0CN@LHBFELAO@d?3?2edk2?2edk2?2MdePkg?2Library?2Bas@ 0000000000008590     BaseLib:String.obj
 0002:000019c0       ??_C@_0CC@GFNLNIOC@?$CI?$CIUINTN?$CJString?5?$CG?50x00000001?$CJ?5?$DN?$DN@ 00000000000085c0     BaseLib:String.obj
 0002:000019e8       ??_C@_0DK@EOJCOAME@Length?5?$DM?5_gPcd_FixedAtBuild_Pcd@ 00000000000085e8     BaseLib:String.obj
 0002:00001a28       ??_C@_0DI@MDIKFADO@Length?5?$DM?5_gPcd_FixedAtBuild_Pcd@ 0000000000008628     BaseLib:String.obj
 0002:00001a60       ??_C@_0BL@IKFBNFIL@AsciiStrSize?5?$CIFirstString?$CJ@ 0000000000008660     BaseLib:String.obj
 0002:00001a80       ??_C@_0BM@EDNOKLLE@AsciiStrSize?5?$CISecondString?$CJ@ 0000000000008680     BaseLib:String.obj
 0002:00001aa0       ??_C@_0DJ@JJHGIFMP@Length?5?$DM?$DN?5_gPcd_FixedAtBuild_Pc@ 00000000000086a0     BaseLib:String.obj
 0002:00001ae0       ??_C@_0DA@BDDONMJM@d?3?2edk2?2edk2?2MdePkg?2Library?2Bas@ 00000000000086e0     BaseLib:Unaligned.obj
 0002:00001b10       ??_C@_0DB@PKFMPMPC@d?3?2edk2?2edk2?2MdePkg?2Library?2Bas@ 0000000000008710     BaseLib:SafeString.obj
 0002:00001b48       ??_C@_0BJ@CNKJJNE@?$CIBuffer?5?$CB?$DN?5?$CI?$CIvoid?5?$CK?$CJ?50?$CJ?$CJ@ 0000000000008748     BaseLib:SafeString.obj
 0002:00001b68       ??_C@_0N@KGHEHMDL@Divisor?5?$CB?$DN?50@ 0000000000008768     BaseLib:DivU64x32.obj
 0002:00001b78       ??_C@_0DM@OAJIKNNG@d?3?2edk2?2edk2?2MdePkg?2Library?2Bas@ 0000000000008778     BasePrintLib:PrintLibInternal.obj
 0002:00001bc0       ??_C@_0EB@HDGIDCIO@?$CIBufferSize?5?$DM?$DN?5?$CI_gPcd_FixedAtBu@ 00000000000087c0     BasePrintLib:PrintLibInternal.obj
 0002:00001c08       ??_C@_0BJ@PPAKKDJG@?$CIFormat?5?$CB?$DN?5?$CI?$CIvoid?5?$CK?$CJ?50?$CJ?$CJ@ 0000000000008808     BasePrintLib:PrintLibInternal.obj
 0002:00001c30       ??_C@_0ED@LPDDCECB@?$CIBufferSize?5?$DM?$DN?5?$CI_gPcd_FixedAtBu@ 0000000000008830     BasePrintLib:PrintLibInternal.obj
 0002:00001c80       ??_C@_0IM@BFJJFLGB@?$CIStrnLenS?5?$CI?$CICHAR16?5?$CK?$CJFormat?0?5?$CI_@ 0000000000008880     BasePrintLib:PrintLibInternal.obj
 0002:00001d10       ??_C@_0ID@PLGJGION@?$CIAsciiStrnLenS?5?$CIFormat?0?5?$CI_gPcd_@ 0000000000008910     BasePrintLib:PrintLibInternal.obj
 0002:00001d98       ??_C@_0O@MLOLIMFM@?$DMnull?5string?$DO@ 0000000000008998     BasePrintLib:PrintLibInternal.obj
 0002:00001da8       ??_C@_0M@BJJDNPHK@?$DMnull?5guid?$DO@ 00000000000089a8     BasePrintLib:PrintLibInternal.obj
 0002:00001db8       ??_C@_0DB@PMLHLBMO@?$CF08x?9?$CF04x?9?$CF04x?9?$CF02x?$CF02x?9?$CF02x?$CF02@ 00000000000089b8     BasePrintLib:PrintLibInternal.obj
 0002:00001df0       ??_C@_0M@LHGBCIKM@?$DMnull?5time?$DO@ 00000000000089f0     BasePrintLib:PrintLibInternal.obj
 0002:00001e00       ??_C@_0BK@FCPKCIDD@?$CF02d?1?$CF02d?1?$CF04d?5?5?$CF02d?3?$CF02d@ 0000000000008a00     BasePrintLib:PrintLibInternal.obj
 0002:00001e1c       ??_C@_04JIMNDDED@?$CF08X@  0000000000008a1c     BasePrintLib:PrintLibInternal.obj
 0002:00001e24       ??_C@_02PCIJFNDE@?$AN?6@   0000000000008a24     BasePrintLib:PrintLibInternal.obj
 0002:00001e28       ??_C@_01LIIJDEN@?$AN@      0000000000008a28     BasePrintLib:PrintLibInternal.obj
 0002:00001e30       mWarningString             0000000000008a30     BasePrintLib:PrintLibInternal.obj
 0002:00001ed0       mErrorString               0000000000008ad0     BasePrintLib:PrintLibInternal.obj
 0002:00002190       mHexStr                    0000000000008d90     BasePrintLib:PrintLibInternal.obj
 0002:000021a0       ??_C@_0DJ@FHIMIJAH@d?3?2edk2?2edk2?2MdePkg?2Library?2Bas@ 0000000000008da0     BaseLib:DivU64x32Remainder.obj
 0002:00002230       __volatile_metadata        0000000000008e30     <linker-defined>
 0003:00000000       gEfiStatusCodeSpecificDataGuid 0000000000008fa0     EhciDxe:AutoGen.obj
 0003:00000010       gEfiStatusCodeRuntimeProtocolGuid 0000000000008fb0     EhciDxe:AutoGen.obj
 0003:00000020       gEfiComponentName2ProtocolGuid 0000000000008fc0     EhciDxe:AutoGen.obj
 0003:00000030       gEfiUsb2HcProtocolGuid     0000000000008fd0     EhciDxe:AutoGen.obj
 0003:00000040       gEfiDevicePathProtocolGuid 0000000000008fe0     EhciDxe:AutoGen.obj
 0003:00000050       gEfiPciIoProtocolGuid      0000000000008ff0     EhciDxe:AutoGen.obj
 0003:00000060       gEfiDevicePathUtilitiesProtocolGuid 0000000000009000     EhciDxe:AutoGen.obj
 0003:00000070       gEfiDriverBindingProtocolGuid 0000000000009010     EhciDxe:AutoGen.obj
 0003:00000080       gEfiEventExitBootServicesGuid 0000000000009020     EhciDxe:AutoGen.obj
 0003:00000090       gEfiComponentNameProtocolGuid 0000000000009030     EhciDxe:AutoGen.obj
 0003:000000a0       gEfiCallerIdGuid           0000000000009040     EhciDxe:AutoGen.obj
 0003:000000b0       gEhciDriverBinding         0000000000009050     EhciDxe:Ehci.obj
 0003:000000e0       mUsbPortChangeMap          0000000000009080     EhciDxe:Ehci.obj
 0003:000000f0       mUsbPortStateMap           0000000000009090     EhciDxe:Ehci.obj
 0003:00000110       gEhciComponentName2        00000000000090b0     EhciDxe:ComponentName.obj
 0003:00000128       gEhciComponentName         00000000000090c8     EhciDxe:ComponentName.obj
 0003:00000140       mEhciDriverNameTable       00000000000090e0     EhciDxe:ComponentName.obj
 0003:00000160       gST                        0000000000009100     UefiBootServicesTableLib:UefiBootServicesTableLib.obj
 0003:00000168       gBS                        0000000000009108     UefiBootServicesTableLib:UefiBootServicesTableLib.obj
 0003:00000170       gImageHandle               0000000000009110     UefiBootServicesTableLib:UefiBootServicesTableLib.obj
 0003:00000178       gRT                        0000000000009118     UefiRuntimeServicesTableLib:UefiRuntimeServicesTableLib.obj
 0003:00000180       mDevicePathLibDevicePathUtilities 0000000000009120     UefiDevicePathLibDevicePathProtocol:UefiDevicePathLib.obj
 0003:00000188       mReportStatusCodeLibStatusCodeProtocol 0000000000009128     DxeReportStatusCodeLib:ReportStatusCodeLib.obj
 0003:00000190       gParity                    0000000000009130     PcAtSerialPortLib:SerialPortLib.obj
 0003:00000191       gBreakSet                  0000000000009131     PcAtSerialPortLib:SerialPortLib.obj

 entry point at        0001:000000c4

 Static symbols

 0001:0000001a       InternalMemCopyMem.0       00000000000002da     BaseMemoryLibRepStr:CopyMem.obj
 0001:0000002a       @CopyBackward              00000000000002ea     BaseMemoryLibRepStr:CopyMem.obj
 0001:00000033       @CopyBytes                 00000000000002f3     BaseMemoryLibRepStr:CopyMem.obj
 0005:00000000       $unwind$_ModuleEntryPoint  0000000000009540     UefiDriverEntryPoint:DriverEntryPoint.obj
 0005:00000008       $unwind$ProcessLibraryConstructorList 0000000000009548     EhciDxe:AutoGen.obj
 0005:00000008       $unwind$EhcDumpStatus      0000000000009548     EhciDxe:EhciDebug.obj
 0005:00000008       $unwind$EhcFreeSched       0000000000009548     EhciDxe:EhciSched.obj
 0005:00000008       $unwind$UsbHcGetPciAddressForHostMem 0000000000009548     EhciDxe:UsbHcMem.obj
 0005:00000008       $unwind$InsertHeadList     0000000000009548     BaseLib:LinkedList.obj
 0005:00000008       $unwind$InsertTailList     0000000000009548     BaseLib:LinkedList.obj
 0005:00000008       $unwind$AsciiStrLen        0000000000009548     BaseLib:String.obj
 0005:00000008       $unwind$ZeroMem            0000000000009548     BaseMemoryLibRepStr:ZeroMemWrapper.obj
 0005:00000008       $unwind$InternalAllocateCopyPool 0000000000009548     UefiMemoryAllocationLib:MemoryAllocationLib.obj
 0005:00000014       $unwind$EhcClearRootHubPortFeature 0000000000009554     EhciDxe:Ehci.obj
 0005:00000014       $unwind$EhcGetCapability   0000000000009554     EhciDxe:Ehci.obj
 0005:0000002c       $unwind$EhcReset           000000000000956c     EhciDxe:Ehci.obj
 0005:0000002c       $unwind$EhcWaitOpRegBit    000000000000956c     EhciDxe:EhciReg.obj
 0005:0000002c       $unwind$EhcExecTransfer    000000000000956c     EhciDxe:EhciSched.obj
 0005:0000002c       $unwind$EhcLinkQhToPeriod  000000000000956c     EhciDxe:EhciSched.obj
 0005:0000002c       $unwind$EhcCreateQtd       000000000000956c     EhciDxe:EhciUrb.obj
 0005:0000002c       $unwind$UsbHcFreeMem       000000000000956c     EhciDxe:UsbHcMem.obj
 0005:0000002c       $unwind$AddUnicodeString2  000000000000956c     UefiLib:UefiLib.obj
 0005:00000044       $unwind$EhcGetState        0000000000009584     EhciDxe:Ehci.obj
 0005:00000044       $unwind$EhcSetOpRegBit     0000000000009584     EhciDxe:EhciReg.obj
 0005:00000044       $unwind$EhcLinkQhToAsync   0000000000009584     EhciDxe:EhciSched.obj
 0005:00000044       $unwind$EhcUnlinkQhFromPeriod 0000000000009584     EhciDxe:EhciSched.obj
 0005:00000044       $unwind$EhcCreateQh        0000000000009584     EhciDxe:EhciUrb.obj
 0005:00000044       $unwind$EhcFreeUrb         0000000000009584     EhciDxe:EhciUrb.obj
 0005:00000044       $unwind$UsbHcFreeMemBlock  0000000000009584     EhciDxe:UsbHcMem.obj
 0005:00000044       $unwind$UsbHcFreeMemPool   0000000000009584     EhciDxe:UsbHcMem.obj
 0005:00000044       $unwind$AsciiStrnCmp       0000000000009584     BaseLib:String.obj
 0005:00000044       $unwind$StrSize            0000000000009584     BaseLib:String.obj
 0005:00000044       $unwind$CopyGuid           0000000000009584     BaseMemoryLibRepStr:MemLibGuid.obj
 0005:00000044       $unwind$BasePrintLibValueToString 0000000000009584     BasePrintLib:PrintLibInternal.obj
 0005:00000044       $unwind$IsLanguageSupported 0000000000009584     UefiLib:UefiLib.obj
 0005:00000054       $unwind$EhcSetState        0000000000009594     EhciDxe:Ehci.obj
 0005:00000054       $unwind$EhcInitHC          0000000000009594     EhciDxe:EhciReg.obj
 0005:00000054       $unwind$EhcUnlinkQhFromAsync 0000000000009594     EhciDxe:EhciSched.obj
 0005:00000064       $unwind$EhcGetRootHubPortStatus 00000000000095a4     EhciDxe:Ehci.obj
 0005:00000078       $unwind$EhcSetRootHubPortFeature 00000000000095b8     EhciDxe:Ehci.obj
 0005:00000090       $unwind$EhcControlTransfer 00000000000095d0     EhciDxe:Ehci.obj
 0005:000000ac       $unwind$EhcBulkTransfer    00000000000095ec     EhciDxe:Ehci.obj
 0005:000000ac       $unwind$EhcSyncInterruptTransfer 00000000000095ec     EhciDxe:Ehci.obj
 0005:000000c4       $unwind$EhcAsyncInterruptTransfer 0000000000009604     EhciDxe:Ehci.obj
 0005:000000e0       $unwind$EhcDriverBindingSupported 0000000000009620     EhciDxe:Ehci.obj
 0005:000000f0       $unwind$EhcGetUsbDebugPortInfo 0000000000009630     EhciDxe:Ehci.obj
 0005:00000100       $unwind$EhcCreateUsb2Hc    0000000000009640     EhciDxe:Ehci.obj
 0005:00000100       $unwind$EhcDumpQh          0000000000009640     EhciDxe:EhciDebug.obj
 0005:00000118       $unwind$EhcDriverBindingStart 0000000000009658     EhciDxe:Ehci.obj
 0005:00000130       $unwind$EhcDriverBindingStop 0000000000009670     EhciDxe:Ehci.obj
 0005:00000148       $unwind$EhciComponentNameGetDriverName 0000000000009688     EhciDxe:ComponentName.obj
 0005:00000148       $unwind$EhcIsDebugPortInUse 0000000000009688     EhciDxe:EhciReg.obj
 0005:00000150       $unwind$EhciComponentNameGetControllerName 0000000000009690     EhciDxe:ComponentName.obj
 0005:00000164       $unwind$EhcCreateHelpQ     00000000000096a4     EhciDxe:EhciSched.obj
 0005:00000174       $unwind$EhcInitSched       00000000000096b4     EhciDxe:EhciSched.obj
 0005:0000018c       $unwind$EhcCheckUrbResult  00000000000096cc     EhciDxe:EhciSched.obj
 0005:0000018c       $unwind$EhcFreeQtds        00000000000096cc     EhciDxe:EhciUrb.obj
 0005:0000018c       $unwind$CopyMem            00000000000096cc     BaseMemoryLibRepStr:CopyMemWrapper.obj
 0005:000001a0       $unwind$EhciDelAsyncIntTransfer 00000000000096e0     EhciDxe:EhciSched.obj
 0005:000001b4       $unwind$EhciInsertAsyncIntTransfer 00000000000096f4     EhciDxe:EhciSched.obj
 0005:000001cc       $unwind$EhcUpdateAsyncRequest 000000000000970c     EhciDxe:EhciSched.obj
 0005:000001cc       $unwind$InternalBaseLibIsListValid 000000000000970c     BaseLib:LinkedList.obj
 0005:000001cc       $unwind$RemoveEntryList    000000000000970c     BaseLib:LinkedList.obj
 0005:000001cc       $unwind$StrnLenS           000000000000970c     BaseLib:SafeString.obj
 0005:000001d4       $unwind$EhcMonitorAsyncRequests 0000000000009714     EhciDxe:EhciSched.obj
 0005:000001e8       $unwind$EhcReadCapRegister 0000000000009728     EhciDxe:EhciReg.obj
 0005:000001e8       $unwind$EhcResetHC         0000000000009728     EhciDxe:EhciReg.obj
 0005:000001f0       $unwind$EhcHaltHC          0000000000009730     EhciDxe:EhciReg.obj
 0005:000001f0       $unwind$EhcReadOpReg       0000000000009730     EhciDxe:EhciReg.obj
 0005:000001f0       $unwind$InternalReportStatusCode 0000000000009730     DxeReportStatusCodeLib:ReportStatusCodeLib.obj
 0005:000001fc       $unwind$EhcWriteOpReg      000000000000973c     EhciDxe:EhciReg.obj
 0005:00000208       $unwind$EhcCreateQtds      0000000000009748     EhciDxe:EhciUrb.obj
 0005:00000220       $unwind$EhcCreateUrb       0000000000009760     EhciDxe:EhciUrb.obj
 0005:0000023c       $unwind$UsbHcAllocMemBlock 000000000000977c     EhciDxe:UsbHcMem.obj
 0005:00000250       $unwind$UsbHcAllocMemFromBlock 0000000000009790     EhciDxe:UsbHcMem.obj
 0005:0000026c       $unwind$UsbHcAllocateMem   00000000000097ac     EhciDxe:UsbHcMem.obj
 0005:00000288       $unwind$DebugPrint         00000000000097c8     BaseDebugLibSerialPort:DebugLib.obj
 0005:00000290       $unwind$DebugPrintMarker   00000000000097d0     BaseDebugLibSerialPort:DebugLib.obj
 0005:000002a4       $unwind$DebugAssert        00000000000097e4     BaseDebugLibSerialPort:DebugLib.obj
 0005:000002ac       $unwind$FreePool           00000000000097ec     UefiMemoryAllocationLib:MemoryAllocationLib.obj
 0005:000002ac       $unwind$InternalAllocatePool 00000000000097ec     UefiMemoryAllocationLib:MemoryAllocationLib.obj
 0005:000002b4       $unwind$LookupUnicodeString2 00000000000097f4     UefiLib:UefiLib.obj
 0005:000002cc       $unwind$ReportStatusCodeWithDevicePath 000000000000980c     DxeReportStatusCodeLib:ReportStatusCodeLib.obj
 0005:000002e0       $unwind$AsciiSPrint        0000000000009820     BasePrintLib:PrintLib.obj
 0005:000002e8       $unwind$BasePrintLibSPrintMarker 0000000000009828     BasePrintLib:PrintLibInternal.obj
 0005:00000304       $unwind$BasePrintLibSPrint 0000000000009844     BasePrintLib:PrintLibInternal.obj
