 MnpDxe

 Timestamp is 61ee7042 (Mon Jan 24 17:24:18 2022)

 Preferred load address is 0000000000000000

 Start         Length     Name                   Class
 0001:00000000 00000208H .text                   CODE
 0001:00000208 00005999H .text$mn                CODE
 0002:00000000 000001c0H .data                   DATA
 0002:000001c0 00000500H .rdata                  DATA
 0002:000006c0 00000030H .bss                    DATA
 0002:000006f0 00000020H .rdata$voltmd           DATA
 0002:00000710 000000a8H .rdata$zzzdbg           DATA
 0003:00000000 00000360H .pdata                  DATA
 0004:00000000 00000330H .xdata                  DATA

  Address         Publics by Value              Rva+Base               Lib:Object

 0000:00000000       __arm64x_redirection_metadata 0000000000000000     <absolute>
 0000:00000000       __guard_iat_table          0000000000000000     <absolute>
 0000:00000000       __x64_code_ranges_to_entry_points 0000000000000000     <absolute>
 0000:00000000       __guard_fids_count         0000000000000000     <absolute>
 0000:00000000       __arm64x_extra_rfe_table   0000000000000000     <absolute>
 0000:00000000       __hybrid_code_map          0000000000000000     <absolute>
 0000:00000000       __hybrid_code_map_count    0000000000000000     <absolute>
 0000:00000000       __guard_iat_count          0000000000000000     <absolute>
 0000:00000000       __arm64x_extra_rfe_table_size 0000000000000000     <absolute>
 0000:00000000       __guard_longjmp_count      0000000000000000     <absolute>
 0000:00000000       __dynamic_value_reloc_table 0000000000000000     <absolute>
 0000:00000000       __hybrid_auxiliary_iat     0000000000000000     <absolute>
 0000:00000000       __arm64x_native_entrypoint 0000000000000000     <absolute>
 0000:00000000       __guard_eh_cont_table      0000000000000000     <absolute>
 0000:00000000       __x64_code_ranges_to_entry_points_count 0000000000000000     <absolute>
 0000:00000000       __enclave_config           0000000000000000     <absolute>
 0000:00000000       __hybrid_auxiliary_iat_copy 0000000000000000     <absolute>
 0000:00000000       __arm64x_redirection_metadata_count 0000000000000000     <absolute>
 0000:00000000       __guard_longjmp_table      0000000000000000     <absolute>
 0000:00000000       __guard_flags              0000000000000000     <absolute>
 0000:00000000       __guard_eh_cont_count      0000000000000000     <absolute>
 0000:00000000       __AbsoluteZero             0000000000000000     <absolute>
 0000:00000000       __guard_check_icall_a64n_fptr 0000000000000000     <absolute>
 0000:00000000       __guard_fids_table         0000000000000000     <absolute>
 0000:00000000       __ImageBase                0000000000000000     <linker-defined>
 0001:00000000       InternalMemZeroMem         0000000000000280     BaseMemoryLibRepStr:ZeroMem.obj
 0001:00000020       InternalMemCopyMem         00000000000002a0     BaseMemoryLibRepStr:CopyMem.obj
 0001:00000060       InternalMemCompareMem      00000000000002e0     BaseMemoryLibRepStr:CompareMem.obj
 0001:00000080       InternalMemSetMem          0000000000000300     BaseMemoryLibRepStr:SetMem.obj
 0001:000000a0       InternalMemSetMem64        0000000000000320     BaseMemoryLibRepStr:SetMem64.obj
 0001:000000c0       InternalMemSetMem32        0000000000000340     BaseMemoryLibRepStr:SetMem32.obj
 0001:000000e0       CpuPause                   0000000000000360     BaseLib:CpuPause.obj
 0001:000000f0       SevNoRepIo                 0000000000000370     BaseIoLibIntrinsicSev:IoFifoSev.obj
 0001:00000130       IoReadFifo8                00000000000003b0     BaseIoLibIntrinsicSev:IoFifoSev.obj
 0001:00000152       IoReadFifo16               00000000000003d2     BaseIoLibIntrinsicSev:IoFifoSev.obj
 0001:00000178       IoReadFifo32               00000000000003f8     BaseIoLibIntrinsicSev:IoFifoSev.obj
 0001:0000019b       IoWriteFifo8               000000000000041b     BaseIoLibIntrinsicSev:IoFifoSev.obj
 0001:000001bd       IoWriteFifo16              000000000000043d     BaseIoLibIntrinsicSev:IoFifoSev.obj
 0001:000001e3       IoWriteFifo32              0000000000000463     BaseIoLibIntrinsicSev:IoFifoSev.obj
 0001:00000208       _DriverUnloadHandler       0000000000000488 f   UefiDriverEntryPoint:DriverEntryPoint.obj
 0001:0000038c       _ModuleEntryPoint          000000000000060c f   UefiDriverEntryPoint:DriverEntryPoint.obj
 0001:00000484       MnpDestroyServiceDataEntry 0000000000000704 f   MnpDxe:MnpDriver.obj
 0001:00000490       MnpDestroyServiceChildEntry 0000000000000710 f   MnpDxe:MnpDriver.obj
 0001:0000049c       MnpDriverBindingSupported  000000000000071c f   MnpDxe:MnpDriver.obj
 0001:00000508       MnpDriverBindingStart      0000000000000788 f   MnpDxe:MnpDriver.obj
 0001:00000738       MnpDriverBindingStop       00000000000009b8 f   MnpDxe:MnpDriver.obj
 0001:00000878       MnpServiceBindingCreateChild 0000000000000af8 f   MnpDxe:MnpDriver.obj
 0001:00000a44       MnpServiceBindingDestroyChild 0000000000000cc4 f   MnpDxe:MnpDriver.obj
 0001:00000c18       MnpComponentNameGetDriverName 0000000000000e98 f   MnpDxe:ComponentName.obj
 0001:00000c4c       UpdateName                 0000000000000ecc f   MnpDxe:ComponentName.obj
 0001:00000db8       MnpComponentNameGetControllerName 0000000000001038 f   MnpDxe:ComponentName.obj
 0001:00000f54       MnpAddFreeNbuf             00000000000011d4 f   MnpDxe:MnpConfig.obj
 0001:00001028       MnpAllocNbuf               00000000000012a8 f   MnpDxe:MnpConfig.obj
 0001:000010e4       MnpFreeNbuf                0000000000001364 f   MnpDxe:MnpConfig.obj
 0001:00001198       MnpRecycleTxBuf            0000000000001418 f   MnpDxe:MnpConfig.obj
 0001:00001238       MnpInitializeDeviceData    00000000000014b8 f   MnpDxe:MnpConfig.obj
 0001:00001508       MnpDestroyDeviceData       0000000000001788 f   MnpDxe:MnpConfig.obj
 0001:0000160c       MnpCreateServiceData       000000000000188c f   MnpDxe:MnpConfig.obj
 0001:00001774       MnpDestroyServiceData      00000000000019f4 f   MnpDxe:MnpConfig.obj
 0001:00001854       MnpDestoryChildEntry       0000000000001ad4 f   MnpDxe:MnpConfig.obj
 0001:00001864       MnpDestroyServiceChild     0000000000001ae4 f   MnpDxe:MnpConfig.obj
 0001:000018a4       MnpCancelTokens            0000000000001b24 f   MnpDxe:MnpConfig.obj
 0001:00001928       MnpStart                   0000000000001ba8 f   MnpDxe:MnpConfig.obj
 0001:00001a00       MnpFlushRcvdDataQueue      0000000000001c80 f   MnpDxe:MnpConfig.obj
 0001:00001a60       MnpConfigureInstance       0000000000001ce0 f   MnpDxe:MnpConfig.obj
 0001:00001c54       MnpConfigReceiveFilters    0000000000001ed4 f   MnpDxe:MnpConfig.obj
 0001:00001d8c       MnpGroupOpDelCtrlBlk       000000000000200c f   MnpDxe:MnpConfig.obj
 0001:00001e04       MnpGroupOp                 0000000000002084 f   MnpDxe:MnpConfig.obj
 0001:00001f90       MnpCreateVlanChild         0000000000002210 f   MnpDxe:MnpVlan.obj
 0001:00002064       MnpInsertVlanTag           00000000000022e4 f   MnpDxe:MnpVlan.obj
 0001:00002130       MnpCheckVlanVariable       00000000000023b0 f   MnpDxe:MnpVlan.obj
 0001:00002244       MnpGetVlanVariable         00000000000024c4 f   MnpDxe:MnpVlan.obj
 0001:00002358       VlanConfigSet              00000000000025d8 f   MnpDxe:MnpVlan.obj
 0001:00002568       VlanConfigFind             00000000000027e8 f   MnpDxe:MnpVlan.obj
 0001:000026b4       VlanConfigRemove           0000000000002934 f   MnpDxe:MnpVlan.obj
 0001:00002850       MnpBuildTxPacket           0000000000002ad0 f   MnpDxe:MnpIo.obj
 0001:00002a54       MnpSyncSendPacket          0000000000002cd4 f   MnpDxe:MnpIo.obj
 0001:00002bc8       MnpInstanceDeliverPacket   0000000000002e48 f   MnpDxe:MnpIo.obj
 0001:00002d6c       MnpRecycleRxData           0000000000002fec f   MnpDxe:MnpIo.obj
 0001:00002dc8       MnpEnqueuePacket           0000000000003048 f   MnpDxe:MnpIo.obj
 0001:00003098       MnpReceivePacket           0000000000003318 f   MnpDxe:MnpIo.obj
 0001:000032ec       MnpCheckPacketTimeout      000000000000356c f   MnpDxe:MnpIo.obj
 0001:000033c4       MnpCheckMediaStatus        0000000000003644 f   MnpDxe:MnpIo.obj
 0001:000033f0       MnpSystemPoll              0000000000003670 f   MnpDxe:MnpIo.obj
 0001:00003410       MnpGetModeData             0000000000003690 f   MnpDxe:MnpMain.obj
 0001:000034e8       MnpConfigure               0000000000003768 f   MnpDxe:MnpMain.obj
 0001:0000357c       MnpMcastIpToMac            00000000000037fc f   MnpDxe:MnpMain.obj
 0001:000036b8       MnpGroups                  0000000000003938 f   MnpDxe:MnpMain.obj
 0001:00003844       MnpTransmit                0000000000003ac4 f   MnpDxe:MnpMain.obj
 0001:00003988       MnpReceive                 0000000000003c08 f   MnpDxe:MnpMain.obj
 0001:00003aa4       MnpCancel                  0000000000003d24 f   MnpDxe:MnpMain.obj
 0001:00003b58       MnpPoll                    0000000000003dd8 f   MnpDxe:MnpMain.obj
 0001:00003bd4       UnicodeSPrint              0000000000003e54 f   BasePrintLib:PrintLib.obj
 0001:00003c08       BasePrintLibFillBuffer     0000000000003e88 f   BasePrintLib:PrintLibInternal.obj
 0001:00003c3c       BasePrintLibConvertValueToStringS 0000000000003ebc f   BasePrintLib:PrintLibInternal.obj
 0001:00003d90       BasePrintLibSPrintMarker   0000000000004010 f   BasePrintLib:PrintLibInternal.obj
 0001:00004b74       BasePrintLibSPrint         0000000000004df4 f   BasePrintLib:PrintLibInternal.obj
 0001:00004b98       InternalAllocatePool       0000000000004e18 f   UefiMemoryAllocationLib:MemoryAllocationLib.obj
 0001:00004bc8       AllocateZeroPool           0000000000004e48 f   UefiMemoryAllocationLib:MemoryAllocationLib.obj
 0001:00004bf4       InternalAllocateCopyPool   0000000000004e74 f   UefiMemoryAllocationLib:MemoryAllocationLib.obj
 0001:00004c34       DevicePathFromHandle       0000000000004eb4 f   UefiDevicePathLibDevicePathProtocol:UefiDevicePathLib.obj
 0001:00004c68       IsLanguageSupported        0000000000004ee8 f   UefiLib:UefiLib.obj
 0001:00004d0c       LookupUnicodeString2       0000000000004f8c f   UefiLib:UefiLib.obj
 0001:00004e24       AddUnicodeString2          00000000000050a4 f   UefiLib:UefiLib.obj
 0001:00005080       FreeUnicodeStringTable     0000000000005300 f   UefiLib:UefiLib.obj
 0001:000050fc       NetDestroyLinkList         000000000000537c f   DxeNetLib:DxeNetLib.obj
 0001:000051a8       NetMapAllocItem            0000000000005428 f   DxeNetLib:DxeNetLib.obj
 0001:00005218       NetMapIterate              0000000000005498 f   DxeNetLib:DxeNetLib.obj
 0001:0000526c       NetLibGetSnpHandle         00000000000054ec f   DxeNetLib:DxeNetLib.obj
 0001:00005334       NetLibGetMacString         00000000000055b4 f   DxeNetLib:DxeNetLib.obj
 0001:000055d4       NetbufAllocStruct          0000000000005854 f   DxeNetLib:NetBuffer.obj
 0001:00005650       NetbufAlloc                00000000000058d0 f   DxeNetLib:NetBuffer.obj
 0001:000056dc       NetbufFreeVector           000000000000595c f   DxeNetLib:NetBuffer.obj
 0001:00005758       NetbufGetByte              00000000000059d8 f   DxeNetLib:NetBuffer.obj
 0001:000057b4       NetbufAllocSpace           0000000000005a34 f   DxeNetLib:NetBuffer.obj
 0001:000058e0       NetbufTrim                 0000000000005b60 f   DxeNetLib:NetBuffer.obj
 0001:0000599c       NetbufCopy                 0000000000005c1c f   DxeNetLib:NetBuffer.obj
 0001:00005af0       NetbufQueFlush             0000000000005d70 f   DxeNetLib:NetBuffer.obj
 0001:00005b70       StrnLenS                   0000000000005df0 f   BaseLib:SafeString.obj
 0002:00000000       gEfiLoadedImageProtocolGuid 0000000000005e40     MnpDxe:AutoGen.obj
 0002:00000010       gEfiComponentName2ProtocolGuid 0000000000005e50     MnpDxe:AutoGen.obj
 0002:00000020       gEfiVlanConfigProtocolGuid 0000000000005e60     MnpDxe:AutoGen.obj
 0002:00000030       gEfiDevicePathProtocolGuid 0000000000005e70     MnpDxe:AutoGen.obj
 0002:00000040       gEfiSimpleNetworkProtocolGuid 0000000000005e80     MnpDxe:AutoGen.obj
 0002:00000050       gEfiDevicePathUtilitiesProtocolGuid 0000000000005e90     MnpDxe:AutoGen.obj
 0002:00000060       gEfiManagedNetworkServiceBindingProtocolGuid 0000000000005ea0     MnpDxe:AutoGen.obj
 0002:00000070       gEfiDriverBindingProtocolGuid 0000000000005eb0     MnpDxe:AutoGen.obj
 0002:00000080       gEfiComponentNameProtocolGuid 0000000000005ec0     MnpDxe:AutoGen.obj
 0002:00000090       gEfiDpcProtocolGuid        0000000000005ed0     MnpDxe:AutoGen.obj
 0002:000000a0       gEfiManagedNetworkProtocolGuid 0000000000005ee0     MnpDxe:AutoGen.obj
 0002:000000b0       gMnpDriverBinding          0000000000005ef0     MnpDxe:MnpDriver.obj
 0002:000000e0       gMnpComponentName          0000000000005f20     MnpDxe:ComponentName.obj
 0002:000000f8       gMnpComponentName2         0000000000005f38     MnpDxe:ComponentName.obj
 0002:00000110       mMnpDriverNameTable        0000000000005f50     MnpDxe:ComponentName.obj
 0002:00000130       mMnpServiceBindingProtocol 0000000000005f70     MnpDxe:MnpConfig.obj
 0002:00000140       mMnpProtocolTemplate       0000000000005f80     MnpDxe:MnpConfig.obj
 0002:00000180       mMnpDefaultConfigData      0000000000005fc0     MnpDxe:MnpConfig.obj
 0002:00000198       mVlanConfigProtocolTemplate 0000000000005fd8     MnpDxe:MnpVlan.obj
 0002:000001b0       mVlanDevicePathTemplate    0000000000005ff0     MnpDxe:MnpVlan.obj
 0002:000001c0       ??_C@_03LKLGDMJI@eng@      0000000000006000     MnpDxe:ComponentName.obj
 0002:000001c4       ??_C@_02LFNMGJAP@en@       0000000000006004     MnpDxe:ComponentName.obj
 0002:000001c8       ??_C@_06DALJLGPG@eng?$DLen@ 0000000000006008     MnpDxe:ComponentName.obj
 0002:000001d0       ??_C@_1DG@GFGJNJFB@?$AAM?$AAN?$AAP?$AA?5?$AAN?$AAe?$AAt?$AAw?$AAo?$AAr?$AAk?$AA?5?$AAS?$AAe?$AAr@ 0000000000006010     MnpDxe:ComponentName.obj
 0002:00000208       ??_C@_1BE@MONNKLEH@?$AAM?$AAN?$AAP?$AA?5?$AA?$CI?$AAM?$AAA?$AAC?$AA?$DN@ 0000000000006048     MnpDxe:ComponentName.obj
 0002:00000220       ??_C@_1M@BJCGLODJ@?$AA?$CF?$AA0?$AA2?$AAX?$AA?9@ 0000000000006060     MnpDxe:ComponentName.obj
 0002:00000230       ??_C@_1EA@PKIDAHGD@?$AA?0?$AA?5?$AAP?$AAr?$AAo?$AAt?$AAo?$AAc?$AAo?$AAl?$AAT?$AAy?$AAp?$AAe?$AA?$DN@ 0000000000006070     MnpDxe:ComponentName.obj
 0002:00000270       ??_C@_1CE@JLMJFNBP@?$AAM?$AAN?$AAP?$AA?5?$AA?$CI?$AAN?$AAo?$AAt?$AA?5?$AAs?$AAt?$AAa?$AAr?$AAt?$AAe@ 00000000000060b0     MnpDxe:ComponentName.obj
 0002:00000298       ??_C@_0O@MLOLIMFM@?$DMnull?5string?$DO@ 00000000000060d8     BasePrintLib:PrintLibInternal.obj
 0002:000002a8       ??_C@_0M@BJJDNPHK@?$DMnull?5guid?$DO@ 00000000000060e8     BasePrintLib:PrintLibInternal.obj
 0002:000002b8       ??_C@_0DB@PMLHLBMO@?$CF08x?9?$CF04x?9?$CF04x?9?$CF02x?$CF02x?9?$CF02x?$CF02@ 00000000000060f8     BasePrintLib:PrintLibInternal.obj
 0002:000002f0       ??_C@_0M@LHGBCIKM@?$DMnull?5time?$DO@ 0000000000006130     BasePrintLib:PrintLibInternal.obj
 0002:00000300       ??_C@_0BK@FCPKCIDD@?$CF02d?1?$CF02d?1?$CF04d?5?5?$CF02d?3?$CF02d@ 0000000000006140     BasePrintLib:PrintLibInternal.obj
 0002:0000031c       ??_C@_04JIMNDDED@?$CF08X@  000000000000615c     BasePrintLib:PrintLibInternal.obj
 0002:00000324       ??_C@_02PCIJFNDE@?$AN?6@   0000000000006164     BasePrintLib:PrintLibInternal.obj
 0002:00000328       ??_C@_01LIIJDEN@?$AN@      0000000000006168     BasePrintLib:PrintLibInternal.obj
 0002:00000330       mWarningString             0000000000006170     BasePrintLib:PrintLibInternal.obj
 0002:000003d0       mErrorString               0000000000006210     BasePrintLib:PrintLibInternal.obj
 0002:00000690       mHexStr                    00000000000064d0     BasePrintLib:PrintLibInternal.obj
 0002:000006c0       gMnpControllerNameTable    0000000000006500     MnpDxe:ComponentName.obj
 0002:000006c8       gST                        0000000000006508     UefiBootServicesTableLib:UefiBootServicesTableLib.obj
 0002:000006d0       gBS                        0000000000006510     UefiBootServicesTableLib:UefiBootServicesTableLib.obj
 0002:000006d8       mDevicePathLibDevicePathUtilities 0000000000006518     UefiDevicePathLibDevicePathProtocol:UefiDevicePathLib.obj
 0002:000006e0       gRT                        0000000000006520     UefiRuntimeServicesTableLib:UefiRuntimeServicesTableLib.obj
 0002:000006e8       mDpc                       0000000000006528     <common>
 0002:000006f0       __volatile_metadata        0000000000006530     <linker-defined>

 entry point at        0001:0000038c

 Static symbols

 0001:0000003a       InternalMemCopyMem.0       00000000000002ba     BaseMemoryLibRepStr:CopyMem.obj
 0001:0000004a       @CopyBackward              00000000000002ca     BaseMemoryLibRepStr:CopyMem.obj
 0001:00000053       @CopyBytes                 00000000000002d3     BaseMemoryLibRepStr:CopyMem.obj
 0001:0000012a       @UseRepIo                  00000000000003aa     BaseIoLibIntrinsicSev:IoFifoSev.obj
 0001:0000012c       @SevNoRepIo_Done           00000000000003ac     BaseIoLibIntrinsicSev:IoFifoSev.obj
 0001:00000144       @IoReadFifo8_NoRep         00000000000003c4     BaseIoLibIntrinsicSev:IoFifoSev.obj
 0001:00000146       @IoReadFifo8_Loop          00000000000003c6     BaseIoLibIntrinsicSev:IoFifoSev.obj
 0001:0000014e       @IoReadFifo8_Done          00000000000003ce     BaseIoLibIntrinsicSev:IoFifoSev.obj
 0001:00000167       @IoReadFifo16_NoRep        00000000000003e7     BaseIoLibIntrinsicSev:IoFifoSev.obj
 0001:00000169       @IoReadFifo16_Loop         00000000000003e9     BaseIoLibIntrinsicSev:IoFifoSev.obj
 0001:00000174       @IoReadFifo16_Done         00000000000003f4     BaseIoLibIntrinsicSev:IoFifoSev.obj
 0001:0000018c       @IoReadFifo32_NoRep        000000000000040c     BaseIoLibIntrinsicSev:IoFifoSev.obj
 0001:0000018e       @IoReadFifo32_Loop         000000000000040e     BaseIoLibIntrinsicSev:IoFifoSev.obj
 0001:00000197       @IoReadFifo32_Done         0000000000000417     BaseIoLibIntrinsicSev:IoFifoSev.obj
 0001:000001af       @IoWriteFifo8_NoRep        000000000000042f     BaseIoLibIntrinsicSev:IoFifoSev.obj
 0001:000001b1       @IoWriteFifo8_Loop         0000000000000431     BaseIoLibIntrinsicSev:IoFifoSev.obj
 0001:000001b9       @IoWriteFifo8_Done         0000000000000439     BaseIoLibIntrinsicSev:IoFifoSev.obj
 0001:000001d2       @IoWriteFifo16_NoRep       0000000000000452     BaseIoLibIntrinsicSev:IoFifoSev.obj
 0001:000001d4       @IoWriteFifo16_Loop        0000000000000454     BaseIoLibIntrinsicSev:IoFifoSev.obj
 0001:000001df       @IoWriteFifo16_Done        000000000000045f     BaseIoLibIntrinsicSev:IoFifoSev.obj
 0001:000001f7       @IoWriteFifo32_NoRep       0000000000000477     BaseIoLibIntrinsicSev:IoFifoSev.obj
 0001:000001f9       @IoWriteFifo32_Loop        0000000000000479     BaseIoLibIntrinsicSev:IoFifoSev.obj
 0001:00000202       @IoWriteFifo32_Done        0000000000000482     BaseIoLibIntrinsicSev:IoFifoSev.obj
 0004:00000000       $unwind$_DriverUnloadHandler 0000000000006960     UefiDriverEntryPoint:DriverEntryPoint.obj
 0004:00000010       $unwind$_ModuleEntryPoint  0000000000006970     UefiDriverEntryPoint:DriverEntryPoint.obj
 0004:0000001c       $unwind$MnpDriverBindingSupported 000000000000697c     MnpDxe:MnpDriver.obj
 0004:00000028       $unwind$MnpDriverBindingStart 0000000000006988     MnpDxe:MnpDriver.obj
 0004:00000040       $unwind$MnpDriverBindingStop 00000000000069a0     MnpDxe:MnpDriver.obj
 0004:00000050       $unwind$MnpServiceBindingCreateChild 00000000000069b0     MnpDxe:MnpDriver.obj
 0004:00000064       $unwind$MnpServiceBindingDestroyChild 00000000000069c4     MnpDxe:MnpDriver.obj
 0004:0000007c       $unwind$MnpComponentNameGetDriverName 00000000000069dc     MnpDxe:ComponentName.obj
 0004:00000084       $unwind$UpdateName         00000000000069e4     MnpDxe:ComponentName.obj
 0004:0000009c       $unwind$MnpComponentNameGetControllerName 00000000000069fc     MnpDxe:ComponentName.obj
 0004:000000b0       $unwind$AddUnicodeString2  0000000000006a10     UefiLib:UefiLib.obj
 0004:000000b0       $unwind$MnpAddFreeNbuf     0000000000006a10     MnpDxe:MnpConfig.obj
 0004:000000c8       $unwind$FreeUnicodeStringTable 0000000000006a28     UefiLib:UefiLib.obj
 0004:000000c8       $unwind$LookupUnicodeString2 0000000000006a28     UefiLib:UefiLib.obj
 0004:000000c8       $unwind$NetbufAlloc        0000000000006a28     DxeNetLib:NetBuffer.obj
 0004:000000c8       $unwind$MnpAllocNbuf       0000000000006a28     MnpDxe:MnpConfig.obj
 0004:000000c8       $unwind$MnpDestroyServiceData 0000000000006a28     MnpDxe:MnpConfig.obj
 0004:000000c8       $unwind$MnpFlushRcvdDataQueue 0000000000006a28     MnpDxe:MnpConfig.obj
 0004:000000c8       $unwind$MnpFreeNbuf        0000000000006a28     MnpDxe:MnpConfig.obj
 0004:000000c8       $unwind$MnpStart           0000000000006a28     MnpDxe:MnpConfig.obj
 0004:000000c8       $unwind$MnpCancel          0000000000006a28     MnpDxe:MnpMain.obj
 0004:000000d8       $unwind$MnpRecycleTxBuf    0000000000006a38     MnpDxe:MnpConfig.obj
 0004:000000e8       $unwind$MnpInitializeDeviceData 0000000000006a48     MnpDxe:MnpConfig.obj
 0004:00000100       $unwind$NetMapIterate      0000000000006a60     DxeNetLib:DxeNetLib.obj
 0004:00000100       $unwind$NetbufQueFlush     0000000000006a60     DxeNetLib:NetBuffer.obj
 0004:00000100       $unwind$MnpDestroyDeviceData 0000000000006a60     MnpDxe:MnpConfig.obj
 0004:00000100       $unwind$MnpConfigure       0000000000006a60     MnpDxe:MnpMain.obj
 0004:00000100       $unwind$MnpReceive         0000000000006a60     MnpDxe:MnpMain.obj
 0004:00000100       $unwind$MnpInsertVlanTag   0000000000006a60     MnpDxe:MnpVlan.obj
 0004:00000100       $unwind$VlanConfigFind     0000000000006a60     MnpDxe:MnpVlan.obj
 0004:00000114       $unwind$MnpCreateServiceData 0000000000006a74     MnpDxe:MnpConfig.obj
 0004:0000012c       $unwind$DevicePathFromHandle 0000000000006a8c     UefiDevicePathLibDevicePathProtocol:UefiDevicePathLib.obj
 0004:0000012c       $unwind$InternalAllocatePool 0000000000006a8c     UefiMemoryAllocationLib:MemoryAllocationLib.obj
 0004:0000012c       $unwind$MnpDestroyServiceChild 0000000000006a8c     MnpDxe:MnpConfig.obj
 0004:0000012c       $unwind$MnpCheckMediaStatus 0000000000006a8c     MnpDxe:MnpIo.obj
 0004:0000012c       $unwind$MnpSystemPoll      0000000000006a8c     MnpDxe:MnpIo.obj
 0004:00000134       $unwind$InternalAllocateCopyPool 0000000000006a94     UefiMemoryAllocationLib:MemoryAllocationLib.obj
 0004:00000134       $unwind$NetMapAllocItem    0000000000006a94     DxeNetLib:DxeNetLib.obj
 0004:00000134       $unwind$NetbufAllocStruct  0000000000006a94     DxeNetLib:NetBuffer.obj
 0004:00000134       $unwind$NetbufFreeVector   0000000000006a94     DxeNetLib:NetBuffer.obj
 0004:00000134       $unwind$MnpCancelTokens    0000000000006a94     MnpDxe:MnpConfig.obj
 0004:00000134       $unwind$MnpGroupOpDelCtrlBlk 0000000000006a94     MnpDxe:MnpConfig.obj
 0004:00000134       $unwind$MnpPoll            0000000000006a94     MnpDxe:MnpMain.obj
 0004:00000140       $unwind$MnpConfigureInstance 0000000000006aa0     MnpDxe:MnpConfig.obj
 0004:00000140       $unwind$MnpCheckPacketTimeout 0000000000006aa0     MnpDxe:MnpIo.obj
 0004:0000015c       $unwind$MnpConfigReceiveFilters 0000000000006abc     MnpDxe:MnpConfig.obj
 0004:00000174       $unwind$MnpGroupOp         0000000000006ad4     MnpDxe:MnpConfig.obj
 0004:00000190       $unwind$MnpCreateVlanChild 0000000000006af0     MnpDxe:MnpVlan.obj
 0004:0000019c       $unwind$MnpCheckVlanVariable 0000000000006afc     MnpDxe:MnpVlan.obj
 0004:000001b4       $unwind$MnpGetVlanVariable 0000000000006b14     MnpDxe:MnpVlan.obj
 0004:000001c8       $unwind$VlanConfigSet      0000000000006b28     MnpDxe:MnpVlan.obj
 0004:000001e0       $unwind$VlanConfigRemove   0000000000006b40     MnpDxe:MnpVlan.obj
 0004:000001f8       $unwind$MnpBuildTxPacket   0000000000006b58     MnpDxe:MnpIo.obj
 0004:00000214       $unwind$MnpSyncSendPacket  0000000000006b74     MnpDxe:MnpIo.obj
 0004:0000022c       $unwind$NetDestroyLinkList 0000000000006b8c     DxeNetLib:DxeNetLib.obj
 0004:0000022c       $unwind$NetbufCopy         0000000000006b8c     DxeNetLib:NetBuffer.obj
 0004:0000022c       $unwind$MnpInstanceDeliverPacket 0000000000006b8c     MnpDxe:MnpIo.obj
 0004:0000022c       $unwind$MnpMcastIpToMac    0000000000006b8c     MnpDxe:MnpMain.obj
 0004:00000244       $unwind$AllocateZeroPool   0000000000006ba4     UefiMemoryAllocationLib:MemoryAllocationLib.obj
 0004:00000244       $unwind$MnpRecycleRxData   0000000000006ba4     MnpDxe:MnpIo.obj
 0004:0000024c       $unwind$MnpEnqueuePacket   0000000000006bac     MnpDxe:MnpIo.obj
 0004:00000264       $unwind$MnpReceivePacket   0000000000006bc4     MnpDxe:MnpIo.obj
 0004:0000027c       $unwind$MnpGetModeData     0000000000006bdc     MnpDxe:MnpMain.obj
 0004:00000290       $unwind$MnpGroups          0000000000006bf0     MnpDxe:MnpMain.obj
 0004:000002a8       $unwind$MnpTransmit        0000000000006c08     MnpDxe:MnpMain.obj
 0004:000002bc       $unwind$UnicodeSPrint      0000000000006c1c     BasePrintLib:PrintLib.obj
 0004:000002c4       $unwind$BasePrintLibConvertValueToStringS 0000000000006c24     BasePrintLib:PrintLibInternal.obj
 0004:000002d4       $unwind$BasePrintLibSPrintMarker 0000000000006c34     BasePrintLib:PrintLibInternal.obj
 0004:000002f0       $unwind$BasePrintLibSPrint 0000000000006c50     BasePrintLib:PrintLibInternal.obj
 0004:000002f8       $unwind$NetLibGetSnpHandle 0000000000006c58     DxeNetLib:DxeNetLib.obj
 0004:00000304       $unwind$NetLibGetMacString 0000000000006c64     DxeNetLib:DxeNetLib.obj
 0004:00000320       $unwind$NetbufAllocSpace   0000000000006c80     DxeNetLib:NetBuffer.obj
