 LogoDxe

 Timestamp is 62b57316 (Fri Jun 24 16:17:26 2022)

 Preferred load address is 0000000000000000

 Start         Length     Name                   Class
 0001:00000000 000000c4H .text                   CODE
 0001:000000c4 000014baH .text$mn                CODE
 0002:00000000 000009e0H .rdata                  DATA
 0002:000009e0 00000020H .rdata$voltmd           DATA
 0002:00000a00 00000154H .rdata$zzzdbg           DATA
 0003:00000000 00000060H .data                   DATA
 0003:00000060 00000030H .bss                    DATA
 0004:00000000 00000084H .pdata                  DATA
 0005:00000000 00000080H .xdata                  DATA
 0006:00000000 00000060H .rsrc$01                DATA
 0006:00000060 00002ef0H .rsrc$02                DATA

  Address         Publics by Value              Rva+Base               Lib:Object

 0000:00000000       __guard_longjmp_table      0000000000000000     <absolute>
 0000:00000000       __x64_code_ranges_to_entry_points_count 0000000000000000     <absolute>
 0000:00000000       __guard_fids_count         0000000000000000     <absolute>
 0000:00000000       __arm64x_extra_rfe_table   0000000000000000     <absolute>
 0000:00000000       __hybrid_code_map_count    0000000000000000     <absolute>
 0000:00000000       __arm64x_redirection_metadata 0000000000000000     <absolute>
 0000:00000000       __guard_iat_table          0000000000000000     <absolute>
 0000:00000000       __hybrid_code_map          0000000000000000     <absolute>
 0000:00000000       __guard_iat_count          0000000000000000     <absolute>
 0000:00000000       __arm64x_extra_rfe_table_size 0000000000000000     <absolute>
 0000:00000000       __guard_longjmp_count      0000000000000000     <absolute>
 0000:00000000       __arm64x_native_entrypoint 0000000000000000     <absolute>
 0000:00000000       __dynamic_value_reloc_table 0000000000000000     <absolute>
 0000:00000000       __hybrid_auxiliary_iat     0000000000000000     <absolute>
 0000:00000000       __guard_eh_cont_table      0000000000000000     <absolute>
 0000:00000000       __hybrid_auxiliary_iat_copy 0000000000000000     <absolute>
 0000:00000000       __AbsoluteZero             0000000000000000     <absolute>
 0000:00000000       __guard_flags              0000000000000000     <absolute>
 0000:00000000       __guard_check_icall_a64n_fptr 0000000000000000     <absolute>
 0000:00000000       __enclave_config           0000000000000000     <absolute>
 0000:00000000       __guard_eh_cont_count      0000000000000000     <absolute>
 0000:00000000       __arm64x_redirection_metadata_count 0000000000000000     <absolute>
 0000:00000000       __guard_fids_table         0000000000000000     <absolute>
 0000:00000000       __x64_code_ranges_to_entry_points 0000000000000000     <absolute>
 0001:00000000       CpuPause                   00000000000002e0     BaseLib:CpuPause.obj
 0001:00000010       InternalMemSetMem          00000000000002f0     BaseMemoryLibRepStr:SetMem.obj
 0001:00000030       InternalMemCopyMem         0000000000000310     BaseMemoryLibRepStr:CopyMem.obj
 0001:00000070       InternalMemZeroMem         0000000000000350     BaseMemoryLibRepStr:ZeroMem.obj
 0001:00000090       InternalMemSetMem64        0000000000000370     BaseMemoryLibRepStr:SetMem64.obj
 0001:000000b0       InternalMemSetMem32        0000000000000390     BaseMemoryLibRepStr:SetMem32.obj
 0001:000000c4       _ModuleEntryPoint          00000000000003a4 f   UefiDriverEntryPoint:DriverEntryPoint.obj
 0001:00000198       ProcessModuleEntryPointList 0000000000000478 f   LogoDxe:AutoGen.obj
 0001:000002e8       GetImage                   00000000000005c8 f   LogoDxe:Logo.obj
 0001:00000374       DebugPrint                 0000000000000654 f   BaseDebugLibSerialPort:DebugLib.obj
 0001:00000398       DebugPrintMarker           0000000000000678 f   BaseDebugLibSerialPort:DebugLib.obj
 0001:00000448       DebugAssert                0000000000000728 f   BaseDebugLibSerialPort:DebugLib.obj
 0001:000004c0       AsciiStrLen                00000000000007a0 f   BaseLib:String.obj
 0001:0000052c       StrnLenS                   000000000000080c f   BaseLib:SafeString.obj
 0001:00000584       AsciiSPrint                0000000000000864 f   BasePrintLib:PrintLib.obj
 0001:000005b0       BasePrintLibFillBuffer     0000000000000890 f   BasePrintLib:PrintLibInternal.obj
 0001:000005e4       BasePrintLibValueToString  00000000000008c4 f   BasePrintLib:PrintLibInternal.obj
 0001:00000650       BasePrintLibSPrintMarker   0000000000000930 f   BasePrintLib:PrintLibInternal.obj
 0001:0000155c       BasePrintLibSPrint         000000000000183c f   BasePrintLib:PrintLibInternal.obj
 0002:00000000       ??_C@_0CB@DMEJJJHA@?6ASSERT_EFI_ERROR?5?$CIStatus?5?$DN?5?$CFr?$CJ@ 0000000000001860     UefiDriverEntryPoint:DriverEntryPoint.obj
 0002:00000028       ??_C@_0CH@BBNBJKHK@?$CB?$CI?$CI?$CIINTN?$CJ?$CIRETURN_STATUS?$CJ?$CIStatus@ 0000000000001888     UefiDriverEntryPoint:DriverEntryPoint.obj
 0002:00000050       ??_C@_07MBJMHNCG@LogoDxe@  00000000000018b0     LogoDxe:AutoGen.obj
 0002:00000058       ??_C@_0CG@HHEOANNJ@d?3?2edk2?2edk2?2MdeModulePkg?2Logo?2@ 00000000000018b8     LogoDxe:Logo.obj
 0002:00000080       ??_C@_0ED@EIEOFIPN@HII?5Image?5Package?5with?5logo?5not@ 00000000000018e0     LogoDxe:Logo.obj
 0002:000000c8       ??_C@_0BH@LKMBFCBF@Format?5?$CB?$DN?5?$CI?$CIvoid?5?$CK?$CJ?50?$CJ@ 0000000000001928     BaseDebugLibSerialPort:DebugLib.obj
 0002:000000e0       ??_C@_0DO@CKBIDOOL@d?3?2edk2?2edk2?2MdePkg?2Library?2Bas@ 0000000000001940     BaseDebugLibSerialPort:DebugLib.obj
 0002:00000120       ??_C@_0BI@NOCKJDBJ@ASSERT?5?$FL?$CFa?$FN?5?$CFa?$CI?$CFd?$CJ?3?5?$CFa?6@ 0000000000001980     BaseDebugLibSerialPort:DebugLib.obj
 0002:00000138       ??_C@_0BH@IACGKAP@Buffer?5?$CB?$DN?5?$CI?$CIvoid?5?$CK?$CJ?50?$CJ@ 0000000000001998     BaseDebugLibSerialPort:DebugLib.obj
 0002:00000150       ??_C@_0BN@COECPDCC@gImageHandle?5?$CB?$DN?5?$CI?$CIvoid?5?$CK?$CJ?50?$CJ@ 00000000000019b0     UefiBootServicesTableLib:UefiBootServicesTableLib.obj
 0002:00000170       ??_C@_0FA@FOIHGFBE@d?3?2edk2?2edk2?2MdePkg?2Library?2Uef@ 00000000000019d0     UefiBootServicesTableLib:UefiBootServicesTableLib.obj
 0002:000001c0       ??_C@_0BE@DGNHAHIL@gST?5?$CB?$DN?5?$CI?$CIvoid?5?$CK?$CJ?50?$CJ@ 0000000000001a20     UefiBootServicesTableLib:UefiBootServicesTableLib.obj
 0002:000001d8       ??_C@_0BE@BDFJLGLN@gBS?5?$CB?$DN?5?$CI?$CIvoid?5?$CK?$CJ?50?$CJ@ 0000000000001a38     UefiBootServicesTableLib:UefiBootServicesTableLib.obj
 0002:000001f0       ??_C@_0BH@MAAHKCPC@String?5?$CB?$DN?5?$CI?$CIvoid?5?$CK?$CJ?50?$CJ@ 0000000000001a50     BaseLib:String.obj
 0002:00000208       ??_C@_0CN@LHBFELAO@d?3?2edk2?2edk2?2MdePkg?2Library?2Bas@ 0000000000001a68     BaseLib:String.obj
 0002:00000238       ??_C@_0CC@GFNLNIOC@?$CI?$CIUINTN?$CJString?5?$CG?50x00000001?$CJ?5?$DN?$DN@ 0000000000001a98     BaseLib:String.obj
 0002:00000260       ??_C@_0DI@MDIKFADO@Length?5?$DM?5_gPcd_FixedAtBuild_Pcd@ 0000000000001ac0     BaseLib:String.obj
 0002:00000298       ??_C@_0DB@PKFMPMPC@d?3?2edk2?2edk2?2MdePkg?2Library?2Bas@ 0000000000001af8     BaseLib:SafeString.obj
 0002:000002d0       ??_C@_0BJ@CNKJJNE@?$CIBuffer?5?$CB?$DN?5?$CI?$CIvoid?5?$CK?$CJ?50?$CJ?$CJ@ 0000000000001b30     BaseLib:SafeString.obj
 0002:000002f0       ??_C@_0N@KGHEHMDL@Divisor?5?$CB?$DN?50@ 0000000000001b50     BaseLib:DivU64x32.obj
 0002:00000300       ??_C@_0DM@OAJIKNNG@d?3?2edk2?2edk2?2MdePkg?2Library?2Bas@ 0000000000001b60     BasePrintLib:PrintLibInternal.obj
 0002:00000340       ??_C@_0EB@HDGIDCIO@?$CIBufferSize?5?$DM?$DN?5?$CI_gPcd_FixedAtBu@ 0000000000001ba0     BasePrintLib:PrintLibInternal.obj
 0002:00000388       ??_C@_0BJ@PPAKKDJG@?$CIFormat?5?$CB?$DN?5?$CI?$CIvoid?5?$CK?$CJ?50?$CJ?$CJ@ 0000000000001be8     BasePrintLib:PrintLibInternal.obj
 0002:000003b0       ??_C@_0ED@LPDDCECB@?$CIBufferSize?5?$DM?$DN?5?$CI_gPcd_FixedAtBu@ 0000000000001c10     BasePrintLib:PrintLibInternal.obj
 0002:00000400       ??_C@_0IM@BFJJFLGB@?$CIStrnLenS?5?$CI?$CICHAR16?5?$CK?$CJFormat?0?5?$CI_@ 0000000000001c60     BasePrintLib:PrintLibInternal.obj
 0002:00000490       ??_C@_0ID@PLGJGION@?$CIAsciiStrnLenS?5?$CIFormat?0?5?$CI_gPcd_@ 0000000000001cf0     BasePrintLib:PrintLibInternal.obj
 0002:00000518       ??_C@_0O@MLOLIMFM@?$DMnull?5string?$DO@ 0000000000001d78     BasePrintLib:PrintLibInternal.obj
 0002:00000528       ??_C@_0M@BJJDNPHK@?$DMnull?5guid?$DO@ 0000000000001d88     BasePrintLib:PrintLibInternal.obj
 0002:00000538       ??_C@_0DB@PMLHLBMO@?$CF08x?9?$CF04x?9?$CF04x?9?$CF02x?$CF02x?9?$CF02x?$CF02@ 0000000000001d98     BasePrintLib:PrintLibInternal.obj
 0002:00000570       ??_C@_0M@LHGBCIKM@?$DMnull?5time?$DO@ 0000000000001dd0     BasePrintLib:PrintLibInternal.obj
 0002:00000580       ??_C@_0BK@FCPKCIDD@?$CF02d?1?$CF02d?1?$CF04d?5?5?$CF02d?3?$CF02d@ 0000000000001de0     BasePrintLib:PrintLibInternal.obj
 0002:0000059c       ??_C@_04JIMNDDED@?$CF08X@  0000000000001dfc     BasePrintLib:PrintLibInternal.obj
 0002:000005a4       ??_C@_02PCIJFNDE@?$AN?6@   0000000000001e04     BasePrintLib:PrintLibInternal.obj
 0002:000005a8       ??_C@_01LIIJDEN@?$AN@      0000000000001e08     BasePrintLib:PrintLibInternal.obj
 0002:000005b0       mWarningString             0000000000001e10     BasePrintLib:PrintLibInternal.obj
 0002:00000650       mErrorString               0000000000001eb0     BasePrintLib:PrintLibInternal.obj
 0002:00000910       mHexStr                    0000000000002170     BasePrintLib:PrintLibInternal.obj
 0002:00000920       ??_C@_0DA@BDDONMJM@d?3?2edk2?2edk2?2MdePkg?2Library?2Bas@ 0000000000002180     BaseLib:Unaligned.obj
 0002:00000950       ??_C@_0DJ@FHIMIJAH@d?3?2edk2?2edk2?2MdePkg?2Library?2Bas@ 00000000000021b0     BaseLib:DivU64x32Remainder.obj
 0002:000009e0       __volatile_metadata        0000000000002240     <linker-defined>
 0003:00000000       gEdkiiPlatformLogoProtocolGuid 00000000000023c0     LogoDxe:AutoGen.obj
 0003:00000010       gEfiHiiPackageListProtocolGuid 00000000000023d0     LogoDxe:AutoGen.obj
 0003:00000020       gEfiHiiImageExProtocolGuid 00000000000023e0     LogoDxe:AutoGen.obj
 0003:00000030       gEfiHiiDatabaseProtocolGuid 00000000000023f0     LogoDxe:AutoGen.obj
 0003:00000040       mPlatformLogo              0000000000002400     LogoDxe:Logo.obj
 0003:00000048       mLogos                     0000000000002408     LogoDxe:Logo.obj
 0003:00000060       gST                        0000000000002420     UefiBootServicesTableLib:UefiBootServicesTableLib.obj
 0003:00000068       gBS                        0000000000002428     UefiBootServicesTableLib:UefiBootServicesTableLib.obj
 0003:00000070       gImageHandle               0000000000002430     UefiBootServicesTableLib:UefiBootServicesTableLib.obj
 0003:00000078       gParity                    0000000000002438     PcAtSerialPortLib:SerialPortLib.obj
 0003:00000079       gBreakSet                  0000000000002439     PcAtSerialPortLib:SerialPortLib.obj
 0003:00000080       mHiiImageEx                0000000000002440     <common>
 0003:00000088       mHiiHandle                 0000000000002448     <common>

 entry point at        0001:000000c4

 Static symbols

 0001:0000004a       InternalMemCopyMem.0       000000000000032a     BaseMemoryLibRepStr:CopyMem.obj
 0001:0000005a       @CopyBackward              000000000000033a     BaseMemoryLibRepStr:CopyMem.obj
 0001:00000063       @CopyBytes                 0000000000000343     BaseMemoryLibRepStr:CopyMem.obj
 0005:00000000       $unwind$AsciiStrLen        0000000000002500     BaseLib:String.obj
 0005:00000000       $unwind$_ModuleEntryPoint  0000000000002500     UefiDriverEntryPoint:DriverEntryPoint.obj
 0005:0000000c       $unwind$ProcessModuleEntryPointList 000000000000250c     LogoDxe:AutoGen.obj
 0005:00000018       $unwind$DebugPrint         0000000000002518     BaseDebugLibSerialPort:DebugLib.obj
 0005:00000020       $unwind$DebugPrintMarker   0000000000002520     BaseDebugLibSerialPort:DebugLib.obj
 0005:00000034       $unwind$DebugAssert        0000000000002534     BaseDebugLibSerialPort:DebugLib.obj
 0005:0000003c       $unwind$StrnLenS           000000000000253c     BaseLib:SafeString.obj
 0005:00000044       $unwind$AsciiSPrint        0000000000002544     BasePrintLib:PrintLib.obj
 0005:0000004c       $unwind$BasePrintLibValueToString 000000000000254c     BasePrintLib:PrintLibInternal.obj
 0005:0000005c       $unwind$BasePrintLibSPrintMarker 000000000000255c     BasePrintLib:PrintLibInternal.obj
 0005:00000078       $unwind$BasePrintLibSPrint 0000000000002578     BasePrintLib:PrintLibInternal.obj
 0006:00000060       $R000000                   00000000000025e0     LogoDxehii.lib
