 IScsiDxe

 Timestamp is 61ee7038 (Mon Jan 24 17:24:08 2022)

 Preferred load address is 0000000000000000

 Start         Length     Name                   Class
 0001:00000000 00000258H .text                   CODE
 0001:00000258 000151f7H .text$mn                CODE
 0002:00000000 00001c70H .data                   DATA
 0002:00001c70 00002450H .rdata                  DATA
 0002:000040c0 00000098H .bss                    DATA
 0002:00004158 00000030H .rdata$voltmd           DATA
 0002:00004188 000000a8H .rdata$zzzdbg           DATA
 0003:00000000 00000990H .pdata                  DATA
 0004:00000000 00000958H .xdata                  DATA

  Address         Publics by Value              Rva+Base               Lib:Object

 0000:00000000       __arm64x_redirection_metadata 0000000000000000     <absolute>
 0000:00000000       __guard_iat_count          0000000000000000     <absolute>
 0000:00000000       __dynamic_value_reloc_table 0000000000000000     <absolute>
 0000:00000000       __x64_code_ranges_to_entry_points_count 0000000000000000     <absolute>
 0000:00000000       __hybrid_auxiliary_iat     0000000000000000     <absolute>
 0000:00000000       __guard_iat_table          0000000000000000     <absolute>
 0000:00000000       __hybrid_auxiliary_iat_copy 0000000000000000     <absolute>
 0000:00000000       __guard_longjmp_table      0000000000000000     <absolute>
 0000:00000000       __x64_code_ranges_to_entry_points 0000000000000000     <absolute>
 0000:00000000       __AbsoluteZero             0000000000000000     <absolute>
 0000:00000000       __guard_fids_count         0000000000000000     <absolute>
 0000:00000000       __guard_longjmp_count      0000000000000000     <absolute>
 0000:00000000       __guard_check_icall_a64n_fptr 0000000000000000     <absolute>
 0000:00000000       __arm64x_extra_rfe_table   0000000000000000     <absolute>
 0000:00000000       __guard_fids_table         0000000000000000     <absolute>
 0000:00000000       __hybrid_code_map          0000000000000000     <absolute>
 0000:00000000       __arm64x_extra_rfe_table_size 0000000000000000     <absolute>
 0000:00000000       __arm64x_redirection_metadata_count 0000000000000000     <absolute>
 0000:00000000       __enclave_config           0000000000000000     <absolute>
 0000:00000000       __hybrid_code_map_count    0000000000000000     <absolute>
 0000:00000000       __guard_flags              0000000000000000     <absolute>
 0000:00000000       __guard_eh_cont_count      0000000000000000     <absolute>
 0000:00000000       __guard_eh_cont_table      0000000000000000     <absolute>
 0000:00000000       __arm64x_native_entrypoint 0000000000000000     <absolute>
 0000:00000000       __ImageBase                0000000000000000     <linker-defined>
 0001:00000000       InternalMemCopyMem         00000000000002a0     BaseMemoryLibRepStr:CopyMem.obj
 0001:00000040       InternalMemCompareMem      00000000000002e0     BaseMemoryLibRepStr:CompareMem.obj
 0001:00000060       InternalMemZeroMem         0000000000000300     BaseMemoryLibRepStr:ZeroMem.obj
 0001:00000080       InternalMemSetMem          0000000000000320     BaseMemoryLibRepStr:SetMem.obj
 0001:000000a0       InternalMemSetMem64        0000000000000340     BaseMemoryLibRepStr:SetMem64.obj
 0001:000000c0       InternalMemSetMem32        0000000000000360     BaseMemoryLibRepStr:SetMem32.obj
 0001:000000e0       InternalMemSetMem16        0000000000000380     BaseMemoryLibRepStr:SetMem16.obj
 0001:00000100       CpuPause                   00000000000003a0     BaseLib:CpuPause.obj
 0001:00000110       EnableInterrupts           00000000000003b0     BaseLib:EnableInterrupts.obj
 0001:00000120       DisableInterrupts          00000000000003c0     BaseLib:DisableInterrupts.obj
 0001:00000130       AsmReadEflags              00000000000003d0     BaseLib:ReadEflags.obj
 0001:00000140       SevNoRepIo                 00000000000003e0     BaseIoLibIntrinsicSev:IoFifoSev.obj
 0001:00000180       IoReadFifo8                0000000000000420     BaseIoLibIntrinsicSev:IoFifoSev.obj
 0001:000001a2       IoReadFifo16               0000000000000442     BaseIoLibIntrinsicSev:IoFifoSev.obj
 0001:000001c8       IoReadFifo32               0000000000000468     BaseIoLibIntrinsicSev:IoFifoSev.obj
 0001:000001eb       IoWriteFifo8               000000000000048b     BaseIoLibIntrinsicSev:IoFifoSev.obj
 0001:0000020d       IoWriteFifo16              00000000000004ad     BaseIoLibIntrinsicSev:IoFifoSev.obj
 0001:00000233       IoWriteFifo32              00000000000004d3     BaseIoLibIntrinsicSev:IoFifoSev.obj
 0001:00000258       _DriverUnloadHandler       00000000000004f8 f   UefiDriverEntryPoint:DriverEntryPoint.obj
 0001:00000260       _ModuleEntryPoint          0000000000000500 f   UefiDriverEntryPoint:DriverEntryPoint.obj
 0001:000002a8       ProcessLibraryConstructorList 0000000000000548 f   IScsiDxe:AutoGen.obj
 0001:000003f4       IScsiCheckAip              0000000000000694 f   IScsiDxe:IScsiDriver.obj
 0001:000005c0       IScsiSupported             0000000000000860 f   IScsiDxe:IScsiDriver.obj
 0001:0000075c       IScsiStart                 00000000000009fc f   IScsiDxe:IScsiDriver.obj
 0001:000010e4       IScsiStop                  0000000000001384 f   IScsiDxe:IScsiDriver.obj
 0001:000012cc       IScsiIp4DriverBindingSupported 000000000000156c f   IScsiDxe:IScsiDriver.obj
 0001:000012d4       IScsiIp4DriverBindingStart 0000000000001574 f   IScsiDxe:IScsiDriver.obj
 0001:000012fc       IScsiIp4DriverBindingStop  000000000000159c f   IScsiDxe:IScsiDriver.obj
 0001:00001310       IScsiIp6DriverBindingSupported 00000000000015b0 f   IScsiDxe:IScsiDriver.obj
 0001:00001318       IScsiIp6DriverBindingStart 00000000000015b8 f   IScsiDxe:IScsiDriver.obj
 0001:00001340       IScsiIp6DriverBindingStop  00000000000015e0 f   IScsiDxe:IScsiDriver.obj
 0001:00001354       IScsiUnload                00000000000015f4 f   IScsiDxe:IScsiDriver.obj
 0001:0000165c       IScsiDriverEntryPoint      00000000000018fc f   IScsiDxe:IScsiDriver.obj
 0001:00001924       IScsiCHAPCalculateResponse 0000000000001bc4 f   IScsiDxe:IScsiCHAP.obj
 0001:00001a1c       IScsiCHAPAuthTarget        0000000000001cbc f   IScsiDxe:IScsiCHAP.obj
 0001:00001acc       IScsiCHAPOnRspReceived     0000000000001d6c f   IScsiDxe:IScsiCHAP.obj
 0001:00001dc8       IScsiCHAPToSendReq         0000000000002068 f   IScsiDxe:IScsiCHAP.obj
 0001:00002044       IScsiGetSubnetMaskPrefixLength 00000000000022e4 f   IScsiDxe:IScsiMisc.obj
 0001:00002084       IScsiAsciiStrToLun         0000000000002324 f   IScsiDxe:IScsiMisc.obj
 0001:00002180       IScsiLunToUnicodeStr       0000000000002420 f   IScsiDxe:IScsiMisc.obj
 0001:00002384       IScsiAsciiStrToIp          0000000000002624 f   IScsiDxe:IScsiMisc.obj
 0001:00002414       IScsiMacAddrToStr          00000000000026b4 f   IScsiDxe:IScsiMisc.obj
 0001:000024cc       IScsiBinToHex              000000000000276c f   IScsiDxe:IScsiMisc.obj
 0001:000025a0       IScsiHexToBin              0000000000002840 f   IScsiDxe:IScsiMisc.obj
 0001:0000269c       IScsiNetNtoi               000000000000293c f   IScsiDxe:IScsiMisc.obj
 0001:000026d8       IScsiGenRandom             0000000000002978 f   IScsiDxe:IScsiMisc.obj
 0001:00002780       IScsiCheckIpv6Support      0000000000002a20 f   IScsiDxe:IScsiMisc.obj
 0001:000028fc       IScsiAddNic                0000000000002b9c f   IScsiDxe:IScsiMisc.obj
 0001:00002b18       IScsiRemoveNic             0000000000002db8 f   IScsiDxe:IScsiMisc.obj
 0001:00002cd8       IScsiCreateAttempts        0000000000002f78 f   IScsiDxe:IScsiMisc.obj
 0001:00002e98       IScsiCreateKeywords        0000000000003138 f   IScsiDxe:IScsiMisc.obj
 0001:00003cb0       IScsiGetVariableAndSize    0000000000003f50 f   IScsiDxe:IScsiMisc.obj
 0001:00003d5c       IScsiCreateDriverData      0000000000003ffc f   IScsiDxe:IScsiMisc.obj
 0001:00003e3c       IScsiCleanDriverData       00000000000040dc f   IScsiDxe:IScsiMisc.obj
 0001:00003efc       IScsiDhcpIsConfigured      000000000000419c f   IScsiDxe:IScsiMisc.obj
 0001:000040b4       IScsiDnsIsConfigured       0000000000004354 f   IScsiDxe:IScsiMisc.obj
 0001:00004228       IScsiGetConfigData         00000000000044c8 f   IScsiDxe:IScsiMisc.obj
 0001:00004804       IScsiGetTcpConnDevicePath  0000000000004aa4 f   IScsiDxe:IScsiMisc.obj
 0001:00004964       IScsiOnExitBootService     0000000000004c04 f   IScsiDxe:IScsiMisc.obj
 0001:00004998       IScsiTestManagedDevice     0000000000004c38 f   IScsiDxe:IScsiMisc.obj
 0001:00004a40       IScsiComponentNameGetDriverName 0000000000004ce0 f   IScsiDxe:ComponentName.obj
 0001:00004a74       IScsiComponentNameGetControllerName 0000000000004d14 f   IScsiDxe:ComponentName.obj
 0001:00004c7c       IScsiIpToStr               0000000000004f1c f   IScsiDxe:IScsiConfig.obj
 0001:00004e30       IpIsUnicast                00000000000050d0 f   IScsiDxe:IScsiConfig.obj
 0001:00004e94       IScsiParseIsIdFromString   0000000000005134 f   IScsiDxe:IScsiConfig.obj
 0001:00004fcc       IScsiConvertIsIdToString   000000000000526c f   IScsiDxe:IScsiConfig.obj
 0001:00005050       IScsiGetValue              00000000000052f0 f   IScsiDxe:IScsiConfig.obj
 0001:000051d4       IScsiConfigGetAttemptByConfigIndex 0000000000005474 f   IScsiDxe:IScsiConfig.obj
 0001:000051f8       IScsiGetAttemptIndexList   0000000000005498 f   IScsiDxe:IScsiConfig.obj
 0001:00005298       IScsiConvertAttemptConfigDataToIfrNvData 0000000000005538 f   IScsiDxe:IScsiConfig.obj
 0001:00005540       IScsiConvertAttemptConfigDataToIfrNvDataByKeyword 00000000000057e0 f   IScsiDxe:IScsiConfig.obj
 0001:00005a54       IScsiConvertIfrNvDataToAttemptConfigData 0000000000005cf4 f   IScsiDxe:IScsiConfig.obj
 0001:000061b8       IScsiConvertlfrNvDataToAttemptConfigDataByKeyword 0000000000006458 f   IScsiDxe:IScsiConfig.obj
 0001:00006d84       IScsiCreateOpCode          0000000000007024 f   IScsiDxe:IScsiConfig.obj
 0001:00006e7c       IScsiConfigUpdateAttempt   000000000000711c f   IScsiDxe:IScsiConfig.obj
 0001:00006f7c       IScsiConfigAddAttempt      000000000000721c f   IScsiDxe:IScsiConfig.obj
 0001:00007114       IScsiConfigAddAttemptsByKeywords 00000000000073b4 f   IScsiDxe:IScsiConfig.obj
 0001:00007450       IScsiConfigDeleteAttempts  00000000000076f0 f   IScsiDxe:IScsiConfig.obj
 0001:00007704       IScsiConfigDisplayDeleteAttempts 00000000000079a4 f   IScsiDxe:IScsiConfig.obj
 0001:0000786c       IScsiConfigDisplayOrderAttempts 0000000000007b0c f   IScsiDxe:IScsiConfig.obj
 0001:00007a00       IScsiConfigOrderAttempts   0000000000007ca0 f   IScsiDxe:IScsiConfig.obj
 0001:00007b7c       IScsiConfigProcessDefault  0000000000007e1c f   IScsiDxe:IScsiConfig.obj
 0001:00007e24       IScsiFormExtractConfig     00000000000080c4 f   IScsiDxe:IScsiConfig.obj
 0001:00008094       IScsiFormRouteConfig       0000000000008334 f   IScsiDxe:IScsiConfig.obj
 0001:00008444       IScsiFormCallback          00000000000086e4 f   IScsiDxe:IScsiConfig.obj
 0001:00008e84       IScsiConfigFormInit        0000000000009124 f   IScsiDxe:IScsiConfig.obj
 0001:00008fa0       IScsiConfigFormUnload      0000000000009240 f   IScsiDxe:IScsiConfig.obj
 0001:000090bc       IScsiCheckSN               000000000000935c f   IScsiDxe:IScsiProto.obj
 0001:00009100       IScsiUpdateCmdSN           00000000000093a0 f   IScsiDxe:IScsiProto.obj
 0001:00009184       IScsiConnReset             0000000000009424 f   IScsiDxe:IScsiProto.obj
 0001:00009218       IScsiCreateConnection      00000000000094b8 f   IScsiDxe:IScsiProto.obj
 0001:00009464       IScsiGetIp6NicInfo         0000000000009704 f   IScsiDxe:IScsiProto.obj
 0001:000096dc       IScsiSessionLogin          000000000000997c f   IScsiDxe:IScsiProto.obj
 0001:00009a68       IScsiSessionReLogin        0000000000009d08 f   IScsiDxe:IScsiProto.obj
 0001:00009b28       IScsiSendLoginReq          0000000000009dc8 f   IScsiDxe:IScsiProto.obj
 0001:00009cdc       IScsiAddKeyValuePair       0000000000009f7c f   IScsiDxe:IScsiProto.obj
 0001:00009e00       IScsiProcessLoginRsp       000000000000a0a0 f   IScsiDxe:IScsiProto.obj
 0001:0000a120       IScsiUpdateTargetAddress   000000000000a3c0 f   IScsiDxe:IScsiProto.obj
 0001:0000a31c       IScsiFreeNbufList          000000000000a5bc f   IScsiDxe:IScsiProto.obj
 0001:0000a340       IScsiNbufExtFree           000000000000a5e0 f   IScsiDxe:IScsiProto.obj
 0001:0000a344       IScsiReceivePdu            000000000000a5e4 f   IScsiDxe:IScsiProto.obj
 0001:0000a5c4       IScsiCheckOpParams         000000000000a864 f   IScsiDxe:IScsiProto.obj
 0001:0000aa94       IScsiFillOpParams          000000000000ad34 f   IScsiDxe:IScsiProto.obj
 0001:0000adac       IScsiBuildKeyValueList     000000000000b04c f   IScsiDxe:IScsiProto.obj
 0001:0000ae9c       IScsiGetValueByKeyFromList 000000000000b13c f   IScsiDxe:IScsiProto.obj
 0001:0000af1c       IScsiFreeKeyValueList      000000000000b1bc f   IScsiDxe:IScsiProto.obj
 0001:0000af68       IScsiNormalizeName         000000000000b208 f   IScsiDxe:IScsiProto.obj
 0001:0000afe8       IScsiNewTcb                000000000000b288 f   IScsiDxe:IScsiProto.obj
 0001:0000b0b8       IScsiNewDataSegment        000000000000b358 f   IScsiDxe:IScsiProto.obj
 0001:0000b108       IScsiNewScsiCmdPdu         000000000000b3a8 f   IScsiDxe:IScsiProto.obj
 0001:0000b438       IScsiNewDataOutPdu         000000000000b6d8 f   IScsiDxe:IScsiProto.obj
 0001:0000b61c       IScsiSendDataOutPduSequence 000000000000b8bc f   IScsiDxe:IScsiProto.obj
 0001:0000b740       IScsiOnDataInRcvd          000000000000b9e0 f   IScsiDxe:IScsiProto.obj
 0001:0000b900       IScsiOnR2TRcvd             000000000000bba0 f   IScsiDxe:IScsiProto.obj
 0001:0000ba80       IScsiOnScsiRspRcvd         000000000000bd20 f   IScsiDxe:IScsiProto.obj
 0001:0000bcf8       IScsiOnNopInRcvd           000000000000bf98 f   IScsiDxe:IScsiProto.obj
 0001:0000bdc4       IScsiExecuteScsiCommand    000000000000c064 f   IScsiDxe:IScsiProto.obj
 0001:0000c0bc       IScsiSessionInit           000000000000c35c f   IScsiDxe:IScsiProto.obj
 0001:0000c160       IScsiSessionAbort          000000000000c400 f   IScsiDxe:IScsiProto.obj
 0001:0000c258       IScsiGetAuthenticationInfo 000000000000c4f8 f   IScsiDxe:IScsiAuthenticationInfo.obj
 0001:0000c264       IScsiExtScsiPassThruResetTargetLun 000000000000c504 f   IScsiDxe:IScsiExtScsiPassThru.obj
 0001:0000c264       IScsiSetAuthenticationInfo 000000000000c504 f   IScsiDxe:IScsiAuthenticationInfo.obj
 0001:0000c264       IScsiExtScsiPassThruResetChannel 000000000000c504 f   IScsiDxe:IScsiExtScsiPassThru.obj
 0001:0000c270       IScsiGetInitiatorName      000000000000c510 f   IScsiDxe:IScsiInitiatorName.obj
 0001:0000c2b4       IScsiSetInitiatorName      000000000000c554 f   IScsiDxe:IScsiInitiatorName.obj
 0001:0000c32c       IScsiInitIbfTableHeader    000000000000c5cc f   IScsiDxe:IScsiIbft.obj
 0001:0000c388       IScsiAddHeapItem           000000000000c628 f   IScsiDxe:IScsiIbft.obj
 0001:0000c3c8       IScsiMapV4ToV6Addr         000000000000c668 f   IScsiDxe:IScsiIbft.obj
 0001:0000c410       IScsiFillNICAndTargetSections 000000000000c6b0 f   IScsiDxe:IScsiIbft.obj
 0001:0000c8b4       IScsiPublishIbft           000000000000cb54 f   IScsiDxe:IScsiIbft.obj
 0001:0000cb04       IScsiDhcp6ExtractRootPath  000000000000cda4 f   IScsiDxe:IScsiDhcp6.obj
 0001:0000cea0       IScsiDhcp6ParseReply       000000000000d140 f   IScsiDxe:IScsiDhcp6.obj
 0001:0000d090       IScsiDoDhcp6               000000000000d330 f   IScsiDxe:IScsiDhcp6.obj
 0001:0000d334       IScsiDhcpExtractRootPath   000000000000d5d4 f   IScsiDxe:IScsiDhcp.obj
 0001:0000d650       IScsiDhcpSelectOffer       000000000000d8f0 f   IScsiDxe:IScsiDhcp.obj
 0001:0000d758       IScsiParseDhcpAck          000000000000d9f8 f   IScsiDxe:IScsiDhcp.obj
 0001:0000d928       IScsiDoDhcp                000000000000dbc8 f   IScsiDxe:IScsiDhcp.obj
 0001:0000dba4       IScsiExtScsiPassThruFunction 000000000000de44 f   IScsiDxe:IScsiExtScsiPassThru.obj
 0001:0000dc48       IScsiExtScsiPassThruGetNextTargetLun 000000000000dee8 f   IScsiDxe:IScsiExtScsiPassThru.obj
 0001:0000dd0c       IScsiExtScsiPassThruBuildDevicePath 000000000000dfac f   IScsiDxe:IScsiExtScsiPassThru.obj
 0001:0000de74       IScsiExtScsiPassThruGetTargetLun 000000000000e114 f   IScsiDxe:IScsiExtScsiPassThru.obj
 0001:0000df2c       IScsiExtScsiPassThruGetNextTarget 000000000000e1cc f   IScsiDxe:IScsiExtScsiPassThru.obj
 0001:0000df94       IScsiCommonNotify          000000000000e234 f   IScsiDxe:IScsiDns.obj
 0001:0000df98       IScsiDns4                  000000000000e238 f   IScsiDxe:IScsiDns.obj
 0001:0000e2e8       IScsiDns6                  000000000000e588 f   IScsiDxe:IScsiDns.obj
 0001:0000e5f4       StrCmp                     000000000000e894 f   BaseLib:String.obj
 0001:0000e62c       StrnCmp                    000000000000e8cc f   BaseLib:String.obj
 0001:0000e668       StrStr                     000000000000e908 f   BaseLib:String.obj
 0001:0000e6b8       InternalHexCharToUintn     000000000000e958 f   BaseLib:String.obj
 0001:0000e6e8       StrHexToUint64             000000000000e988 f   BaseLib:String.obj
 0001:0000e7d0       AsciiStrCmp                000000000000ea70 f   BaseLib:String.obj
 0001:0000e800       InternalAsciiHexCharToUintn 000000000000eaa0 f   BaseLib:String.obj
 0001:0000e834       AsciiStrnCmp               000000000000ead4 f   BaseLib:String.obj
 0001:0000e868       AsciiStrHexToUint64        000000000000eb08 f   BaseLib:String.obj
 0001:0000e938       StrnLenS                   000000000000ebd8 f   BaseLib:SafeString.obj
 0001:0000e96c       StrCpyS                    000000000000ec0c f   BaseLib:SafeString.obj
 0001:0000ea00       StrnCpyS                   000000000000eca0 f   BaseLib:SafeString.obj
 0001:0000eaf0       StrCatS                    000000000000ed90 f   BaseLib:SafeString.obj
 0001:0000ebc4       StrDecimalToUintnS         000000000000ee64 f   BaseLib:SafeString.obj
 0001:0000ecbc       StrHexToUintnS             000000000000ef5c f   BaseLib:SafeString.obj
 0001:0000edc0       AsciiStrCpyS               000000000000f060 f   BaseLib:SafeString.obj
 0001:0000ee58       AsciiStrDecimalToUintnS    000000000000f0f8 f   BaseLib:SafeString.obj
 0001:0000ef3c       AsciiStrHexToUintnS        000000000000f1dc f   BaseLib:SafeString.obj
 0001:0000f054       UnicodeStrToAsciiStrS      000000000000f2f4 f   BaseLib:SafeString.obj
 0001:0000f0e4       AsciiStrToUnicodeStrS      000000000000f384 f   BaseLib:SafeString.obj
 0001:0000f180       AsciiStrToIpv6Address      000000000000f420 f   BaseLib:SafeString.obj
 0001:0000f380       UnicodeSPrint              000000000000f620 f   BasePrintLib:PrintLib.obj
 0001:0000f3b4       AsciiSPrint                000000000000f654 f   BasePrintLib:PrintLib.obj
 0001:0000f3e0       BasePrintLibFillBuffer     000000000000f680 f   BasePrintLib:PrintLibInternal.obj
 0001:0000f414       BasePrintLibConvertValueToStringS 000000000000f6b4 f   BasePrintLib:PrintLibInternal.obj
 0001:0000f568       BasePrintLibSPrintMarker   000000000000f808 f   BasePrintLib:PrintLibInternal.obj
 0001:0001034c       BasePrintLibSPrint         00000000000105ec f   BasePrintLib:PrintLibInternal.obj
 0001:00010370       InternalAllocatePool       0000000000010610 f   UefiMemoryAllocationLib:MemoryAllocationLib.obj
 0001:000103a0       AllocateZeroPool           0000000000010640 f   UefiMemoryAllocationLib:MemoryAllocationLib.obj
 0001:000103cc       InternalAllocateCopyPool   000000000001066c f   UefiMemoryAllocationLib:MemoryAllocationLib.obj
 0001:0001040c       InternalReallocatePool     00000000000106ac f   UefiMemoryAllocationLib:MemoryAllocationLib.obj
 0001:0001049c       DevicePathFromHandle       000000000001073c f   UefiDevicePathLibDevicePathProtocol:UefiDevicePathLib.obj
 0001:000104d0       EfiGetSystemConfigurationTable 0000000000010770 f   UefiLib:UefiLib.obj
 0001:00010530       EfiTestChildHandle         00000000000107d0 f   UefiLib:UefiLib.obj
 0001:000105c0       IsLanguageSupported        0000000000010860 f   UefiLib:UefiLib.obj
 0001:00010638       LookupUnicodeString2       00000000000108d8 f   UefiLib:UefiLib.obj
 0001:00010718       AddUnicodeString2          00000000000109b8 f   UefiLib:UefiLib.obj
 0001:0001093c       FreeUnicodeStringTable     0000000000010bdc f   UefiLib:UefiLib.obj
 0001:000109b8       GetVariable2               0000000000010c58 f   UefiLib:UefiLib.obj
 0001:00010a6c       EfiLibInstallDriverBindingComponentName2 0000000000010d0c f   UefiLib:UefiDriverModel.obj
 0001:00010ac4       EfiLibUninstallDriverBindingComponentName2 0000000000010d64 f   UefiLib:UefiDriverModel.obj
 0001:00010b18       UefiLibGetStringWidth      0000000000010db8 f   UefiLib:Console.obj
 0001:00010bc4       CreatePopUp                0000000000010e64 f   UefiLib:Console.obj
 0001:00010f70       AsciiInternalPrint         0000000000011210 f   UefiLib:UefiLibPrint.obj
 0001:00011004       AsciiPrint                 00000000000112a4 f   UefiLib:UefiLibPrint.obj
 0001:00011034       Md5GetContextSize          00000000000112d4 f   BaseCryptLib:CryptMd5.obj
 0001:0001103c       Md5Init                    00000000000112dc f   BaseCryptLib:CryptMd5.obj
 0001:00011080       Md5Update                  0000000000011320 f   BaseCryptLib:CryptMd5.obj
 0001:00011098       Md5Final                   0000000000011338 f   BaseCryptLib:CryptMd5.obj
 0001:000110b4       Sha256GetContextSize       0000000000011354 f   BaseCryptLib:CryptSha256.obj
 0001:000110bc       Sha256Init                 000000000001135c f   BaseCryptLib:CryptSha256.obj
 0001:000110cc       Sha256Update               000000000001136c f   BaseCryptLib:CryptSha256.obj
 0001:000110e4       Sha256Final                0000000000011384 f   BaseCryptLib:CryptSha256.obj
 0001:00011100       HiiSetString               00000000000113a0 f   UefiHiiLib:HiiString.obj
 0001:0001126c       HiiAddPackages             000000000001150c f   UefiHiiLib:HiiLib.obj
 0001:00011388       InternalHiiBrowserCallback 0000000000011628 f   UefiHiiLib:HiiLib.obj
 0001:000114a8       HiiConstructConfigHdr      0000000000011748 f   UefiHiiLib:HiiLib.obj
 0001:00011710       InternalHiiCompareSubString 00000000000119b0 f   UefiHiiLib:HiiLib.obj
 0001:000117a8       HiiIsConfigHdrMatch        0000000000011a48 f   UefiHiiLib:HiiLib.obj
 0001:00011828       HiiGetBrowserData          0000000000011ac8 f   UefiHiiLib:HiiLib.obj
 0001:00011920       HiiSetBrowserData          0000000000011bc0 f   UefiHiiLib:HiiLib.obj
 0001:00011a20       HiiAllocateOpCodeHandle    0000000000011cc0 f   UefiHiiLib:HiiLib.obj
 0001:00011a74       HiiFreeOpCodeHandle        0000000000011d14 f   UefiHiiLib:HiiLib.obj
 0001:00011aa4       InternalHiiGrowOpCodeHandle 0000000000011d44 f   UefiHiiLib:HiiLib.obj
 0001:00011b04       InternalHiiCreateOpCodeExtended 0000000000011da4 f   UefiHiiLib:HiiLib.obj
 0001:00011b60       InternalHiiAppendOpCodes   0000000000011e00 f   UefiHiiLib:HiiLib.obj
 0001:00011b9c       HiiCreateEndOpCode         0000000000011e3c f   UefiHiiLib:HiiLib.obj
 0001:00011bc4       HiiCreateGuidOpCode        0000000000011e64 f   UefiHiiLib:HiiLib.obj
 0001:00011c20       HiiCreateGotoOpCode        0000000000011ec0 f   UefiHiiLib:HiiLib.obj
 0001:00011c9c       HiiCreateNumericOpCode     0000000000011f3c f   UefiHiiLib:HiiLib.obj
 0001:00011db0       HiiCreateStringOpCode      0000000000012050 f   UefiHiiLib:HiiLib.obj
 0001:00011e48       InternalHiiUpdateFormPackageData 00000000000120e8 f   UefiHiiLib:HiiLib.obj
 0001:000120ec       HiiUpdateForm              000000000001238c f   UefiHiiLib:HiiLib.obj
 0001:00012324       HiiGetSupportedLanguages   00000000000125c4 f   UefiHiiLib:HiiLanguage.obj
 0001:000123d4       NetIp4IsUnicast            0000000000012674 f   DxeNetLib:DxeNetLib.obj
 0001:00012414       NetLibCreateServiceChild   00000000000126b4 f   DxeNetLib:DxeNetLib.obj
 0001:00012460       NetLibDestroyServiceChild  0000000000012700 f   DxeNetLib:DxeNetLib.obj
 0001:000124ac       NetLibGetSnpHandle         000000000001274c f   DxeNetLib:DxeNetLib.obj
 0001:00012574       NetLibGetVlanId            0000000000012814 f   DxeNetLib:DxeNetLib.obj
 0001:000125b4       NetLibGetMacAddress        0000000000012854 f   DxeNetLib:DxeNetLib.obj
 0001:00012700       NetLibDetectMedia          00000000000129a0 f   DxeNetLib:DxeNetLib.obj
 0001:000128f0       NetLibDetectMediaWaitTimeout 0000000000012b90 f   DxeNetLib:DxeNetLib.obj
 0001:00012b3c       NetLibGetNicHandle         0000000000012ddc f   DxeNetLib:DxeNetLib.obj
 0001:00012ba8       NetLibAsciiStrToIp4        0000000000012e48 f   DxeNetLib:DxeNetLib.obj
 0001:00012c78       NetLibStrToIp4             0000000000012f18 f   DxeNetLib:DxeNetLib.obj
 0001:00012d60       NetbufAllocStruct          0000000000013000 f   DxeNetLib:NetBuffer.obj
 0001:00012e04       NetbufAlloc                00000000000130a4 f   DxeNetLib:NetBuffer.obj
 0001:00012e94       NetbufFreeVector           0000000000013134 f   DxeNetLib:NetBuffer.obj
 0001:00012f10       NetbufFree                 00000000000131b0 f   DxeNetLib:NetBuffer.obj
 0001:00012f3c       NetbufFreeList             00000000000131dc f   DxeNetLib:NetBuffer.obj
 0001:00012f84       NetbufGetByte              0000000000013224 f   DxeNetLib:NetBuffer.obj
 0001:00012fe0       NetbufFromExt              0000000000013280 f   DxeNetLib:NetBuffer.obj
 0001:0001309c       NetbufBuildExt             000000000001333c f   DxeNetLib:NetBuffer.obj
 0001:00013110       NetbufFromBufList          00000000000133b0 f   DxeNetLib:NetBuffer.obj
 0001:000131d4       NetbufAllocSpace           0000000000013474 f   DxeNetLib:NetBuffer.obj
 0001:00013288       NetbufTrim                 0000000000013528 f   DxeNetLib:NetBuffer.obj
 0001:00013344       NetbufCopy                 00000000000135e4 f   DxeNetLib:NetBuffer.obj
 0001:0001349c       NetbufQueCopy              000000000001373c f   DxeNetLib:NetBuffer.obj
 0001:00013588       TcpIoCommonNotify          0000000000013828 f   DxeTcpIoLib:DxeTcpIoLib.obj
 0001:00013598       TcpIoGetMapping            0000000000013838 f   DxeTcpIoLib:DxeTcpIoLib.obj
 0001:00013670       TcpIoCreateSocket          0000000000013910 f   DxeTcpIoLib:DxeTcpIoLib.obj
 0001:00013aa4       TcpIoDestroySocket         0000000000013d44 f   DxeTcpIoLib:DxeTcpIoLib.obj
 0001:00013c00       TcpIoTransmit              0000000000013ea0 f   DxeTcpIoLib:DxeTcpIoLib.obj
 0001:00013d6c       TcpIoReceive               000000000001400c f   DxeTcpIoLib:DxeTcpIoLib.obj
 0001:00013f98       GetPcdProtocol             0000000000014238 f   DxePcdLib:DxePcdLib.obj
 0001:00013fd4       PciCf8Read32               0000000000014274 f   BasePciCf8Lib:PciCf8Lib.obj
 0001:00014038       MD5_Update                 00000000000142d8 f   OpensslLib:md5_dgst.obj
 0001:00014164       MD5_Final                  0000000000014404 f   OpensslLib:md5_dgst.obj
 0001:000142fc       md5_block_data_order       000000000001459c f   OpensslLib:md5_dgst.obj
 0001:00014da4       SHA256_Init                0000000000015044 f   OpensslLib:sha256.obj
 0001:00014e04       SHA256_Update              00000000000150a4 f   OpensslLib:sha256.obj
 0001:00014f30       SHA256_Final               00000000000151d0 f   OpensslLib:sha256.obj
 0001:00015414       SaveAndDisableInterrupts   00000000000156b4 f   BaseLib:Cpu.obj
 0001:00015438       memset                     00000000000156d8 f   BaseIntrinsicLib:MemoryIntrinsics.obj
 0002:00000000       _fltused                   0000000000015700     BaseIntrinsicLib:MemoryIntrinsics.obj
 0002:00000008       gEfiLoadedImageProtocolGuid 0000000000015708     IScsiDxe:AutoGen.obj
 0002:00000018       gEfiAdapterInfoUndiIpv6SupportGuid 0000000000015718     IScsiDxe:AutoGen.obj
 0002:00000028       gEfiAuthenticationInfoProtocolGuid 0000000000015728     IScsiDxe:AutoGen.obj
 0002:00000038       gEfiDns4ServiceBindingProtocolGuid 0000000000015738     IScsiDxe:AutoGen.obj
 0002:00000048       gEfiDhcp6ServiceBindingProtocolGuid 0000000000015748     IScsiDxe:AutoGen.obj
 0002:00000058       gEfiIfrTianoGuid           0000000000015758     IScsiDxe:AutoGen.obj
 0002:00000068       gEfiExtScsiPassThruProtocolGuid 0000000000015768     IScsiDxe:AutoGen.obj
 0002:00000078       gEfiDns4ProtocolGuid       0000000000015778     IScsiDxe:AutoGen.obj
 0002:00000088       gEfiIScsiInitiatorNameProtocolGuid 0000000000015788     IScsiDxe:AutoGen.obj
 0002:00000098       gEfiComponentName2ProtocolGuid 0000000000015798     IScsiDxe:AutoGen.obj
 0002:000000a8       gPcdProtocolGuid           00000000000157a8     IScsiDxe:AutoGen.obj
 0002:000000b8       gEfiAdapterInformationProtocolGuid 00000000000157b8     IScsiDxe:AutoGen.obj
 0002:000000d0       IScsiDxeStrings            00000000000157d0     IScsiDxe:AutoGen.obj
 0002:00001378       gEfiDhcp6ProtocolGuid      0000000000016a78     IScsiDxe:AutoGen.obj
 0002:00001388       gEfiNetworkInterfaceIdentifierProtocolGuid_31 0000000000016a88     IScsiDxe:AutoGen.obj
 0002:00001398       gEfiDhcp4ServiceBindingProtocolGuid 0000000000016a98     IScsiDxe:AutoGen.obj
 0002:000013a8       gEfiDevicePathProtocolGuid 0000000000016aa8     IScsiDxe:AutoGen.obj
 0002:000013b8       gEfiPciIoProtocolGuid      0000000000016ab8     IScsiDxe:AutoGen.obj
 0002:000013c8       gEfiIp6ConfigProtocolGuid  0000000000016ac8     IScsiDxe:AutoGen.obj
 0002:000013d8       gEfiSimpleNetworkProtocolGuid 0000000000016ad8     IScsiDxe:AutoGen.obj
 0002:000013e8       gEfiHiiConfigRoutingProtocolGuid 0000000000016ae8     IScsiDxe:AutoGen.obj
 0002:000013f8       gEfiAcpi10TableGuid        0000000000016af8     IScsiDxe:AutoGen.obj
 0002:00001408       gEfiDns6ServiceBindingProtocolGuid 0000000000016b08     IScsiDxe:AutoGen.obj
 0002:00001418       gEfiAdapterInfoNetworkBootGuid 0000000000016b18     IScsiDxe:AutoGen.obj
 0002:00001428       gEfiAcpiTableGuid          0000000000016b28     IScsiDxe:AutoGen.obj
 0002:00001438       gEfiIp4Config2ProtocolGuid 0000000000016b38     IScsiDxe:AutoGen.obj
 0002:00001448       gEfiHiiImageProtocolGuid   0000000000016b48     IScsiDxe:AutoGen.obj
 0002:00001458       gEfiDevicePathUtilitiesProtocolGuid 0000000000016b58     IScsiDxe:AutoGen.obj
 0002:00001468       gEfiHiiDatabaseProtocolGuid 0000000000016b68     IScsiDxe:AutoGen.obj
 0002:00001478       gEfiHiiStringProtocolGuid  0000000000016b78     IScsiDxe:AutoGen.obj
 0002:00001488       gEfiAcpiTableProtocolGuid  0000000000016b88     IScsiDxe:AutoGen.obj
 0002:00001498       gEfiDns6ProtocolGuid       0000000000016b98     IScsiDxe:AutoGen.obj
 0002:000014a8       gEfiHiiConfigAccessProtocolGuid 0000000000016ba8     IScsiDxe:AutoGen.obj
 0002:000014b8       gEfiAdapterInfoMediaStateGuid 0000000000016bb8     IScsiDxe:AutoGen.obj
 0002:000014c8       gEfiManagedNetworkServiceBindingProtocolGuid 0000000000016bc8     IScsiDxe:AutoGen.obj
 0002:000014d8       gEfiFormBrowser2ProtocolGuid 0000000000016bd8     IScsiDxe:AutoGen.obj
 0002:000014e8       gEfiDriverBindingProtocolGuid 0000000000016be8     IScsiDxe:AutoGen.obj
 0002:000014f8       gEfiEventExitBootServicesGuid 0000000000016bf8     IScsiDxe:AutoGen.obj
 0002:00001508       gEfiTcp4ServiceBindingProtocolGuid 0000000000016c08     IScsiDxe:AutoGen.obj
 0002:00001520       gIScsiConfigGuid           0000000000016c20     IScsiDxe:AutoGen.obj
 0002:00001530       gEfiComponentNameProtocolGuid 0000000000016c30     IScsiDxe:AutoGen.obj
 0002:00001540       gEfiDhcp4ProtocolGuid      0000000000016c40     IScsiDxe:AutoGen.obj
 0002:00001550       gEfiTcp6ServiceBindingProtocolGuid 0000000000016c50     IScsiDxe:AutoGen.obj
 0002:00001560       gEfiManagedNetworkProtocolGuid 0000000000016c60     IScsiDxe:AutoGen.obj
 0002:00001570       gEfiTcp6ProtocolGuid       0000000000016c70     IScsiDxe:AutoGen.obj
 0002:00001580       gEfiTcp4ProtocolGuid       0000000000016c80     IScsiDxe:AutoGen.obj
 0002:00001590       gEfiHiiFontProtocolGuid    0000000000016c90     IScsiDxe:AutoGen.obj
 0002:000015a0       gIScsiV4PrivateGuid        0000000000016ca0     IScsiDxe:IScsiDriver.obj
 0002:000015b0       gIScsiIp6DriverBinding     0000000000016cb0     IScsiDxe:IScsiDriver.obj
 0002:000015e0       gIScsiV6PrivateGuid        0000000000016ce0     IScsiDxe:IScsiDriver.obj
 0002:000015f0       gIScsiIp4DriverBinding     0000000000016cf0     IScsiDxe:IScsiDriver.obj
 0002:00001620       gIScsiComponentName2       0000000000016d20     IScsiDxe:ComponentName.obj
 0002:00001638       gIScsiComponentName        0000000000016d38     IScsiDxe:ComponentName.obj
 0002:00001650       mIScsiDriverNameTable      0000000000016d50     IScsiDxe:ComponentName.obj
 0002:00001670       mIScsiHiiVendorDevicePath  0000000000016d70     IScsiDxe:IScsiConfig.obj
 0002:00001690       mVendorStorageName         0000000000016d90     IScsiDxe:IScsiConfig.obj
 0002:000016c0       gIScsiAuthenticationInfo   0000000000016dc0     IScsiDxe:IScsiAuthenticationInfo.obj
 0002:000016d0       gIScsiInitiatorName        0000000000016dd0     IScsiDxe:IScsiInitiatorName.obj
 0002:000016e0       gIScsiExtScsiPassThruProtocolTemplate 0000000000016de0     IScsiDxe:IScsiExtScsiPassThru.obj
 0002:00001720       IScsiConfigVfrBin          0000000000016e20     IScsiDxe:IScsiConfigVfr.obj
 0002:00001c70       ??_C@_1BG@HANLGHEF@?$AAA?$AAt?$AAt?$AAe?$AAm?$AAp?$AAt?$AA?5?$AA?$CF?$AAd@ 0000000000017370     IScsiDxe:IScsiDriver.obj
 0002:00001c88       ??_C@_1BK@ELJKIAPE@?$AAA?$AAt?$AAt?$AAe?$AAm?$AAp?$AAt?$AAO?$AAr?$AAd?$AAe?$AAr@ 0000000000017388     IScsiDxe:IScsiDriver.obj
 0002:00001ca8       ??_C@_0BF@IANBPGNJ@TargetPortalGroupTag@ 00000000000173a8     IScsiDxe:IScsiCHAP.obj
 0002:00001cc0       ??_C@_0L@PAKANODK@AuthMethod@ 00000000000173c0     IScsiDxe:IScsiCHAP.obj
 0002:00001ccc       ??_C@_04OHJIHAFH@None@     00000000000173cc     IScsiDxe:IScsiCHAP.obj
 0002:00001cd4       ??_C@_04LDMNOAAK@CHAP@     00000000000173d4     IScsiDxe:IScsiCHAP.obj
 0002:00001cdc       ??_C@_06NEGHKOPG@CHAP_A@   00000000000173dc     IScsiDxe:IScsiCHAP.obj
 0002:00001ce4       ??_C@_06BMLOCEPO@CHAP_I@   00000000000173e4     IScsiDxe:IScsiCHAP.obj
 0002:00001cec       ??_C@_06OGFBMMHE@CHAP_C@   00000000000173ec     IScsiDxe:IScsiCHAP.obj
 0002:00001cf4       ??_C@_06FDPPLCDJ@CHAP_N@   00000000000173f4     IScsiDxe:IScsiCHAP.obj
 0002:00001cfc       ??_C@_06LFIIOPGE@CHAP_R@   00000000000173fc     IScsiDxe:IScsiCHAP.obj
 0002:00001d08       ??_C@_0O@IHIGCLKB@InitiatorName@ 0000000000017408     IScsiDxe:IScsiCHAP.obj
 0002:00001d18       ??_C@_06EFAGIKOH@Normal@   0000000000017418     IScsiDxe:IScsiCHAP.obj
 0002:00001d20       ??_C@_0M@CNGHNCIE@SessionType@ 0000000000017420     IScsiDxe:IScsiCHAP.obj
 0002:00001d30       ??_C@_0L@BDKAFAEA@TargetName@ 0000000000017430     IScsiDxe:IScsiCHAP.obj
 0002:00001d3c       ??_C@_02DPKJAMEF@?$CFd@    000000000001743c     IScsiDxe:IScsiCHAP.obj
 0002:00001d3f       ??_C@_00CNPNBAHC@@         000000000001743f     IScsiDxe:IScsiCHAP.obj
 0002:00001d40       ??_C@_01IHBHIGKO@?0@       0000000000017440     IScsiDxe:IScsiCHAP.obj
 0002:00001d44       ??_C@_04IMHBBCFI@?$CFa?$CFd@ 0000000000017444     IScsiDxe:IScsiCHAP.obj
 0002:00001da0       ??_C@_15BIBPCOBC@?$AA0?$AA?9@ 00000000000174a0     IScsiDxe:IScsiMisc.obj
 0002:00001da8       ??_C@_1M@KAICHIDM@?$AA?2?$AA?$CF?$AA0?$AA4?$AAx@ 00000000000174a8     IScsiDxe:IScsiMisc.obj
 0002:00001db8       ??_C@_1CI@PHDJCGLB@?$AAI?$AAn?$AAi?$AAt?$AAi?$AAa?$AAl?$AAA?$AAt?$AAt?$AAe?$AAm?$AAp?$AAt?$AAO@ 00000000000174b8     IScsiDxe:IScsiMisc.obj
 0002:00001de0       ??_C@_1EC@HNHKMKMB@?$AAS?$AAT?$AAR?$AA_?$AAI?$AAS?$AAC?$AAS?$AAI?$AA_?$AAA?$AAT?$AAT?$AAE?$AAM@ 00000000000174e0     IScsiDxe:IScsiMisc.obj
 0002:00001e28       ??_C@_1CI@HEIGCBOD@?$AAi?$AAS?$AAC?$AAS?$AAI?$AAA?$AAt?$AAt?$AAe?$AAm?$AAp?$AAt?$AAN?$AAa?$AAm@ 0000000000017528     IScsiDxe:IScsiMisc.obj
 0002:00001e50       ??_C@_09BJEBPINI@x?9UEFI?9ns@ 0000000000017550     IScsiDxe:IScsiMisc.obj
 0002:00001e60       ??_C@_1DA@BJMNBGMF@?$AAS?$AAT?$AAR?$AA_?$AAI?$AAS?$AAC?$AAS?$AAI?$AA_?$AAM?$AAO?$AAD?$AAE?$AA_@ 0000000000017560     IScsiDxe:IScsiMisc.obj
 0002:00001e90       ??_C@_1CG@HFJGGIEK@?$AAi?$AAS?$AAC?$AAS?$AAI?$AAB?$AAo?$AAo?$AAt?$AAE?$AAn?$AAa?$AAb?$AAl?$AAe@ 0000000000017590     IScsiDxe:IScsiMisc.obj
 0002:00001eb8       ??_C@_1DG@HCOKEFHE@?$AAS?$AAT?$AAR?$AA_?$AAI?$AAS?$AAC?$AAS?$AAI?$AA_?$AAI?$AAP?$AA_?$AAM?$AAO@ 00000000000175b8     IScsiDxe:IScsiMisc.obj
 0002:00001ef0       ??_C@_1CM@CBPAADNE@?$AAi?$AAS?$AAC?$AAS?$AAI?$AAI?$AAp?$AAA?$AAd?$AAd?$AAr?$AAe?$AAs?$AAs?$AAT@ 00000000000175f0     IScsiDxe:IScsiMisc.obj
 0002:00001f20       ??_C@_1EC@DPEODOHN@?$AAS?$AAT?$AAR?$AA_?$AAI?$AAS?$AAC?$AAS?$AAI?$AA_?$AAC?$AAO?$AAN?$AAN?$AAE@ 0000000000017620     IScsiDxe:IScsiMisc.obj
 0002:00001f68       ??_C@_1CK@LPKJOHD@?$AAi?$AAS?$AAC?$AAS?$AAI?$AAC?$AAo?$AAn?$AAn?$AAe?$AAc?$AAt?$AAR?$AAe?$AAt@ 0000000000017668     IScsiDxe:IScsiMisc.obj
 0002:00001fa0       ??_C@_1EG@FOEHCAKJ@?$AAS?$AAT?$AAR?$AA_?$AAI?$AAS?$AAC?$AAS?$AAI?$AA_?$AAC?$AAO?$AAN?$AAN?$AAE@ 00000000000176a0     IScsiDxe:IScsiMisc.obj
 0002:00001fe8       ??_C@_1CO@LCOHAIEK@?$AAi?$AAS?$AAC?$AAS?$AAI?$AAC?$AAo?$AAn?$AAn?$AAe?$AAc?$AAt?$AAT?$AAi?$AAm@ 00000000000176e8     IScsiDxe:IScsiMisc.obj
 0002:00002018       ??_C@_1DA@OHPDKBKN@?$AAS?$AAT?$AAR?$AA_?$AAI?$AAS?$AAC?$AAS?$AAI?$AA_?$AAI?$AAS?$AAI?$AAD?$AA_@ 0000000000017718     IScsiDxe:IScsiMisc.obj
 0002:00002048       ??_C@_1BK@GHCBGJK@?$AAi?$AAS?$AAC?$AAS?$AAI?$AAI?$AAS?$AAI?$AAD?$AA?3?$AA?$CF?$AAd@ 0000000000017748     IScsiDxe:IScsiMisc.obj
 0002:00002070       ??_C@_1EM@CDJCPBKN@?$AAS?$AAT?$AAR?$AA_?$AAI?$AAS?$AAC?$AAS?$AAI?$AA_?$AAI?$AAN?$AAI?$AAT?$AAI@ 0000000000017770     IScsiDxe:IScsiMisc.obj
 0002:000020c0       ??_C@_1DK@MNMHMNMI@?$AAi?$AAS?$AAC?$AAS?$AAI?$AAI?$AAn?$AAi?$AAt?$AAi?$AAa?$AAt?$AAo?$AAr?$AAI@ 00000000000177c0     IScsiDxe:IScsiMisc.obj
 0002:00002100       ??_C@_1FA@KPPEFLHA@?$AAS?$AAT?$AAR?$AA_?$AAI?$AAS?$AAC?$AAS?$AAI?$AA_?$AAI?$AAN?$AAI?$AAT?$AAI@ 0000000000017800     IScsiDxe:IScsiMisc.obj
 0002:00002150       ??_C@_1DG@BDOEDFB@?$AAi?$AAS?$AAC?$AAS?$AAI?$AAI?$AAn?$AAi?$AAt?$AAi?$AAa?$AAt?$AAo?$AAr?$AAI@ 0000000000017850     IScsiDxe:IScsiMisc.obj
 0002:00002190       ??_C@_1EM@KKJJLIHN@?$AAS?$AAT?$AAR?$AA_?$AAI?$AAS?$AAC?$AAS?$AAI?$AA_?$AAI?$AAN?$AAI?$AAT?$AAI@ 0000000000017890     IScsiDxe:IScsiMisc.obj
 0002:000021e0       ??_C@_1DC@HFNAHCNF@?$AAi?$AAS?$AAC?$AAS?$AAI?$AAI?$AAn?$AAi?$AAt?$AAi?$AAa?$AAt?$AAo?$AAr?$AAN@ 00000000000178e0     IScsiDxe:IScsiMisc.obj
 0002:00002220       ??_C@_1EE@PKEMPLOI@?$AAS?$AAT?$AAR?$AA_?$AAI?$AAS?$AAC?$AAS?$AAI?$AA_?$AAI?$AAN?$AAI?$AAT?$AAI@ 0000000000017920     IScsiDxe:IScsiMisc.obj
 0002:00002268       ??_C@_1DC@LLENBBGP@?$AAi?$AAS?$AAC?$AAS?$AAI?$AAI?$AAn?$AAi?$AAt?$AAi?$AAa?$AAt?$AAo?$AAr?$AAG@ 0000000000017968     IScsiDxe:IScsiMisc.obj
 0002:000022a0       ??_C@_1EG@GAJNCGJH@?$AAS?$AAT?$AAR?$AA_?$AAI?$AAS?$AAC?$AAS?$AAI?$AA_?$AAT?$AAA?$AAR?$AAG?$AAE@ 00000000000179a0     IScsiDxe:IScsiMisc.obj
 0002:000022e8       ??_C@_1DE@OGOGAJBO@?$AAi?$AAS?$AAC?$AAS?$AAI?$AAT?$AAa?$AAr?$AAg?$AAe?$AAt?$AAI?$AAn?$AAf?$AAo@ 00000000000179e8     IScsiDxe:IScsiMisc.obj
 0002:00002320       ??_C@_1EG@KMENBILK@?$AAS?$AAT?$AAR?$AA_?$AAI?$AAS?$AAC?$AAS?$AAI?$AA_?$AAT?$AAA?$AAR?$AAG?$AAE@ 0000000000017a20     IScsiDxe:IScsiMisc.obj
 0002:00002368       ??_C@_1CM@HDFAPMME@?$AAi?$AAS?$AAC?$AAS?$AAI?$AAT?$AAa?$AAr?$AAg?$AAe?$AAt?$AAT?$AAc?$AAp?$AAP@ 0000000000017a68     IScsiDxe:IScsiMisc.obj
 0002:00002398       ??_C@_1DO@NNEJJHC@?$AAS?$AAT?$AAR?$AA_?$AAI?$AAS?$AAC?$AAS?$AAI?$AA_?$AAT?$AAA?$AAR?$AAG?$AAE@ 0000000000017a98     IScsiDxe:IScsiMisc.obj
 0002:000023d8       ??_C@_1CG@IMIDKEEM@?$AAi?$AAS?$AAC?$AAS?$AAI?$AAT?$AAa?$AAr?$AAg?$AAe?$AAt?$AAN?$AAa?$AAm?$AAe@ 0000000000017ad8     IScsiDxe:IScsiMisc.obj
 0002:00002400       ??_C@_1EK@NAOJGMOF@?$AAS?$AAT?$AAR?$AA_?$AAI?$AAS?$AAC?$AAS?$AAI?$AA_?$AAT?$AAA?$AAR?$AAG?$AAE@ 0000000000017b00     IScsiDxe:IScsiMisc.obj
 0002:00002450       ??_C@_1DA@BNHFHCKF@?$AAi?$AAS?$AAC?$AAS?$AAI?$AAT?$AAa?$AAr?$AAg?$AAe?$AAt?$AAI?$AAp?$AAA?$AAd@ 0000000000017b50     IScsiDxe:IScsiMisc.obj
 0002:00002480       ??_C@_1CO@LKFGDNLP@?$AAS?$AAT?$AAR?$AA_?$AAI?$AAS?$AAC?$AAS?$AAI?$AA_?$AAL?$AAU?$AAN?$AA_?$AAP@ 0000000000017b80     IScsiDxe:IScsiMisc.obj
 0002:000024b0       ??_C@_1BI@CCOOIPBK@?$AAi?$AAS?$AAC?$AAS?$AAI?$AAL?$AAU?$AAN?$AA?3?$AA?$CF?$AAd@ 0000000000017bb0     IScsiDxe:IScsiMisc.obj
 0002:000024d0       ??_C@_1FC@BBEHEHML@?$AAS?$AAT?$AAR?$AA_?$AAI?$AAS?$AAC?$AAS?$AAI?$AA_?$AAA?$AAU?$AAT?$AAH?$AAE@ 0000000000017bd0     IScsiDxe:IScsiMisc.obj
 0002:00002528       ??_C@_1DK@GMLHAFCO@?$AAi?$AAS?$AAC?$AAS?$AAI?$AAA?$AAu?$AAt?$AAh?$AAe?$AAn?$AAt?$AAi?$AAc?$AAa@ 0000000000017c28     IScsiDxe:IScsiMisc.obj
 0002:00002568       ??_C@_1DI@CPGEKLIM@?$AAS?$AAT?$AAR?$AA_?$AAI?$AAS?$AAC?$AAS?$AAI?$AA_?$AAC?$AAH?$AAA?$AAR?$AAT@ 0000000000017c68     IScsiDxe:IScsiMisc.obj
 0002:000025a0       ??_C@_1CC@PNCOMNAM@?$AAi?$AAS?$AAC?$AAS?$AAI?$AAC?$AAh?$AAa?$AAp?$AAT?$AAy?$AAp?$AAe?$AA?3?$AA?$CF@ 0000000000017ca0     IScsiDxe:IScsiMisc.obj
 0002:000025d0       ??_C@_1EE@BDEAJPAA@?$AAS?$AAT?$AAR?$AA_?$AAI?$AAS?$AAC?$AAS?$AAI?$AA_?$AAC?$AAH?$AAA?$AAR?$AA_@ 0000000000017cd0     IScsiDxe:IScsiMisc.obj
 0002:00002618       ??_C@_1CK@HMKCAOIH@?$AAi?$AAS?$AAC?$AAS?$AAI?$AAC?$AAh?$AAa?$AAp?$AAU?$AAs?$AAe?$AAr?$AAn?$AAa@ 0000000000017d18     IScsiDxe:IScsiMisc.obj
 0002:00002648       ??_C@_1DO@ILKFOLHO@?$AAS?$AAT?$AAR?$AA_?$AAI?$AAS?$AAC?$AAS?$AAI?$AA_?$AAC?$AAH?$AAA?$AAR?$AA_@ 0000000000017d48     IScsiDxe:IScsiMisc.obj
 0002:00002688       ??_C@_1CG@LPJEJPEJ@?$AAi?$AAS?$AAC?$AAS?$AAI?$AAC?$AAh?$AAa?$AAp?$AAS?$AAe?$AAc?$AAr?$AAe?$AAt@ 0000000000017d88     IScsiDxe:IScsiMisc.obj
 0002:000026b0       ??_C@_1FE@GBGGNCNN@?$AAS?$AAT?$AAR?$AA_?$AAI?$AAS?$AAC?$AAS?$AAI?$AA_?$AAC?$AAH?$AAA?$AAR?$AA_@ 0000000000017db0     IScsiDxe:IScsiMisc.obj
 0002:00002708       ??_C@_1DI@JGKDKGKI@?$AAi?$AAS?$AAC?$AAS?$AAI?$AAR?$AAe?$AAv?$AAe?$AAr?$AAs?$AAe?$AAC?$AAh?$AAa@ 0000000000017e08     IScsiDxe:IScsiMisc.obj
 0002:00002740       ??_C@_1EO@OFKHBAND@?$AAS?$AAT?$AAR?$AA_?$AAI?$AAS?$AAC?$AAS?$AAI?$AA_?$AAC?$AAH?$AAA?$AAR?$AA_@ 0000000000017e40     IScsiDxe:IScsiMisc.obj
 0002:00002790       ??_C@_1DE@OMHAAAJE@?$AAi?$AAS?$AAC?$AAS?$AAI?$AAR?$AAe?$AAv?$AAe?$AAr?$AAs?$AAe?$AAC?$AAh?$AAa@ 0000000000017e90     IScsiDxe:IScsiMisc.obj
 0002:000027c8       ??_C@_1BC@FGCJDNHA@?$AAD?$AAi?$AAs?$AAa?$AAb?$AAl?$AAe?$AAd@ 0000000000017ec8     IScsiDxe:IScsiMisc.obj
 0002:000027e0       ??_C@_1BA@NPJPKIM@?$AAE?$AAn?$AAa?$AAb?$AAl?$AAe?$AAd@ 0000000000017ee0     IScsiDxe:IScsiMisc.obj
 0002:000027f0       ??_C@_1CC@HOPKGJBM@?$AAE?$AAn?$AAa?$AAb?$AAl?$AAe?$AAd?$AA?5?$AAf?$AAo?$AAr?$AA?5?$AAM?$AAP?$AAI@ 0000000000017ef0     IScsiDxe:IScsiMisc.obj
 0002:00002818       ??_C@_17NPMIJOFB@?$AAI?$AAP?$AA4@ 0000000000017f18     IScsiDxe:IScsiMisc.obj
 0002:00002820       ??_C@_17HFMBFGNK@?$AAI?$AAP?$AA6@ 0000000000017f20     IScsiDxe:IScsiMisc.obj
 0002:00002828       ??_C@_1BM@LLBKNBMC@?$AAA?$AAu?$AAt?$AAo?$AAc?$AAo?$AAn?$AAf?$AAi?$AAg?$AAu?$AAr?$AAe@ 0000000000017f28     IScsiDxe:IScsiMisc.obj
 0002:00002850       ??_C@_1JA@LJOCICLJ@?$AAM?$AAA?$AAC?$AA?3?$AA?5?$AA?$CF?$AAs?$AA?0?$AA?5?$AAP?$AAF?$AAA?$AA?3?$AA?5?$AAB@ 0000000000017f50     IScsiDxe:IScsiMisc.obj
 0002:000028e0       IScsiHexString             0000000000017fe0     IScsiDxe:IScsiMisc.obj
 0002:000028f8       ??_C@_03LKLGDMJI@eng@      0000000000017ff8     IScsiDxe:ComponentName.obj
 0002:000028fc       ??_C@_02LFNMGJAP@en@       0000000000017ffc     IScsiDxe:ComponentName.obj
 0002:00002900       ??_C@_06DALJLGPG@eng?$DLen@ 0000000000018000     IScsiDxe:ComponentName.obj
 0002:00002908       ??_C@_1BK@DKDHMMII@?$AAi?$AAS?$AAC?$AAS?$AAI?$AA?5?$AAD?$AAr?$AAi?$AAv?$AAe?$AAr@ 0000000000018008     IScsiDxe:ComponentName.obj
 0002:00002928       ??_C@_19CDMHABIE@?$AAI?$AAP?$AAv?$AA6@ 0000000000018028     IScsiDxe:ComponentName.obj
 0002:00002938       ??_C@_19IJMOMJAP@?$AAI?$AAP?$AAv?$AA4@ 0000000000018038     IScsiDxe:ComponentName.obj
 0002:00002948       ??_C@_1DA@MCMPEFMN@?$AAi?$AAS?$AAC?$AAS?$AAI?$AA?5?$AA?$CI?$AA?$CF?$AAs?$AA?0?$AA?5?$AAN?$AAi?$AAc?$AAI@ 0000000000018048     IScsiDxe:ComponentName.obj
 0002:00002978       ??_C@_1BI@FCMLLAGN@?$AA?$CF?$AAd?$AA?4?$AA?$CF?$AAd?$AA?4?$AA?$CF?$AAd?$AA?4?$AA?$CF?$AAd@ 0000000000018078     IScsiDxe:IScsiConfig.obj
 0002:00002990       ??_C@_17FDKMNLMN@?$AA?$CF?$AAx?$AA?3@ 0000000000018090     IScsiDxe:IScsiConfig.obj
 0002:00002998       ??_C@_1O@OEEHBOOE@?$AA?$CF?$AAx?$AA0?$AA?$CF?$AAx?$AA?3@ 0000000000018098     IScsiDxe:IScsiConfig.obj
 0002:000029a8       ??_C@_1M@CIFHKLEP@?$AA?$CF?$AAx?$AA?$CF?$AAx?$AA?3@ 00000000000180a8     IScsiDxe:IScsiConfig.obj
 0002:000029c0       ??_C@_1PM@NKCILPCF@?$AAE?$AAr?$AAr?$AAo?$AAr?$AA?$CB?$AA?5?$AAO?$AAn?$AAl?$AAy?$AA?5?$AAl?$AAa?$AAs@ 00000000000180c0     IScsiDxe:IScsiConfig.obj
 0002:00002ac0       ??_C@_17EGMIMACD@?$AA0?$AA?$CF?$AAX@ 00000000000181c0     IScsiDxe:IScsiConfig.obj
 0002:00002ac8       ??_C@_15BHOFONJE@?$AA?$CF?$AAX@ 00000000000181c8     IScsiDxe:IScsiConfig.obj
 0002:00002ad0       ??_C@_1BC@FPHENPJJ@?$AAa?$AAt?$AAt?$AAe?$AAm?$AAp?$AAt?$AA?3@ 00000000000181d0     IScsiDxe:IScsiConfig.obj
 0002:00002af0       ??_C@_1IE@FMPFFHNB@?$AAC?$AAo?$AAn?$AAn?$AAe?$AAc?$AAt?$AAi?$AAo?$AAn?$AA?5?$AAE?$AAs?$AAt?$AAa@ 00000000000181f0     IScsiDxe:IScsiConfig.obj
 0002:00002b80       ??_C@_1GA@GADAOPJN@?$AAG?$AAa?$AAt?$AAe?$AAw?$AAa?$AAy?$AA?5?$AAa?$AAd?$AAd?$AAr?$AAe?$AAs?$AAs@ 0000000000018280     IScsiDxe:IScsiConfig.obj
 0002:00002be0       ??_C@_1GC@NOKIOPCN@?$AAL?$AAo?$AAc?$AAa?$AAl?$AA?5?$AAI?$AAP?$AA?5?$AAa?$AAn?$AAd?$AA?5?$AAG?$AAa@ 00000000000182e0     IScsiDxe:IScsiConfig.obj
 0002:00002c48       ??_C@_1CM@DIGHAABF@?$AAT?$AAa?$AAr?$AAg?$AAe?$AAt?$AA?5?$AAI?$AAP?$AA?5?$AAi?$AAs?$AA?5?$AAi?$AAn@ 0000000000018348     IScsiDxe:IScsiConfig.obj
 0002:00002c80       ??_C@_1EK@KKIJKOOP@?$AAi?$AAS?$AAC?$AAS?$AAI?$AA?5?$AAt?$AAa?$AAr?$AAg?$AAe?$AAt?$AA?5?$AAU?$AAr@ 0000000000018380     IScsiDxe:IScsiConfig.obj
 0002:00002cd0       ??_C@_1DG@CLIBEBMD@?$AAi?$AAS?$AAC?$AAS?$AAI?$AA?5?$AAt?$AAa?$AAr?$AAg?$AAe?$AAt?$AA?5?$AAn?$AAa@ 00000000000183d0     IScsiDxe:IScsiConfig.obj
 0002:00002d10       ??_C@_1EK@CICAMCED@?$AAC?$AAH?$AAA?$AAP?$AA?5?$AAN?$AAa?$AAm?$AAe?$AA?5?$AAo?$AAr?$AA?5?$AAC?$AAH@ 0000000000018410     IScsiDxe:IScsiConfig.obj
 0002:00002d60       ??_C@_1GK@ILMFAFOE@?$AAR?$AAe?$AAv?$AAe?$AAr?$AAs?$AAe?$AA?5?$AAC?$AAH?$AAA?$AAP?$AA?5?$AAN?$AAa@ 0000000000018460     IScsiDxe:IScsiConfig.obj
 0002:00002dd0       ??_C@_1GK@DNBKIGEI@?$AAW?$AAa?$AAr?$AAn?$AAi?$AAn?$AAg?$AA?$CB?$AA?5?$AAA?$AAt?$AAt?$AAe?$AAm?$AAp@ 00000000000184d0     IScsiDxe:IScsiConfig.obj
 0002:00002e40       ??_C@_1FK@ELEIPALG@?$AAW?$AAa?$AAr?$AAn?$AAi?$AAn?$AAg?$AA?$CB?$AA?5?$AA?$CC?$AA?$CF?$AAs?$AA?$CC?$AA?5?$AAu@ 0000000000018540     IScsiDxe:IScsiConfig.obj
 0002:00002ea0       ??_C@_1IA@OPOCHDEG@?$AAT?$AAh?$AAe?$AA?5?$AAm?$AAi?$AAn?$AAi?$AAm?$AAu?$AAm?$AA?5?$AAv?$AAa?$AAl@ 00000000000185a0     IScsiDxe:IScsiConfig.obj
 0002:00002f20       ??_C@_1IK@OKCMAFBM@?$AAT?$AAh?$AAe?$AA?5?$AAm?$AAi?$AAn?$AAi?$AAm?$AAu?$AAm?$AA?5?$AAv?$AAa?$AAl@ 0000000000018620     IScsiDxe:IScsiConfig.obj
 0002:00002fb0       ??_C@_1HK@PKNPBNOI@?$AAI?$AAn?$AAv?$AAa?$AAl?$AAi?$AAd?$AA?5?$AAC?$AAo?$AAn?$AAf?$AAi?$AAg?$AAu@ 00000000000186b0     IScsiDxe:IScsiConfig.obj
 0002:00003030       ??_C@_1IC@POFCKNAH@?$AAI?$AAn?$AAv?$AAa?$AAl?$AAi?$AAd?$AA?5?$AAC?$AAo?$AAn?$AAf?$AAi?$AAg?$AAu@ 0000000000018730     IScsiDxe:IScsiConfig.obj
 0002:000030b8       ??_C@_1CI@LMPBJGDM@?$AAI?$AAn?$AAv?$AAa?$AAl?$AAi?$AAd?$AA?5?$AAI?$AAP?$AA?5?$AAa?$AAd?$AAd?$AAr@ 00000000000187b8     IScsiDxe:IScsiConfig.obj
 0002:000030e0       ??_C@_1CK@EKOBMLHN@?$AAI?$AAn?$AAv?$AAa?$AAl?$AAi?$AAd?$AA?5?$AAS?$AAu?$AAb?$AAn?$AAe?$AAt?$AA?5@ 00000000000187e0     IScsiDxe:IScsiConfig.obj
 0002:00003110       ??_C@_1CC@EECKCHGK@?$AAI?$AAn?$AAv?$AAa?$AAl?$AAi?$AAd?$AA?5?$AAG?$AAa?$AAt?$AAe?$AAw?$AAa?$AAy@ 0000000000018810     IScsiDxe:IScsiConfig.obj
 0002:00003138       ??_C@_1CI@GPNFKPNE@?$AAI?$AAn?$AAv?$AAa?$AAl?$AAi?$AAd?$AA?5?$AAi?$AAS?$AAC?$AAS?$AAI?$AA?5?$AAN@ 0000000000018838     IScsiDxe:IScsiConfig.obj
 0002:00003160       ??_C@_1KA@DCMDPHDG@?$AAI?$AAn?$AAv?$AAa?$AAl?$AAi?$AAd?$AA?5?$AAL?$AAU?$AAN?$AA?5?$AAs?$AAt?$AAr@ 0000000000018860     IScsiDxe:IScsiConfig.obj
 0002:00003200       ??_C@_1CM@KIGHCEPH@?$AAC?$AAH?$AAA?$AAP?$AA?5?$AAN?$AAa?$AAm?$AAe?$AA?5?$AAi?$AAs?$AA?5?$AAi?$AAn@ 0000000000018900     IScsiDxe:IScsiConfig.obj
 0002:00003230       ??_C@_1HE@GHDDKPP@?$AAI?$AAn?$AAv?$AAa?$AAl?$AAi?$AAd?$AA?5?$AAC?$AAo?$AAn?$AAf?$AAi?$AAg?$AAu@ 0000000000018930     IScsiDxe:IScsiConfig.obj
 0002:000032b0       ??_C@_1JO@IECLLNNM@?$AAT?$AAh?$AAe?$AA?5?$AAC?$AAh?$AAa?$AAp?$AA?5?$AAS?$AAe?$AAc?$AAr?$AAe?$AAt@ 00000000000189b0     IScsiDxe:IScsiConfig.obj
 0002:00003350       ??_C@_1DM@EBKLMKDD@?$AAR?$AAe?$AAv?$AAe?$AAr?$AAs?$AAe?$AA?5?$AAC?$AAH?$AAA?$AAP?$AA?5?$AAN?$AAa@ 0000000000018a50     IScsiDxe:IScsiConfig.obj
 0002:00003390       ??_C@_1IO@JOOAFOHI@?$AAI?$AAn?$AAv?$AAa?$AAl?$AAi?$AAd?$AA?5?$AAC?$AAo?$AAn?$AAf?$AAi?$AAg?$AAu@ 0000000000018a90     IScsiDxe:IScsiConfig.obj
 0002:00003420       ??_C@_1KO@GCLOJAIA@?$AAT?$AAh?$AAe?$AA?5?$AAR?$AAe?$AAv?$AAe?$AAr?$AAs?$AAe?$AA?5?$AAC?$AAH?$AAA@ 0000000000018b20     IScsiDxe:IScsiConfig.obj
 0002:000034d0       ??_C@_1O@NBNBLPAP@?$AAM?$AAA?$AAC?$AA?5?$AA?$CF?$AAs@ 0000000000018bd0     IScsiDxe:IScsiConfig.obj
 0002:000034e0       ??_C@_1DO@OOHFBPEO@?$AAP?$AAF?$AAA?$AA?3?$AA?5?$AAB?$AAu?$AAs?$AA?5?$AA?$CF?$AAd?$AA?5?$AA?$HM?$AA?5?$AAD@ 0000000000018be0     IScsiDxe:IScsiConfig.obj
 0002:00003520       ??_C@_1KO@CMAFGNCI@?$AAC?$AAa?$AAn?$AA?5?$AAn?$AAo?$AAt?$AA?5?$AAc?$AAr?$AAe?$AAa?$AAt?$AAe?$AA?5@ 0000000000018c20     IScsiDxe:IScsiConfig.obj
 0002:000035d0       ??_C@_1FA@BNOKFEIK@?$AAM?$AAA?$AAC?$AA?3?$AA?5?$AA?$CF?$AAs?$AA?0?$AA?5?$AAP?$AAF?$AAA?$AA?3?$AA?5?$AAB@ 0000000000018cd0     IScsiDxe:IScsiConfig.obj
 0002:00003620       ??_C@_1O@LFMAFHMH@?$AAO?$AAF?$AAF?$AAS?$AAE?$AAT@ 0000000000018d20     IScsiDxe:IScsiConfig.obj
 0002:00003630       ??_C@_1DC@EPJEBJEB@?$AA?$CF?$AAs?$AA?$CG?$AAO?$AAF?$AAF?$AAS?$AAE?$AAT?$AA?$DN?$AA0?$AA?$CG?$AAW?$AAI?$AAD@ 0000000000018d30     IScsiDxe:IScsiConfig.obj
 0002:00003670       ??_C@_1BC@KLGPJAMP@?$AA?$CG?$AAO?$AAF?$AAF?$AAS?$AAE?$AAT?$AA?$DN@ 0000000000018d70     IScsiDxe:IScsiConfig.obj
 0002:00003690       ??_C@_1GI@FGGMGBGN@?$AAE?$AAr?$AAr?$AAo?$AAr?$AA?3?$AA?5?$AAp?$AAl?$AAe?$AAa?$AAs?$AAe?$AA?5?$AAc@ 0000000000018d90     IScsiDxe:IScsiConfig.obj
 0002:00003700       ??_C@_1EO@FLPILACC@?$AAE?$AAr?$AAr?$AAo?$AAr?$AA?3?$AA?5?$AAT?$AAh?$AAe?$AA?5?$AAa?$AAd?$AAd?$AA?5@ 0000000000018e00     IScsiDxe:IScsiConfig.obj
 0002:00003750       ??_C@_1FE@DJKEEMLI@?$AAE?$AAr?$AAr?$AAo?$AAr?$AA?3?$AA?5?$AAT?$AAh?$AAe?$AA?5?$AAd?$AAe?$AAl?$AAe@ 0000000000018e50     IScsiDxe:IScsiConfig.obj
 0002:000037b0       ??_C@_1FK@DCGFDFEP@?$AAE?$AAr?$AAr?$AAo?$AAr?$AA?3?$AA?5?$AAT?$AAh?$AAe?$AA?5?$AAn?$AAe?$AAw?$AA?5@ 0000000000018eb0     IScsiDxe:IScsiConfig.obj
 0002:00003810       ??_C@_1EE@FFBFOLIE@?$AAC?$AAu?$AAr?$AAr?$AAe?$AAn?$AAt?$AA?5?$AAN?$AAI?$AAC?$AA?5?$AAd?$AAo?$AAe@ 0000000000018f10     IScsiDxe:IScsiConfig.obj
 0002:00003858       ??_C@_1CI@GENBJJAB@?$AAI?$AAn?$AAv?$AAa?$AAl?$AAi?$AAd?$AA?5?$AAL?$AAU?$AAN?$AA?5?$AAs?$AAt?$AAr@ 0000000000018f58     IScsiDxe:IScsiConfig.obj
 0002:00003880       ??_C@_0O@DMHNKPDD@TargetAddress@ 0000000000018f80     IScsiDxe:IScsiProto.obj
 0002:00003890       ??_C@_0N@LDJCJGDI@HeaderDigest@ 0000000000018f90     IScsiDxe:IScsiProto.obj
 0002:000038a0       ??_C@_05MHNOECFO@CRC32@    0000000000018fa0     IScsiDxe:IScsiProto.obj
 0002:000038a8       ??_C@_0L@NIHDLAKD@DataDigest@ 0000000000018fa8     IScsiDxe:IScsiProto.obj
 0002:000038b8       ??_C@_0BD@OAAHBPKN@ErrorRecoveryLevel@ 0000000000018fb8     IScsiDxe:IScsiProto.obj
 0002:000038d0       ??_C@_0L@DHPBNECN@InitialR2T@ 0000000000018fd0     IScsiDxe:IScsiProto.obj
 0002:000038dc       ??_C@_03CCLAEDDF@Yes@      0000000000018fdc     IScsiDxe:IScsiProto.obj
 0002:000038e0       ??_C@_0O@GKGOMOLB@ImmediateData@ 0000000000018fe0     IScsiDxe:IScsiProto.obj
 0002:000038f0       ??_C@_0BJ@FCLHOFCN@MaxRecvDataSegmentLength@ 0000000000018ff0     IScsiDxe:IScsiProto.obj
 0002:00003910       ??_C@_0P@KOEHAIP@MaxBurstLength@ 0000000000019010     IScsiDxe:IScsiProto.obj
 0002:00003920       ??_C@_0BB@IPNJPAAG@FirstBurstLength@ 0000000000019020     IScsiDxe:IScsiProto.obj
 0002:00003938       ??_C@_0P@DDHINENC@MaxConnections@ 0000000000019038     IScsiDxe:IScsiProto.obj
 0002:00003948       ??_C@_0P@BAPPFDGI@DataPDUInOrder@ 0000000000019048     IScsiDxe:IScsiProto.obj
 0002:00003958       ??_C@_0BE@KICALKDN@DataSequenceInOrder@ 0000000000019058     IScsiDxe:IScsiProto.obj
 0002:00003970       ??_C@_0BB@HADJICGK@DefaultTime2Wait@ 0000000000019070     IScsiDxe:IScsiProto.obj
 0002:00003988       ??_C@_0BD@BGMCDOLB@DefaultTime2Retain@ 0000000000019088     IScsiDxe:IScsiProto.obj
 0002:000039a0       ??_C@_0BC@HPPCAHHC@MaxOutstandingR2T@ 00000000000190a0     IScsiDxe:IScsiProto.obj
 0002:000039b8       ??_C@_0M@PDHAICBK@TargetAlias@ 00000000000190b8     IScsiDxe:IScsiProto.obj
 0002:000039c8       ??_C@_0L@LNPOJIAE@None?0CRC32@ 00000000000190c8     IScsiDxe:IScsiProto.obj
 0002:000039d4       ??_C@_02ECNOPIAA@?$CFa@    00000000000190d4     IScsiDxe:IScsiProto.obj
 0002:000039d8       ??_C@_02JINPPBEP@No@       00000000000190d8     IScsiDxe:IScsiProto.obj
 0002:000039dc       ??_C@_04DHDCDFCB@iqn?4@    00000000000190dc     IScsiDxe:IScsiProto.obj
 0002:000039e8       ??_C@_1O@PFAMAPCJ@?$AAI?$AA_?$AAN?$AAA?$AAM?$AAE@ 00000000000190e8     IScsiDxe:IScsiInitiatorName.obj
 0002:000039f8       ??_C@_06DELMHKOB@iscsi?3@  00000000000190f8     IScsiDxe:IScsiDhcp6.obj
 0002:00003a00       ??_C@_0DA@NKGOKBK@?6?5?5Error?3?5Could?5not?5detect?5netw@ 0000000000019100     IScsiDxe:IScsiDhcp6.obj
 0002:00003a30       ??_C@_0O@MLOLIMFM@?$DMnull?5string?$DO@ 0000000000019130     BasePrintLib:PrintLibInternal.obj
 0002:00003a40       ??_C@_0M@BJJDNPHK@?$DMnull?5guid?$DO@ 0000000000019140     BasePrintLib:PrintLibInternal.obj
 0002:00003a50       ??_C@_0DB@PMLHLBMO@?$CF08x?9?$CF04x?9?$CF04x?9?$CF02x?$CF02x?9?$CF02x?$CF02@ 0000000000019150     BasePrintLib:PrintLibInternal.obj
 0002:00003a88       ??_C@_0M@LHGBCIKM@?$DMnull?5time?$DO@ 0000000000019188     BasePrintLib:PrintLibInternal.obj
 0002:00003a98       ??_C@_0BK@FCPKCIDD@?$CF02d?1?$CF02d?1?$CF04d?5?5?$CF02d?3?$CF02d@ 0000000000019198     BasePrintLib:PrintLibInternal.obj
 0002:00003ab4       ??_C@_04JIMNDDED@?$CF08X@  00000000000191b4     BasePrintLib:PrintLibInternal.obj
 0002:00003abc       ??_C@_02PCIJFNDE@?$AN?6@   00000000000191bc     BasePrintLib:PrintLibInternal.obj
 0002:00003ac0       ??_C@_01LIIJDEN@?$AN@      00000000000191c0     BasePrintLib:PrintLibInternal.obj
 0002:00003ad0       mWarningString             00000000000191d0     BasePrintLib:PrintLibInternal.obj
 0002:00003b70       mErrorString               0000000000019270     BasePrintLib:PrintLibInternal.obj
 0002:00003e30       mHexStr                    0000000000019530     BasePrintLib:PrintLibInternal.obj
 0002:00003e40       ??_C@_17LGKOMLJ@?$AA?4?$AA?4?$AA?4@ 0000000000019540     UefiLib:Console.obj
 0002:00003e48       ??_C@_06PLDEFKP@x?9UEFI@   0000000000019548     UefiHiiLib:HiiString.obj
 0002:00003e50       ??_C@_1M@DPLGJLCD@?$AAG?$AAU?$AAI?$AAD?$AA?$DN@ 0000000000019550     UefiHiiLib:HiiLib.obj
 0002:00003e60       ??_C@_1O@FMIENBLJ@?$AA?$CG?$AAN?$AAA?$AAM?$AAE?$AA?$DN@ 0000000000019560     UefiHiiLib:HiiLib.obj
 0002:00003e70       ??_C@_1O@GGMHNGIF@?$AA?$CG?$AAP?$AAA?$AAT?$AAH?$AA?$DN@ 0000000000019570     UefiHiiLib:HiiLib.obj
 0002:00003e80       ??_C@_1M@IDEFLMF@?$AA?$CF?$AAs?$AA?$CG?$AA?$CF?$AAs@ 0000000000019580     UefiHiiLib:HiiLib.obj
 0002:00003e90       mConfigHdrTemplate         0000000000019590     UefiHiiLib:HiiLib.obj
 0002:00003f00       mEndOfPakageList           0000000000019600     UefiHiiLib:HiiLib.obj
 0002:00003f10       gIp4AllMasks               0000000000019610     DxeNetLib:DxeNetLib.obj
 0002:000040c0       mPrivate                   00000000000197c0     IScsiDxe:IScsiDriver.obj
 0002:000040c8       gIScsiControllerNameTable  00000000000197c8     IScsiDxe:ComponentName.obj
 0002:000040d0       mCallbackInfo              00000000000197d0     IScsiDxe:IScsiConfig.obj
 0002:000040d8       mDataSegPad                00000000000197d8     IScsiDxe:IScsiProto.obj
 0002:000040dc       mIbftInstalled             00000000000197dc     IScsiDxe:IScsiIbft.obj
 0002:000040e0       gST                        00000000000197e0     UefiBootServicesTableLib:UefiBootServicesTableLib.obj
 0002:000040e8       gBS                        00000000000197e8     UefiBootServicesTableLib:UefiBootServicesTableLib.obj
 0002:000040f0       gRT                        00000000000197f0     UefiRuntimeServicesTableLib:UefiRuntimeServicesTableLib.obj
 0002:000040f8       mDevicePathLibDevicePathUtilities 00000000000197f8     UefiDevicePathLibDevicePathProtocol:UefiDevicePathLib.obj
 0002:00004100       gHiiConfigRouting          0000000000019800     UefiHiiServicesLib:UefiHiiServicesLib.obj
 0002:00004108       gHiiString                 0000000000019808     UefiHiiServicesLib:UefiHiiServicesLib.obj
 0002:00004110       gHiiFont                   0000000000019810     UefiHiiServicesLib:UefiHiiServicesLib.obj
 0002:00004118       gHiiImage                  0000000000019818     UefiHiiServicesLib:UefiHiiServicesLib.obj
 0002:00004120       gHiiDatabase               0000000000019820     UefiHiiServicesLib:UefiHiiServicesLib.obj
 0002:00004128       mUefiFormBrowser2          0000000000019828     UefiHiiLib:HiiLib.obj
 0002:00004130       mZeroIp4Addr               0000000000019830     DxeNetLib:DxeNetLib.obj
 0002:00004138       mPcd                       0000000000019838     DxePcdLib:DxePcdLib.obj
 0002:00004150       mTableKey                  0000000000019850     <common>
 0002:00004158       __volatile_metadata        0000000000019858     <linker-defined>

 entry point at        0001:00000260

 Static symbols

 0001:0000001a       InternalMemCopyMem.0       00000000000002ba     BaseMemoryLibRepStr:CopyMem.obj
 0001:0000002a       @CopyBackward              00000000000002ca     BaseMemoryLibRepStr:CopyMem.obj
 0001:00000033       @CopyBytes                 00000000000002d3     BaseMemoryLibRepStr:CopyMem.obj
 0001:0000017a       @UseRepIo                  000000000000041a     BaseIoLibIntrinsicSev:IoFifoSev.obj
 0001:0000017c       @SevNoRepIo_Done           000000000000041c     BaseIoLibIntrinsicSev:IoFifoSev.obj
 0001:00000194       @IoReadFifo8_NoRep         0000000000000434     BaseIoLibIntrinsicSev:IoFifoSev.obj
 0001:00000196       @IoReadFifo8_Loop          0000000000000436     BaseIoLibIntrinsicSev:IoFifoSev.obj
 0001:0000019e       @IoReadFifo8_Done          000000000000043e     BaseIoLibIntrinsicSev:IoFifoSev.obj
 0001:000001b7       @IoReadFifo16_NoRep        0000000000000457     BaseIoLibIntrinsicSev:IoFifoSev.obj
 0001:000001b9       @IoReadFifo16_Loop         0000000000000459     BaseIoLibIntrinsicSev:IoFifoSev.obj
 0001:000001c4       @IoReadFifo16_Done         0000000000000464     BaseIoLibIntrinsicSev:IoFifoSev.obj
 0001:000001dc       @IoReadFifo32_NoRep        000000000000047c     BaseIoLibIntrinsicSev:IoFifoSev.obj
 0001:000001de       @IoReadFifo32_Loop         000000000000047e     BaseIoLibIntrinsicSev:IoFifoSev.obj
 0001:000001e7       @IoReadFifo32_Done         0000000000000487     BaseIoLibIntrinsicSev:IoFifoSev.obj
 0001:000001ff       @IoWriteFifo8_NoRep        000000000000049f     BaseIoLibIntrinsicSev:IoFifoSev.obj
 0001:00000201       @IoWriteFifo8_Loop         00000000000004a1     BaseIoLibIntrinsicSev:IoFifoSev.obj
 0001:00000209       @IoWriteFifo8_Done         00000000000004a9     BaseIoLibIntrinsicSev:IoFifoSev.obj
 0001:00000222       @IoWriteFifo16_NoRep       00000000000004c2     BaseIoLibIntrinsicSev:IoFifoSev.obj
 0001:00000224       @IoWriteFifo16_Loop        00000000000004c4     BaseIoLibIntrinsicSev:IoFifoSev.obj
 0001:0000022f       @IoWriteFifo16_Done        00000000000004cf     BaseIoLibIntrinsicSev:IoFifoSev.obj
 0001:00000247       @IoWriteFifo32_NoRep       00000000000004e7     BaseIoLibIntrinsicSev:IoFifoSev.obj
 0001:00000249       @IoWriteFifo32_Loop        00000000000004e9     BaseIoLibIntrinsicSev:IoFifoSev.obj
 0001:00000252       @IoWriteFifo32_Done        00000000000004f2     BaseIoLibIntrinsicSev:IoFifoSev.obj
 0001:000150fc       sha256_block_data_order    000000000001539c f   OpensslLib:sha256.obj
 0002:00001c60       memset_func                0000000000017360     OpensslLib:mem_clr.obj
 0002:00001d50       mChapHash                  0000000000017450     IScsiDxe:IScsiCHAP.obj
 0002:00003fa0       K256                       00000000000196a0     OpensslLib:sha256.obj
 0002:00004140       mChapHashListString        0000000000019840     IScsiDxe:IScsiCHAP.obj
 0002:00004149       mRunningOnQ35              0000000000019849     DxePciLibI440FxQ35:PciLib.obj
 0004:00000000       $unwind$Md5Init            000000000001a2e0     BaseCryptLib:CryptMd5.obj
 0004:00000000       $unwind$SHA256_Init        000000000001a2e0     OpensslLib:sha256.obj
 0004:00000000       $unwind$HiiAllocateOpCodeHandle 000000000001a2e0     UefiHiiLib:HiiLib.obj
 0004:00000000       $unwind$HiiFreeOpCodeHandle 000000000001a2e0     UefiHiiLib:HiiLib.obj
 0004:00000000       $unwind$SaveAndDisableInterrupts 000000000001a2e0     BaseLib:Cpu.obj
 0004:00000000       $unwind$AsciiStrHexToUintnS 000000000001a2e0     BaseLib:SafeString.obj
 0004:00000000       $unwind$UnicodeStrToAsciiStrS 000000000001a2e0     BaseLib:SafeString.obj
 0004:00000000       $unwind$PciCf8Read32       000000000001a2e0     BasePciCf8Lib:PciCf8Lib.obj
 0004:00000000       $unwind$_ModuleEntryPoint  000000000001a2e0     UefiDriverEntryPoint:DriverEntryPoint.obj
 0004:00000000       $unwind$AllocateZeroPool   000000000001a2e0     UefiMemoryAllocationLib:MemoryAllocationLib.obj
 0004:00000000       $unwind$IScsiOnExitBootService 000000000001a2e0     IScsiDxe:IScsiMisc.obj
 0004:00000000       $unwind$IScsiFreeKeyValueList 000000000001a2e0     IScsiDxe:IScsiProto.obj
 0004:00000000       $unwind$IScsiFreeNbufList  000000000001a2e0     IScsiDxe:IScsiProto.obj
 0004:00000000       $unwind$IScsiOnNopInRcvd   000000000001a2e0     IScsiDxe:IScsiProto.obj
 0004:00000000       $unwind$NetLibGetNicHandle 000000000001a2e0     DxeNetLib:DxeNetLib.obj
 0004:00000000       $unwind$NetbufFree         000000000001a2e0     DxeNetLib:NetBuffer.obj
 0004:00000008       $unwind$ProcessLibraryConstructorList 000000000001a2e8     IScsiDxe:AutoGen.obj
 0004:00000014       $unwind$IScsiCheckAip      000000000001a2f4     IScsiDxe:IScsiDriver.obj
 0004:00000020       $unwind$IScsiSupported     000000000001a300     IScsiDxe:IScsiDriver.obj
 0004:00000020       $unwind$IScsiSendDataOutPduSequence 000000000001a300     IScsiDxe:IScsiProto.obj
 0004:0000003c       $unwind$IScsiStart         000000000001a31c     IScsiDxe:IScsiDriver.obj
 0004:00000054       $unwind$IScsiStop          000000000001a334     IScsiDxe:IScsiDriver.obj
 0004:00000068       $unwind$StrCpyS            000000000001a348     BaseLib:SafeString.obj
 0004:00000068       $unwind$StrHexToUintnS     000000000001a348     BaseLib:SafeString.obj
 0004:00000068       $unwind$AsciiStrHexToUint64 000000000001a348     BaseLib:String.obj
 0004:00000068       $unwind$StrHexToUint64     000000000001a348     BaseLib:String.obj
 0004:00000068       $unwind$GetPcdProtocol     000000000001a348     DxePcdLib:DxePcdLib.obj
 0004:00000068       $unwind$DevicePathFromHandle 000000000001a348     UefiDevicePathLibDevicePathProtocol:UefiDevicePathLib.obj
 0004:00000068       $unwind$IsLanguageSupported 000000000001a348     UefiLib:UefiLib.obj
 0004:00000068       $unwind$InternalAllocatePool 000000000001a348     UefiMemoryAllocationLib:MemoryAllocationLib.obj
 0004:00000068       $unwind$IScsiIp4DriverBindingStart 000000000001a348     IScsiDxe:IScsiDriver.obj
 0004:00000068       $unwind$IScsiIp6DriverBindingStart 000000000001a348     IScsiDxe:IScsiDriver.obj
 0004:00000068       $unwind$IScsiNetNtoi       000000000001a348     IScsiDxe:IScsiMisc.obj
 0004:00000068       $unwind$IScsiNormalizeName 000000000001a348     IScsiDxe:IScsiProto.obj
 0004:00000068       $unwind$NetLibGetVlanId    000000000001a348     DxeNetLib:DxeNetLib.obj
 0004:00000070       $unwind$HiiCreateEndOpCode 000000000001a350     UefiHiiLib:HiiLib.obj
 0004:00000070       $unwind$IScsiComponentNameGetDriverName 000000000001a350     IScsiDxe:ComponentName.obj
 0004:00000070       $unwind$IScsiIp4DriverBindingStop 000000000001a350     IScsiDxe:IScsiDriver.obj
 0004:00000070       $unwind$IScsiIp6DriverBindingStop 000000000001a350     IScsiDxe:IScsiDriver.obj
 0004:00000070       $unwind$IScsiGetInitiatorName 000000000001a350     IScsiDxe:IScsiInitiatorName.obj
 0004:00000078       $unwind$IScsiUnload        000000000001a358     IScsiDxe:IScsiDriver.obj
 0004:00000088       $unwind$IScsiDriverEntryPoint 000000000001a368     IScsiDxe:IScsiDriver.obj
 0004:00000098       $unwind$IScsiCHAPCalculateResponse 000000000001a378     IScsiDxe:IScsiCHAP.obj
 0004:000000b4       $unwind$IScsiCHAPAuthTarget 000000000001a394     IScsiDxe:IScsiCHAP.obj
 0004:000000c4       $unwind$IScsiCHAPOnRspReceived 000000000001a3a4     IScsiDxe:IScsiCHAP.obj
 0004:000000e0       $unwind$IScsiCHAPToSendReq 000000000001a3c0     IScsiDxe:IScsiCHAP.obj
 0004:000000fc       $unwind$IScsiAsciiStrToLun 000000000001a3dc     IScsiDxe:IScsiMisc.obj
 0004:00000110       $unwind$IScsiLunToUnicodeStr 000000000001a3f0     IScsiDxe:IScsiMisc.obj
 0004:0000012c       $unwind$HiiIsConfigHdrMatch 000000000001a40c     UefiHiiLib:HiiLib.obj
 0004:0000012c       $unwind$InternalHiiCompareSubString 000000000001a40c     UefiHiiLib:HiiLib.obj
 0004:0000012c       $unwind$StrCatS            000000000001a40c     BaseLib:SafeString.obj
 0004:0000012c       $unwind$StrnCpyS           000000000001a40c     BaseLib:SafeString.obj
 0004:0000012c       $unwind$FreeUnicodeStringTable 000000000001a40c     UefiLib:UefiLib.obj
 0004:0000012c       $unwind$LookupUnicodeString2 000000000001a40c     UefiLib:UefiLib.obj
 0004:0000012c       $unwind$IScsiGetAttemptIndexList 000000000001a40c     IScsiDxe:IScsiConfig.obj
 0004:0000012c       $unwind$IScsiAsciiStrToIp  000000000001a40c     IScsiDxe:IScsiMisc.obj
 0004:0000012c       $unwind$IScsiBuildKeyValueList 000000000001a40c     IScsiDxe:IScsiProto.obj
 0004:0000012c       $unwind$IScsiConnReset     000000000001a40c     IScsiDxe:IScsiProto.obj
 0004:0000012c       $unwind$IScsiNewTcb        000000000001a40c     IScsiDxe:IScsiProto.obj
 0004:0000012c       $unwind$IScsiOnDataInRcvd  000000000001a40c     IScsiDxe:IScsiProto.obj
 0004:0000012c       $unwind$NetbufAlloc        000000000001a40c     DxeNetLib:NetBuffer.obj
 0004:0000012c       $unwind$NetbufAllocStruct  000000000001a40c     DxeNetLib:NetBuffer.obj
 0004:0000013c       $unwind$InternalReallocatePool 000000000001a41c     UefiMemoryAllocationLib:MemoryAllocationLib.obj
 0004:0000013c       $unwind$IScsiConvertIsIdToString 000000000001a41c     IScsiDxe:IScsiConfig.obj
 0004:0000013c       $unwind$IScsiDhcpSelectOffer 000000000001a41c     IScsiDxe:IScsiDhcp.obj
 0004:0000013c       $unwind$IScsiExtScsiPassThruFunction 000000000001a41c     IScsiDxe:IScsiExtScsiPassThru.obj
 0004:0000013c       $unwind$IScsiExtScsiPassThruGetTargetLun 000000000001a41c     IScsiDxe:IScsiExtScsiPassThru.obj
 0004:0000013c       $unwind$IScsiMacAddrToStr  000000000001a41c     IScsiDxe:IScsiMisc.obj
 0004:0000013c       $unwind$IScsiGetValueByKeyFromList 000000000001a41c     IScsiDxe:IScsiProto.obj
 0004:0000013c       $unwind$IScsiOnR2TRcvd     000000000001a41c     IScsiDxe:IScsiProto.obj
 0004:0000013c       $unwind$IScsiOnScsiRspRcvd 000000000001a41c     IScsiDxe:IScsiProto.obj
 0004:0000013c       $unwind$IScsiSendLoginReq  000000000001a41c     IScsiDxe:IScsiProto.obj
 0004:00000150       $unwind$StrDecimalToUintnS 000000000001a430     BaseLib:SafeString.obj
 0004:00000150       $unwind$IScsiBinToHex      000000000001a430     IScsiDxe:IScsiMisc.obj
 0004:0000015c       $unwind$IScsiHexToBin      000000000001a43c     IScsiDxe:IScsiMisc.obj
 0004:00000170       $unwind$IScsiGenRandom     000000000001a450     IScsiDxe:IScsiMisc.obj
 0004:00000180       $unwind$IScsiCheckIpv6Support 000000000001a460     IScsiDxe:IScsiMisc.obj
 0004:00000190       $unwind$IScsiAddNic        000000000001a470     IScsiDxe:IScsiMisc.obj
 0004:000001a4       $unwind$IScsiRemoveNic     000000000001a484     IScsiDxe:IScsiMisc.obj
 0004:000001b0       $unwind$IScsiCreateAttempts 000000000001a490     IScsiDxe:IScsiMisc.obj
 0004:000001c4       $unwind$IScsiCreateKeywords 000000000001a4a4     IScsiDxe:IScsiMisc.obj
 0004:000001dc       $unwind$IScsiGetVariableAndSize 000000000001a4bc     IScsiDxe:IScsiMisc.obj
 0004:000001f0       $unwind$IScsiConfigFormInit 000000000001a4d0     IScsiDxe:IScsiConfig.obj
 0004:000001f0       $unwind$IScsiExtScsiPassThruGetNextTargetLun 000000000001a4d0     IScsiDxe:IScsiExtScsiPassThru.obj
 0004:000001f0       $unwind$IScsiCreateDriverData 000000000001a4d0     IScsiDxe:IScsiMisc.obj
 0004:00000200       $unwind$InternalHiiAppendOpCodes 000000000001a4e0     UefiHiiLib:HiiLib.obj
 0004:00000200       $unwind$InternalHiiCreateOpCodeExtended 000000000001a4e0     UefiHiiLib:HiiLib.obj
 0004:00000200       $unwind$InternalHiiGrowOpCodeHandle 000000000001a4e0     UefiHiiLib:HiiLib.obj
 0004:00000200       $unwind$InternalAllocateCopyPool 000000000001a4e0     UefiMemoryAllocationLib:MemoryAllocationLib.obj
 0004:00000200       $unwind$IScsiAddHeapItem   000000000001a4e0     IScsiDxe:IScsiIbft.obj
 0004:00000200       $unwind$IScsiInitIbfTableHeader 000000000001a4e0     IScsiDxe:IScsiIbft.obj
 0004:00000200       $unwind$IScsiMapV4ToV6Addr 000000000001a4e0     IScsiDxe:IScsiIbft.obj
 0004:00000200       $unwind$IScsiCleanDriverData 000000000001a4e0     IScsiDxe:IScsiMisc.obj
 0004:00000200       $unwind$NetbufFreeList     000000000001a4e0     DxeNetLib:NetBuffer.obj
 0004:00000200       $unwind$NetbufFreeVector   000000000001a4e0     DxeNetLib:NetBuffer.obj
 0004:0000020c       $unwind$IScsiDhcpIsConfigured 000000000001a4ec     IScsiDxe:IScsiMisc.obj
 0004:00000224       $unwind$IScsiDnsIsConfigured 000000000001a504     IScsiDxe:IScsiMisc.obj
 0004:00000238       $unwind$IScsiGetConfigData 000000000001a518     IScsiDxe:IScsiMisc.obj
 0004:00000254       $unwind$IScsiGetTcpConnDevicePath 000000000001a534     IScsiDxe:IScsiMisc.obj
 0004:00000268       $unwind$IScsiTestManagedDevice 000000000001a548     IScsiDxe:IScsiMisc.obj
 0004:0000027c       $unwind$IScsiComponentNameGetControllerName 000000000001a55c     IScsiDxe:ComponentName.obj
 0004:00000294       $unwind$IScsiIpToStr       000000000001a574     IScsiDxe:IScsiConfig.obj
 0004:000002ac       $unwind$IScsiParseIsIdFromString 000000000001a58c     IScsiDxe:IScsiConfig.obj
 0004:000002c0       $unwind$IScsiGetValue      000000000001a5a0     IScsiDxe:IScsiConfig.obj
 0004:000002c0       $unwind$IScsiAddKeyValuePair 000000000001a5a0     IScsiDxe:IScsiProto.obj
 0004:000002c0       $unwind$IScsiCheckOpParams 000000000001a5a0     IScsiDxe:IScsiProto.obj
 0004:000002c0       $unwind$IScsiProcessLoginRsp 000000000001a5a0     IScsiDxe:IScsiProto.obj
 0004:000002dc       $unwind$IScsiConvertAttemptConfigDataToIfrNvData 000000000001a5bc     IScsiDxe:IScsiConfig.obj
 0004:000002f4       $unwind$IScsiConvertAttemptConfigDataToIfrNvDataByKeyword 000000000001a5d4     IScsiDxe:IScsiConfig.obj
 0004:00000314       $unwind$IScsiConvertIfrNvDataToAttemptConfigData 000000000001a5f4     IScsiDxe:IScsiConfig.obj
 0004:00000330       $unwind$IScsiConvertlfrNvDataToAttemptConfigDataByKeyword 000000000001a610     IScsiDxe:IScsiConfig.obj
 0004:0000034c       $unwind$MD5_Update         000000000001a62c     OpensslLib:md5_dgst.obj
 0004:0000034c       $unwind$SHA256_Final       000000000001a62c     OpensslLib:sha256.obj
 0004:0000034c       $unwind$SHA256_Update      000000000001a62c     OpensslLib:sha256.obj
 0004:0000034c       $unwind$IScsiCreateOpCode  000000000001a62c     IScsiDxe:IScsiConfig.obj
 0004:0000034c       $unwind$NetbufCopy         000000000001a62c     DxeNetLib:NetBuffer.obj
 0004:0000034c       $unwind$NetbufQueCopy      000000000001a62c     DxeNetLib:NetBuffer.obj
 0004:00000364       $unwind$IScsiConfigUpdateAttempt 000000000001a644     IScsiDxe:IScsiConfig.obj
 0004:00000370       $unwind$IScsiConfigAddAttempt 000000000001a650     IScsiDxe:IScsiConfig.obj
 0004:00000380       $unwind$IScsiConfigAddAttemptsByKeywords 000000000001a660     IScsiDxe:IScsiConfig.obj
 0004:00000398       $unwind$IScsiConfigDeleteAttempts 000000000001a678     IScsiDxe:IScsiConfig.obj
 0004:000003b0       $unwind$IScsiConfigDisplayDeleteAttempts 000000000001a690     IScsiDxe:IScsiConfig.obj
 0004:000003c4       $unwind$IScsiConfigDisplayOrderAttempts 000000000001a6a4     IScsiDxe:IScsiConfig.obj
 0004:000003d4       $unwind$IScsiConfigOrderAttempts 000000000001a6b4     IScsiDxe:IScsiConfig.obj
 0004:000003e8       $unwind$IScsiConfigProcessDefault 000000000001a6c8     IScsiDxe:IScsiConfig.obj
 0004:00000400       $unwind$IScsiFormExtractConfig 000000000001a6e0     IScsiDxe:IScsiConfig.obj
 0004:0000041c       $unwind$IScsiFormRouteConfig 000000000001a6fc     IScsiDxe:IScsiConfig.obj
 0004:00000438       $unwind$IScsiFormCallback  000000000001a718     IScsiDxe:IScsiConfig.obj
 0004:00000454       $unwind$IScsiConfigFormUnload 000000000001a734     IScsiDxe:IScsiConfig.obj
 0004:00000454       $unwind$IScsiExtScsiPassThruGetNextTarget 000000000001a734     IScsiDxe:IScsiExtScsiPassThru.obj
 0004:0000045c       $unwind$IScsiCreateConnection 000000000001a73c     IScsiDxe:IScsiProto.obj
 0004:00000478       $unwind$IScsiGetIp6NicInfo 000000000001a758     IScsiDxe:IScsiProto.obj
 0004:00000490       $unwind$IScsiSessionLogin  000000000001a770     IScsiDxe:IScsiProto.obj
 0004:000004a8       $unwind$IScsiSessionReLogin 000000000001a788     IScsiDxe:IScsiProto.obj
 0004:000004b8       $unwind$IScsiUpdateTargetAddress 000000000001a798     IScsiDxe:IScsiProto.obj
 0004:000004cc       $unwind$IScsiReceivePdu    000000000001a7ac     IScsiDxe:IScsiProto.obj
 0004:000004e8       $unwind$IScsiFillOpParams  000000000001a7c8     IScsiDxe:IScsiProto.obj
 0004:00000508       $unwind$IScsiNewDataSegment 000000000001a7e8     IScsiDxe:IScsiProto.obj
 0004:00000510       $unwind$IScsiNewScsiCmdPdu 000000000001a7f0     IScsiDxe:IScsiProto.obj
 0004:00000528       $unwind$IScsiNewDataOutPdu 000000000001a808     IScsiDxe:IScsiProto.obj
 0004:00000540       $unwind$IScsiExecuteScsiCommand 000000000001a820     IScsiDxe:IScsiProto.obj
 0004:00000558       $unwind$IScsiSessionAbort  000000000001a838     IScsiDxe:IScsiProto.obj
 0004:00000558       $unwind$NetbufFromExt      000000000001a838     DxeNetLib:NetBuffer.obj
 0004:0000056c       $unwind$EfiTestChildHandle 000000000001a84c     UefiLib:UefiLib.obj
 0004:0000056c       $unwind$IScsiSetInitiatorName 000000000001a84c     IScsiDxe:IScsiInitiatorName.obj
 0004:0000056c       $unwind$NetLibGetSnpHandle 000000000001a84c     DxeNetLib:DxeNetLib.obj
 0004:0000056c       $unwind$NetbufFromBufList  000000000001a84c     DxeNetLib:NetBuffer.obj
 0004:00000578       $unwind$IScsiFillNICAndTargetSections 000000000001a858     IScsiDxe:IScsiIbft.obj
 0004:00000590       $unwind$IScsiPublishIbft   000000000001a870     IScsiDxe:IScsiIbft.obj
 0004:000005a0       $unwind$IScsiDhcpExtractRootPath 000000000001a880     IScsiDxe:IScsiDhcp.obj
 0004:000005a0       $unwind$IScsiDhcp6ExtractRootPath 000000000001a880     IScsiDxe:IScsiDhcp6.obj
 0004:000005b8       $unwind$IScsiDhcp6ParseReply 000000000001a898     IScsiDxe:IScsiDhcp6.obj
 0004:000005d0       $unwind$IScsiDoDhcp6       000000000001a8b0     IScsiDxe:IScsiDhcp6.obj
 0004:000005e8       $unwind$IScsiParseDhcpAck  000000000001a8c8     IScsiDxe:IScsiDhcp.obj
 0004:00000604       $unwind$IScsiDoDhcp        000000000001a8e4     IScsiDxe:IScsiDhcp.obj
 0004:0000061c       $unwind$IScsiExtScsiPassThruBuildDevicePath 000000000001a8fc     IScsiDxe:IScsiExtScsiPassThru.obj
 0004:00000638       $unwind$IScsiDns4          000000000001a918     IScsiDxe:IScsiDns.obj
 0004:00000654       $unwind$IScsiDns6          000000000001a934     IScsiDxe:IScsiDns.obj
 0004:00000670       $unwind$AsciiStrDecimalToUintnS 000000000001a950     BaseLib:SafeString.obj
 0004:00000670       $unwind$EfiGetSystemConfigurationTable 000000000001a950     UefiLib:UefiLib.obj
 0004:00000670       $unwind$NetbufBuildExt     000000000001a950     DxeNetLib:NetBuffer.obj
 0004:00000678       $unwind$AsciiStrToIpv6Address 000000000001a958     BaseLib:SafeString.obj
 0004:00000690       $unwind$AsciiSPrint        000000000001a970     BasePrintLib:PrintLib.obj
 0004:00000690       $unwind$UnicodeSPrint      000000000001a970     BasePrintLib:PrintLib.obj
 0004:00000698       $unwind$BasePrintLibConvertValueToStringS 000000000001a978     BasePrintLib:PrintLibInternal.obj
 0004:000006a8       $unwind$BasePrintLibSPrintMarker 000000000001a988     BasePrintLib:PrintLibInternal.obj
 0004:000006c4       $unwind$BasePrintLibSPrint 000000000001a9a4     BasePrintLib:PrintLibInternal.obj
 0004:000006cc       $unwind$MD5_Final          000000000001a9ac     OpensslLib:md5_dgst.obj
 0004:000006cc       $unwind$AddUnicodeString2  000000000001a9ac     UefiLib:UefiLib.obj
 0004:000006cc       $unwind$TcpIoTransmit      000000000001a9ac     DxeTcpIoLib:DxeTcpIoLib.obj
 0004:000006e4       $unwind$GetVariable2       000000000001a9c4     UefiLib:UefiLib.obj
 0004:000006f0       $unwind$EfiLibInstallDriverBindingComponentName2 000000000001a9d0     UefiLib:UefiDriverModel.obj
 0004:000006f0       $unwind$EfiLibUninstallDriverBindingComponentName2 000000000001a9d0     UefiLib:UefiDriverModel.obj
 0004:000006f8       $unwind$UefiLibGetStringWidth 000000000001a9d8     UefiLib:Console.obj
 0004:0000070c       $unwind$CreatePopUp        000000000001a9ec     UefiLib:Console.obj
 0004:00000724       $unwind$AsciiInternalPrint 000000000001aa04     UefiLib:UefiLibPrint.obj
 0004:0000073c       $unwind$AsciiPrint         000000000001aa1c     UefiLib:UefiLibPrint.obj
 0004:00000744       $unwind$HiiSetString       000000000001aa24     UefiHiiLib:HiiString.obj
 0004:00000760       $unwind$HiiAddPackages     000000000001aa40     UefiHiiLib:HiiLib.obj
 0004:00000774       $unwind$InternalHiiBrowserCallback 000000000001aa54     UefiHiiLib:HiiLib.obj
 0004:00000784       $unwind$HiiConstructConfigHdr 000000000001aa64     UefiHiiLib:HiiLib.obj
 0004:000007a0       $unwind$HiiGetBrowserData  000000000001aa80     UefiHiiLib:HiiLib.obj
 0004:000007b4       $unwind$HiiSetBrowserData  000000000001aa94     UefiHiiLib:HiiLib.obj
 0004:000007c8       $unwind$HiiCreateGuidOpCode 000000000001aaa8     UefiHiiLib:HiiLib.obj
 0004:000007d0       $unwind$HiiCreateGotoOpCode 000000000001aab0     UefiHiiLib:HiiLib.obj
 0004:000007e0       $unwind$HiiCreateNumericOpCode 000000000001aac0     UefiHiiLib:HiiLib.obj
 0004:000007f8       $unwind$HiiCreateStringOpCode 000000000001aad8     UefiHiiLib:HiiLib.obj
 0004:0000080c       $unwind$InternalHiiUpdateFormPackageData 000000000001aaec     UefiHiiLib:HiiLib.obj
 0004:00000824       $unwind$HiiUpdateForm      000000000001ab04     UefiHiiLib:HiiLib.obj
 0004:0000083c       $unwind$HiiGetSupportedLanguages 000000000001ab1c     UefiHiiLib:HiiLanguage.obj
 0004:0000084c       $unwind$NetLibCreateServiceChild 000000000001ab2c     DxeNetLib:DxeNetLib.obj
 0004:0000084c       $unwind$NetLibDestroyServiceChild 000000000001ab2c     DxeNetLib:DxeNetLib.obj
 0004:00000854       $unwind$NetLibGetMacAddress 000000000001ab34     DxeNetLib:DxeNetLib.obj
 0004:0000086c       $unwind$NetLibDetectMedia  000000000001ab4c     DxeNetLib:DxeNetLib.obj
 0004:00000884       $unwind$NetLibDetectMediaWaitTimeout 000000000001ab64     DxeNetLib:DxeNetLib.obj
 0004:0000089c       $unwind$NetLibAsciiStrToIp4 000000000001ab7c     DxeNetLib:DxeNetLib.obj
 0004:000008ac       $unwind$NetLibStrToIp4     000000000001ab8c     DxeNetLib:DxeNetLib.obj
 0004:000008bc       $unwind$NetbufAllocSpace   000000000001ab9c     DxeNetLib:NetBuffer.obj
 0004:000008cc       $unwind$TcpIoGetMapping    000000000001abac     DxeTcpIoLib:DxeTcpIoLib.obj
 0004:000008dc       $unwind$TcpIoCreateSocket  000000000001abbc     DxeTcpIoLib:DxeTcpIoLib.obj
 0004:000008fc       $unwind$TcpIoDestroySocket 000000000001abdc     DxeTcpIoLib:DxeTcpIoLib.obj
 0004:00000910       $unwind$TcpIoReceive       000000000001abf0     DxeTcpIoLib:DxeTcpIoLib.obj
 0004:00000928       $unwind$md5_block_data_order 000000000001ac08     OpensslLib:md5_dgst.obj
 0004:00000940       $unwind$sha256_block_data_order 000000000001ac20     OpensslLib:sha256.obj
