 UiApp

 Timestamp is 62b57319 (Fri Jun 24 16:17:29 2022)

 Preferred load address is 0000000000000000

 Start         Length     Name                   Class
 0001:00000000 00000134H .text                   CODE
 0001:00000134 0001823eH .text$mn                CODE
 0002:00000000 000047b4H .rdata                  DATA
 0002:000047b4 00000078H .rdata$voltmd           DATA
 0002:0000482c 00000138H .rdata$zzzdbg           DATA
 0003:00000000 00006ec0H .data                   DATA
 0003:00006ec0 00000240H .bss                    DATA
 0004:00000000 00000c00H .pdata                  DATA
 0005:00000000 00000b58H .xdata                  DATA

  Address         Publics by Value              Rva+Base               Lib:Object

 0000:00000000       __guard_longjmp_count      0000000000000000     <absolute>
 0000:00000000       __guard_longjmp_table      0000000000000000     <absolute>
 0000:00000000       __guard_fids_count         0000000000000000     <absolute>
 0000:00000000       __guard_iat_count          0000000000000000     <absolute>
 0000:00000000       __arm64x_extra_rfe_table   0000000000000000     <absolute>
 0000:00000000       __x64_code_ranges_to_entry_points_count 0000000000000000     <absolute>
 0000:00000000       __dynamic_value_reloc_table 0000000000000000     <absolute>
 0000:00000000       __guard_iat_table          0000000000000000     <absolute>
 0000:00000000       __hybrid_auxiliary_iat     0000000000000000     <absolute>
 0000:00000000       __hybrid_auxiliary_iat_copy 0000000000000000     <absolute>
 0000:00000000       __hybrid_code_map          0000000000000000     <absolute>
 0000:00000000       __arm64x_redirection_metadata 0000000000000000     <absolute>
 0000:00000000       __arm64x_extra_rfe_table_size 0000000000000000     <absolute>
 0000:00000000       __x64_code_ranges_to_entry_points 0000000000000000     <absolute>
 0000:00000000       __AbsoluteZero             0000000000000000     <absolute>
 0000:00000000       __guard_check_icall_a64n_fptr 0000000000000000     <absolute>
 0000:00000000       __guard_flags              0000000000000000     <absolute>
 0000:00000000       __guard_eh_cont_count      0000000000000000     <absolute>
 0000:00000000       __guard_fids_table         0000000000000000     <absolute>
 0000:00000000       __arm64x_redirection_metadata_count 0000000000000000     <absolute>
 0000:00000000       __enclave_config           0000000000000000     <absolute>
 0000:00000000       __hybrid_code_map_count    0000000000000000     <absolute>
 0000:00000000       __guard_eh_cont_table      0000000000000000     <absolute>
 0000:00000000       __arm64x_native_entrypoint 0000000000000000     <absolute>
 0000:00000000       __ImageBase                0000000000000000     <linker-defined>
 0001:00000000       InternalMemCopyMem         00000000000002c0     BaseMemoryLibRepStr:CopyMem.obj
 0001:00000040       InternalMemZeroMem         0000000000000300     BaseMemoryLibRepStr:ZeroMem.obj
 0001:00000060       InternalMemSetMem          0000000000000320     BaseMemoryLibRepStr:SetMem.obj
 0001:00000080       InternalMemSetMem16        0000000000000340     BaseMemoryLibRepStr:SetMem16.obj
 0001:000000a0       InternalMemCompareMem      0000000000000360     BaseMemoryLibRepStr:CompareMem.obj
 0001:000000c0       InternalMemIsZeroBuffer    0000000000000380     BaseMemoryLibRepStr:IsZeroBuffer.obj
 0001:000000f0       InternalMemSetMem64        00000000000003b0     BaseMemoryLibRepStr:SetMem64.obj
 0001:00000110       InternalMemSetMem32        00000000000003d0     BaseMemoryLibRepStr:SetMem32.obj
 0001:00000130       CpuPause                   00000000000003f0     BaseLib:CpuPause.obj
 0001:00000134       _ModuleEntryPoint          00000000000003f4 f   UefiApplicationEntryPoint:ApplicationEntryPoint.obj
 0001:00000158       ProcessLibraryConstructorList 0000000000000418 f   UiApp:AutoGen.obj
 0001:00000720       ProcessLibraryDestructorList 00000000000009e0 f   UiApp:AutoGen.obj
 0001:000009c4       DeviceManagerExtractConfig 0000000000000c84 f   DeviceManagerUiLib:DeviceManager.obj
 0001:000009c4       LibExtractConfig           0000000000000c84 f   FileExplorerLib:FileExplorer.obj
 0001:000009c4       BootManagerExtractConfig   0000000000000c84 f   BootManagerUiLib:BootManager.obj
 0001:000009c4       FakeExtractConfig          0000000000000c84 f   UiApp:FrontPage.obj
 0001:000009e8       DeviceManagerRouteConfig   0000000000000ca8 f   DeviceManagerUiLib:DeviceManager.obj
 0001:000009e8       BootManagerRouteConfig     0000000000000ca8 f   BootManagerUiLib:BootManager.obj
 0001:000009e8       LibRouteConfig             0000000000000ca8 f   FileExplorerLib:FileExplorer.obj
 0001:000009e8       FakeRouteConfig            0000000000000ca8 f   UiApp:FrontPage.obj
 0001:00000a0c       FrontPageCallback          0000000000000ccc f   UiApp:FrontPage.obj
 0001:00000ac0       UpdateFrontPageForm        0000000000000d80 f   UiApp:FrontPage.obj
 0001:00000bf8       ConvertProcessorToString   0000000000000eb8 f   UiApp:FrontPage.obj
 0001:00000d04       GetOptionalStringByIndex   0000000000000fc4 f   UiApp:FrontPage.obj
 0001:00000da4       UpdateFrontPageBannerStrings 0000000000001064 f   UiApp:FrontPage.obj
 0001:000011a0       UiSetConsoleMode           0000000000001460 f   UiApp:FrontPage.obj
 0001:000015c8       InitializeUserInterface    0000000000001888 f   UiApp:FrontPage.obj
 0001:000017c4       UiEntry                    0000000000001a84 f   UiApp:FrontPage.obj
 0001:00001afc       UiCustomizeFrontPageBanner 0000000000001dbc f   UiApp:FrontPageCustomizedUi.obj
 0001:00001b48       GetNextLanguage            0000000000001e08 f   UiApp:FrontPageCustomizedUiSupport.obj
 0001:00001c04       LanguageChangeHandler      0000000000001ec4 f   UiApp:FrontPageCustomizedUiSupport.obj
 0001:00001d10       UiCreateLanguageMenu       0000000000001fd0 f   UiApp:FrontPageCustomizedUiSupport.obj
 0001:00002210       UiListThirdPartyDrivers    00000000000024d0 f   UiApp:FrontPageCustomizedUiSupport.obj
 0001:00002684       GetPcdProtocol             0000000000002944 f   DxePcdLib:DxePcdLib.obj
 0001:00002710       CopyMem                    00000000000029d0 f   BaseMemoryLibRepStr:CopyMemWrapper.obj
 0001:000027ac       CopyGuid                   0000000000002a6c f   BaseMemoryLibRepStr:MemLibGuid.obj
 0001:0000285c       CompareGuid                0000000000002b1c f   BaseMemoryLibRepStr:MemLibGuid.obj
 0001:00002920       StrnLenS                   0000000000002be0 f   BaseLib:SafeString.obj
 0001:00002988       StrCpyS                    0000000000002c48 f   BaseLib:SafeString.obj
 0001:00002b2c       StrnCpyS                   0000000000002dec f   BaseLib:SafeString.obj
 0001:00002d04       StrCatS                    0000000000002fc4 f   BaseLib:SafeString.obj
 0001:00002eec       StrnCatS                   00000000000031ac f   BaseLib:SafeString.obj
 0001:000030d0       AsciiStrToUnicodeStrS      0000000000003390 f   BaseLib:SafeString.obj
 0001:00003258       StrLen                     0000000000003518 f   BaseLib:String.obj
 0001:000032e0       StrCmp                     00000000000035a0 f   BaseLib:String.obj
 0001:00003388       StrnCmp                    0000000000003648 f   BaseLib:String.obj
 0001:00003470       StrStr                     0000000000003730 f   BaseLib:String.obj
 0001:00003538       AsciiStrLen                00000000000037f8 f   BaseLib:String.obj
 0001:000035a4       AsciiStrnCmp               0000000000003864 f   BaseLib:String.obj
 0001:00003670       UnicodeVSPrint             0000000000003930 f   BasePrintLib:PrintLib.obj
 0001:00003704       UnicodeSPrint              00000000000039c4 f   BasePrintLib:PrintLib.obj
 0001:00003724       UnicodeValueToStringS      00000000000039e4 f   BasePrintLib:PrintLib.obj
 0001:00003794       AsciiSPrint                0000000000003a54 f   BasePrintLib:PrintLib.obj
 0001:000037c0       BasePrintLibFillBuffer     0000000000003a80 f   BasePrintLib:PrintLibInternal.obj
 0001:000037f4       BasePrintLibValueToString  0000000000003ab4 f   BasePrintLib:PrintLibInternal.obj
 0001:00003860       BasePrintLibConvertValueToStringS 0000000000003b20 f   BasePrintLib:PrintLibInternal.obj
 0001:00003b3c       BasePrintLibSPrintMarker   0000000000003dfc f   BasePrintLib:PrintLibInternal.obj
 0001:00004a54       BasePrintLibSPrint         0000000000004d14 f   BasePrintLib:PrintLibInternal.obj
 0001:00004a78       DebugPrint                 0000000000004d38 f   BaseDebugLibSerialPort:DebugLib.obj
 0001:00004a9c       DebugPrintMarker           0000000000004d5c f   BaseDebugLibSerialPort:DebugLib.obj
 0001:00004b4c       DebugAssert                0000000000004e0c f   BaseDebugLibSerialPort:DebugLib.obj
 0001:00004bc4       FreePages                  0000000000004e84 f   UefiMemoryAllocationLib:MemoryAllocationLib.obj
 0001:00004c40       InternalAllocatePool       0000000000004f00 f   UefiMemoryAllocationLib:MemoryAllocationLib.obj
 0001:00004c70       AllocateZeroPool           0000000000004f30 f   UefiMemoryAllocationLib:MemoryAllocationLib.obj
 0001:00004c98       InternalAllocateCopyPool   0000000000004f58 f   UefiMemoryAllocationLib:MemoryAllocationLib.obj
 0001:00004d10       InternalReallocatePool     0000000000004fd0 f   UefiMemoryAllocationLib:MemoryAllocationLib.obj
 0001:00004d8c       FreePool                   000000000000504c f   UefiMemoryAllocationLib:MemoryAllocationLib.obj
 0001:00004dd0       IsDevicePathValid          0000000000005090 f   UefiDevicePathLibDevicePathProtocol:UefiDevicePathLib.obj
 0001:00004ec4       DevicePathNodeLength       0000000000005184 f   UefiDevicePathLibDevicePathProtocol:UefiDevicePathLib.obj
 0001:00004f0c       IsDevicePathEnd            00000000000051cc f   UefiDevicePathLibDevicePathProtocol:UefiDevicePathLib.obj
 0001:00004f84       SetDevicePathNodeLength    0000000000005244 f   UefiDevicePathLibDevicePathProtocol:UefiDevicePathLib.obj
 0001:00005004       DevicePathFromHandle       00000000000052c4 f   UefiDevicePathLibDevicePathProtocol:UefiDevicePathLib.obj
 0001:00005038       FileDevicePath             00000000000052f8 f   UefiDevicePathLibDevicePathProtocol:UefiDevicePathLib.obj
 0001:00005124       UefiDevicePathLibLocateProtocol 00000000000053e4 f   UefiDevicePathLibDevicePathProtocol:UefiDevicePathLib.obj
 0001:00005160       ConvertDevicePathToText    0000000000005420 f   UefiDevicePathLibDevicePathProtocol:UefiDevicePathLib.obj
 0001:000051a0       EfiGetSystemConfigurationTable 0000000000005460 f   UefiLib:UefiLib.obj
 0001:00005264       EfiEventEmptyFunction      0000000000005524 f   UefiLib:UefiLib.obj
 0001:00005268       EfiAcquireLock             0000000000005528 f   UefiLib:UefiLib.obj
 0001:000052b4       EfiReleaseLock             0000000000005574 f   UefiLib:UefiLib.obj
 0001:000052fc       GetVariable2               00000000000055bc f   UefiLib:UefiLib.obj
 0001:0000541c       GetBestLanguage            00000000000056dc f   UefiLib:UefiLib.obj
 0001:00005554       UefiLibGetStringWidth      0000000000005814 f   UefiLib:Console.obj
 0001:00005600       CreatePopUp                00000000000058c0 f   UefiLib:Console.obj
 0001:000059b8       GetHobList                 0000000000005c78 f   DxeHobLib:HobLib.obj
 0001:00005a3c       HiiSetString               0000000000005cfc f   UefiHiiLib:HiiString.obj
 0001:00005b7c       HiiGetString               0000000000005e3c f   UefiHiiLib:HiiString.obj
 0001:00005d28       HiiAddPackages             0000000000005fe8 f   UefiHiiLib:HiiLib.obj
 0001:00005e90       HiiRemovePackages          0000000000006150 f   UefiHiiLib:HiiLib.obj
 0001:00005f00       HiiGetHiiHandles           00000000000061c0 f   UefiHiiLib:HiiLib.obj
 0001:00005f8c       HiiGetFormSetFromHiiHandle 000000000000624c f   UefiHiiLib:HiiLib.obj
 0001:0000618c       InternalHiiBrowserCallback 000000000000644c f   UefiHiiLib:HiiLib.obj
 0001:00006294       HiiConstructConfigHdr      0000000000006554 f   UefiHiiLib:HiiLib.obj
 0001:000064d4       InternalHiiCompareSubString 0000000000006794 f   UefiHiiLib:HiiLib.obj
 0001:000065f0       HiiIsConfigHdrMatch        00000000000068b0 f   UefiHiiLib:HiiLib.obj
 0001:00006688       HiiGetBrowserData          0000000000006948 f   UefiHiiLib:HiiLib.obj
 0001:00006760       HiiSetBrowserData          0000000000006a20 f   UefiHiiLib:HiiLib.obj
 0001:00006880       HiiAllocateOpCodeHandle    0000000000006b40 f   UefiHiiLib:HiiLib.obj
 0001:000068d0       HiiFreeOpCodeHandle        0000000000006b90 f   UefiHiiLib:HiiLib.obj
 0001:00006910       InternalHiiGrowOpCodeHandle 0000000000006bd0 f   UefiHiiLib:HiiLib.obj
 0001:000069b8       InternalHiiCreateOpCodeExtended 0000000000006c78 f   UefiHiiLib:HiiLib.obj
 0001:00006a6c       InternalHiiAppendOpCodes   0000000000006d2c f   UefiHiiLib:HiiLib.obj
 0001:00006aec       HiiCreateEndOpCode         0000000000006dac f   UefiHiiLib:HiiLib.obj
 0001:00006b14       HiiCreateOneOfOptionOpCode 0000000000006dd4 f   UefiHiiLib:HiiLib.obj
 0001:00006bcc       HiiCreateGuidOpCode        0000000000006e8c f   UefiHiiLib:HiiLib.obj
 0001:00006c20       HiiCreateActionOpCode      0000000000006ee0 f   UefiHiiLib:HiiLib.obj
 0001:00006ca0       HiiCreateSubTitleOpCode    0000000000006f60 f   UefiHiiLib:HiiLib.obj
 0001:00006cfc       HiiCreateGotoOpCode        0000000000006fbc f   UefiHiiLib:HiiLib.obj
 0001:00006dac       HiiCreateGotoExOpCode      000000000000706c f   UefiHiiLib:HiiLib.obj
 0001:00006e7c       HiiCreateCheckBoxOpCode    000000000000713c f   UefiHiiLib:HiiLib.obj
 0001:00006f40       HiiCreateStringOpCode      0000000000007200 f   UefiHiiLib:HiiLib.obj
 0001:00006fcc       HiiCreateOneOfOpCode       000000000000728c f   UefiHiiLib:HiiLib.obj
 0001:000070f0       InternalHiiUpdateFormPackageData 00000000000073b0 f   UefiHiiLib:HiiLib.obj
 0001:0000734c       HiiUpdateForm              000000000000760c f   UefiHiiLib:HiiLib.obj
 0001:000075dc       HiiGetSupportedLanguages   000000000000789c f   UefiHiiLib:HiiLanguage.obj
 0001:00007680       InternalReportStatusCode   0000000000007940 f   DxeReportStatusCodeLib:ReportStatusCodeLib.obj
 0001:00007738       ReportStatusCodeEx         00000000000079f8 f   DxeReportStatusCodeLib:ReportStatusCodeLib.obj
 0001:00007914       EfiBootManagerConnectAll   0000000000007bd4 f   UefiBootManagerLib:BmConnect.obj
 0001:000079a0       EfiBootManagerConnectDevicePath 0000000000007c60 f   UefiBootManagerLib:BmConnect.obj
 0001:00007aec       BmConnectUsbShortFormDevicePath 0000000000007dac f   UefiBootManagerLib:BmConnect.obj
 0001:00007c28       BmFindBootOptionInVariable 0000000000007ee8 f   UefiBootManagerLib:BmBoot.obj
 0001:00007d7c       BmAdjustFvFilePath         000000000000803c f   UefiBootManagerLib:BmBoot.obj
 0001:00007f14       BmMatchUsbClass            00000000000081d4 f   UefiBootManagerLib:BmBoot.obj
 0001:00007fec       BmMatchUsbWwid             00000000000082ac f   UefiBootManagerLib:BmBoot.obj
 0001:0000818c       BmExpandUsbDevicePath      000000000000844c f   UefiBootManagerLib:BmBoot.obj
 0001:0000837c       BmExpandFileDevicePath     000000000000863c f   UefiBootManagerLib:BmBoot.obj
 0001:000084ec       BmExpandUriDevicePath      00000000000087ac f   UefiBootManagerLib:BmBoot.obj
 0001:000085f8       BmCachePartitionDevicePath 00000000000088b8 f   UefiBootManagerLib:BmBoot.obj
 0001:0000870c       BmExpandPartitionDevicePath 00000000000089cc f   UefiBootManagerLib:BmBoot.obj
 0001:00008a00       BmExpandMediaDevicePath    0000000000008cc0 f   UefiBootManagerLib:BmBoot.obj
 0001:00008c7c       BmExpandNetworkFileSystem  0000000000008f3c f   UefiBootManagerLib:BmBoot.obj
 0001:00008dcc       BmGetRamDiskDevicePath     000000000000908c f   UefiBootManagerLib:BmBoot.obj
 0001:00008f18       BmDestroyRamDisk           00000000000091d8 f   UefiBootManagerLib:BmBoot.obj
 0001:00009134       BmExpandLoadFile           00000000000093f4 f   UefiBootManagerLib:BmBoot.obj
 0001:00009330       BmExpandLoadFiles          00000000000095f0 f   UefiBootManagerLib:BmBoot.obj
 0001:000095bc       BmGetNextLoadOptionDevicePath 000000000000987c f   UefiBootManagerLib:BmBoot.obj
 0001:000098a0       BmIsBootManagerMenuFilePath 0000000000009b60 f   UefiBootManagerLib:BmBoot.obj
 0001:00009934       BmReportLoadFailure        0000000000009bf4 f   UefiBootManagerLib:BmBoot.obj
 0001:000099b0       EfiBootManagerBoot         0000000000009c70 f   UefiBootManagerLib:BmBoot.obj
 0001:00009eb8       BmMatchPartitionDevicePathNode 000000000000a178 f   UefiBootManagerLib:BmBoot.obj
 0001:00009f54       BmEnumerateBootOptions     000000000000a214 f   UefiBootManagerLib:BmBoot.obj
 0001:0000a4e8       EfiBootManagerRefreshAllBootOption 000000000000a7a8 f   UefiBootManagerLib:BmBoot.obj
 0001:0000a6d8       BmUpdateSystemTableConsole 000000000000a998 f   UefiBootManagerLib:BmConsole.obj
 0001:0000a8b4       EfiBootManagerConnectConsoleVariable 000000000000ab74 f   UefiBootManagerLib:BmConsole.obj
 0001:0000ac10       EfiBootManagerConnectAllDefaultConsoles 000000000000aed0 f   UefiBootManagerLib:BmConsole.obj
 0001:0000ad20       BmGetFreeOptionNumber      000000000000afe0 f   UefiBootManagerLib:BmLoadOption.obj
 0001:0000ae9c       EfiBootManagerLoadOptionToVariable 000000000000b15c f   UefiBootManagerLib:BmLoadOption.obj
 0001:0000b0f8       BmAddOptionNumberToOrderVariable 000000000000b3b8 f   UefiBootManagerLib:BmLoadOption.obj
 0001:0000b240       EfiBootManagerAddLoadOptionVariable 000000000000b500 f   UefiBootManagerLib:BmLoadOption.obj
 0001:0000b2dc       EfiBootManagerInitializeLoadOption 000000000000b59c f   UefiBootManagerLib:BmLoadOption.obj
 0001:0000b3c0       EfiBootManagerFindLoadOption 000000000000b680 f   UefiBootManagerLib:BmLoadOption.obj
 0001:0000b470       EfiBootManagerDeleteLoadOptionVariable 000000000000b730 f   UefiBootManagerLib:BmLoadOption.obj
 0001:0000b5d4       BmValidateOption           000000000000b894 f   UefiBootManagerLib:BmLoadOption.obj
 0001:0000b748       EfiBootManagerIsValidLoadOptionVariableName 000000000000ba08 f   UefiBootManagerLib:BmLoadOption.obj
 0001:0000b850       EfiBootManagerVariableToLoadOptionEx 000000000000bb10 f   UefiBootManagerLib:BmLoadOption.obj
 0001:0000b9c4       EfiBootManagerGetLoadOptions 000000000000bc84 f   UefiBootManagerLib:BmLoadOption.obj
 0001:0000bb48       EfiBootManagerFreeLoadOption 000000000000be08 f   UefiBootManagerLib:BmLoadOption.obj
 0001:0000bb94       EfiBootManagerFreeLoadOptions 000000000000be54 f   UefiBootManagerLib:BmLoadOption.obj
 0001:0000bbf0       BmGetNextLoadOptionBuffer  000000000000beb0 f   UefiBootManagerLib:BmLoadOption.obj
 0001:0000bd90       BmEliminateExtraSpaces     000000000000c050 f   UefiBootManagerLib:BmBootDescription.obj
 0001:0000bdcc       BmGetDescriptionFromDiskInfo 000000000000c08c f   UefiBootManagerLib:BmBootDescription.obj
 0001:0000c0cc       BmGetUsbDescription        000000000000c38c f   UefiBootManagerLib:BmBootDescription.obj
 0001:0000c2ac       BmGetNetworkDescription    000000000000c56c f   UefiBootManagerLib:BmBootDescription.obj
 0001:0000c754       BmGetLoadFileDescription   000000000000ca14 f   UefiBootManagerLib:BmBootDescription.obj
 0001:0000c7f0       BmGetNvmeDescription       000000000000cab0 f   UefiBootManagerLib:BmBootDescription.obj
 0001:0000ca34       BmGetMiscDescription       000000000000ccf4 f   UefiBootManagerLib:BmBootDescription.obj
 0001:0000cc94       BmGetBootDescription       000000000000cf54 f   UefiBootManagerLib:BmBootDescription.obj
 0001:0000ce00       BmHotkeyCallback           000000000000d0c0 f   UefiBootManagerLib:BmHotkey.obj
 0001:0000cff8       BmGetActiveConsoleIn       000000000000d2b8 f   UefiBootManagerLib:BmHotkey.obj
 0001:0000d098       BmStopHotkeyService        000000000000d358 f   UefiBootManagerLib:BmHotkey.obj
 0001:0000d250       BmDelPartMatchInstance     000000000000d510 f   UefiBootManagerLib:BmMisc.obj
 0001:0000d33c       BmMatchDevicePaths         000000000000d5fc f   UefiBootManagerLib:BmMisc.obj
 0001:0000d33c       MatchDevicePaths           000000000000d5fc f   BootMaintenanceManagerUiLib:ConsoleOption.obj
 0001:0000d3ac       BmSetMemoryTypeInformationVariable 000000000000d66c f   UefiBootManagerLib:BmMisc.obj
 0001:0000d620       BmSetVariableAndReportStatusCodeOnError 000000000000d8e0 f   UefiBootManagerLib:BmMisc.obj
 0001:0000d720       BmGetControllerName        000000000000d9e0 f   UefiBootManagerLib:BmDriverHealth.obj
 0001:0000d870       BmDisplayMessages          000000000000db30 f   UefiBootManagerLib:BmDriverHealth.obj
 0001:0000d960       BmRepairNotify             000000000000dc20 f   UefiBootManagerLib:BmDriverHealth.obj
 0001:0000d9a8       BmGetSingleControllerHealthStatus 000000000000dc68 f   UefiBootManagerLib:BmDriverHealth.obj
 0001:0000db94       EfiBootManagerGetDriverHealthInfo 000000000000de54 f   UefiBootManagerLib:BmDriverHealth.obj
 0001:0000dda0       EfiBootManagerFreeDriverHealthInfo 000000000000e060 f   UefiBootManagerLib:BmDriverHealth.obj
 0001:0000ddf4       BmRepairAllControllers     000000000000e0b4 f   UefiBootManagerLib:BmDriverHealth.obj
 0001:0000e158       LibCallback                000000000000e418 f   FileExplorerLib:FileExplorer.obj
 0001:0000e3a0       LibCreateMenuEntry         000000000000e660 f   FileExplorerLib:FileExplorer.obj
 0001:0000e3ec       LibGetMenuEntry            000000000000e6ac f   FileExplorerLib:FileExplorer.obj
 0001:0000e464       LibDestroyMenuEntry        000000000000e724 f   FileExplorerLib:FileExplorer.obj
 0001:0000e4e0       LibFreeMenu                000000000000e7a0 f   FileExplorerLib:FileExplorer.obj
 0001:0000e558       LibStrDuplicate            000000000000e818 f   FileExplorerLib:FileExplorer.obj
 0001:0000e5c4       LibAppendFileName          000000000000e884 f   FileExplorerLib:FileExplorer.obj
 0001:0000e770       LibFindFileSystem          000000000000ea30 f   FileExplorerLib:FileExplorer.obj
 0001:0000ea58       LibGetFileHandleFromDevicePath 000000000000ed18 f   FileExplorerLib:FileExplorer.obj
 0001:0000ecd8       LibCreateNewFile           000000000000ef98 f   FileExplorerLib:FileExplorer.obj
 0001:0000ed9c       LibFindFiles               000000000000f05c f   FileExplorerLib:FileExplorer.obj
 0001:0000f020       LibUpdateFileExplorePage   000000000000f2e0 f   FileExplorerLib:FileExplorer.obj
 0001:0000f270       LibUpdateFileExplorer      000000000000f530 f   FileExplorerLib:FileExplorer.obj
 0001:0000f344       LibGetDevicePath           000000000000f604 f   FileExplorerLib:FileExplorer.obj
 0001:0000f398       ChooseFile                 000000000000f658 f   FileExplorerLib:FileExplorer.obj
 0001:0000f4e0       AddIdToMacDeviceList       000000000000f7a0 f   DeviceManagerUiLib:DeviceManager.obj
 0001:0000f5ec       IsMacAddressDevicePath     000000000000f8ac f   DeviceManagerUiLib:DeviceManager.obj
 0001:0000f884       IsNeedAddNetworkMenu       000000000000fb44 f   DeviceManagerUiLib:DeviceManager.obj
 0001:0000fa4c       CreateDeviceManagerForm    000000000000fd0c f   DeviceManagerUiLib:DeviceManager.obj
 0001:0000ff8c       DeviceManagerCallback      000000000001024c f   DeviceManagerUiLib:DeviceManager.obj
 0001:00010048       BmSetConsoleMode           0000000000010308 f   BootManagerUiLib:BootManager.obj
 0001:00010470       BmSetupResetReminder       0000000000010730 f   BootManagerUiLib:BootManager.obj
 0001:0001057c       GroupMultipleLegacyBootOption4SameType 000000000001083c f   BootManagerUiLib:BootManager.obj
 0001:000107c8       UpdateBootManager          0000000000010a88 f   BootManagerUiLib:BootManager.obj
 0001:00010b88       BootManagerCallback        0000000000010e48 f   BootManagerUiLib:BootManager.obj
 0001:00010cac       BootManagerUiLibConstructor 0000000000010f6c f   BootManagerUiLib:BootManager.obj
 0001:00010e94       BmmSetConsoleMode          0000000000011154 f   BootMaintenanceManagerUiLib:BootMaintenance.obj
 0001:000112bc       UiDevicePathToStr          000000000001157c f   BootMaintenanceManagerUiLib:BootMaintenance.obj
 0001:00011354       ExtractFileNameFromDevicePath 0000000000011614 f   BootMaintenanceManagerUiLib:BootMaintenance.obj
 0001:000113fc       UpdateProgress             00000000000116bc f   BootMaintenanceManagerUiLib:BootMaintenance.obj
 0001:000114e8       UpdateTerminalContent      00000000000117a8 f   BootMaintenanceManagerUiLib:BootMaintenance.obj
 0001:000116b4       UpdateConsoleContent       0000000000011974 f   BootMaintenanceManagerUiLib:BootMaintenance.obj
 0001:000119a8       BootMaintExtractConfig     0000000000011c68 f   BootMaintenanceManagerUiLib:BootMaintenance.obj
 0001:00011b48       BootMaintRouteConfig       0000000000011e08 f   BootMaintenanceManagerUiLib:BootMaintenance.obj
 0001:00012464       BootMaintCallback          0000000000012724 f   BootMaintenanceManagerUiLib:BootMaintenance.obj
 0001:00012abc       DiscardChangeHandler       0000000000012d7c f   BootMaintenanceManagerUiLib:BootMaintenance.obj
 0001:00012c14       CleanUselessBeforeSubmit   0000000000012ed4 f   BootMaintenanceManagerUiLib:BootMaintenance.obj
 0001:00012cc8       CustomizeMenus             0000000000012f88 f   BootMaintenanceManagerUiLib:BootMaintenance.obj
 0001:00012d98       InitializeBmmConfig        0000000000013058 f   BootMaintenanceManagerUiLib:BootMaintenance.obj
 0001:000131e4       InitAllMenu                00000000000134a4 f   BootMaintenanceManagerUiLib:BootMaintenance.obj
 0001:0001341c       BootMaintenanceManagerUiLibConstructor 00000000000136dc f   BootMaintenanceManagerUiLib:BootMaintenance.obj
 0001:0001373c       RefreshUpdateData          00000000000139fc f   BootMaintenanceManagerUiLib:UpdatePage.obj
 0001:00013778       UpdatePageStart            0000000000013a38 f   BootMaintenanceManagerUiLib:UpdatePage.obj
 0001:000137c8       UpdatePageEnd              0000000000013a88 f   BootMaintenanceManagerUiLib:UpdatePage.obj
 0001:00013854       CleanUpPage                0000000000013b14 f   BootMaintenanceManagerUiLib:UpdatePage.obj
 0001:000138a8       UpdateConCOMPage           0000000000013b68 f   BootMaintenanceManagerUiLib:UpdatePage.obj
 0001:00013960       UpdateBootDelPage          0000000000013c20 f   BootMaintenanceManagerUiLib:UpdatePage.obj
 0001:00013aa8       UpdateDrvDelPage           0000000000013d68 f   BootMaintenanceManagerUiLib:UpdatePage.obj
 0001:00013bec       UpdateDriverAddHandleDescPage 0000000000013eac f   BootMaintenanceManagerUiLib:UpdatePage.obj
 0001:00013ccc       UpdateConsolePage          0000000000013f8c f   BootMaintenanceManagerUiLib:UpdatePage.obj
 0001:00013f4c       UpdateOrderPage            000000000001420c f   BootMaintenanceManagerUiLib:UpdatePage.obj
 0001:000141dc       UpdateConModePage          000000000001449c f   BootMaintenanceManagerUiLib:UpdatePage.obj
 0001:00014418       UpdateTerminalPage         00000000000146d8 f   BootMaintenanceManagerUiLib:UpdatePage.obj
 0001:000148bc       UpdatePageBody             0000000000014b7c f   BootMaintenanceManagerUiLib:UpdatePage.obj
 0001:00014944       BmmSetupResetReminder      0000000000014c04 f   BootMaintenanceManagerUiLib:BootOption.obj
 0001:00014a4c       BOpt_CreateMenuEntry       0000000000014d0c f   BootMaintenanceManagerUiLib:BootOption.obj
 0001:00014ae8       BOpt_DestroyMenuEntry      0000000000014da8 f   BootMaintenanceManagerUiLib:BootOption.obj
 0001:00014bac       BOpt_GetMenuEntry          0000000000014e6c f   BootMaintenanceManagerUiLib:BootOption.obj
 0001:00014c24       BOpt_FreeMenu              0000000000014ee4 f   BootMaintenanceManagerUiLib:BootOption.obj
 0001:00014c9c       BOpt_GetBootOptions        0000000000014f5c f   BootMaintenanceManagerUiLib:BootOption.obj
 0001:0001505c       BOpt_GetOptionNumber       000000000001531c f   BootMaintenanceManagerUiLib:BootOption.obj
 0001:00015160       BOpt_GetDriverOptions      0000000000015420 f   BootMaintenanceManagerUiLib:BootOption.obj
 0001:000153e0       GetBootOrder               00000000000156a0 f   BootMaintenanceManagerUiLib:BootOption.obj
 0001:000154b0       GetDriverOrder             0000000000015770 f   BootMaintenanceManagerUiLib:BootOption.obj
 0001:00015580       BootFromFile               0000000000015840 f   BootMaintenanceManagerUiLib:BootOption.obj
 0001:0001561c       ReSendForm                 00000000000158dc f   BootMaintenanceManagerUiLib:BootOption.obj
 0001:000157dc       CreateBootOptionFromFile   0000000000015a9c f   BootMaintenanceManagerUiLib:BootOption.obj
 0001:000157e8       CreateDriverOptionFromFile 0000000000015aa8 f   BootMaintenanceManagerUiLib:BootOption.obj
 0001:000157f4       Var_DelBootOption          0000000000015ab4 f   BootMaintenanceManagerUiLib:Variable.obj
 0001:000158d8       Var_UpdateConsoleOption    0000000000015b98 f   BootMaintenanceManagerUiLib:Variable.obj
 0001:00015ad8       Var_UpdateDriverOption     0000000000015d98 f   BootMaintenanceManagerUiLib:Variable.obj
 0001:00015d64       Var_UpdateBootOption       0000000000016024 f   BootMaintenanceManagerUiLib:Variable.obj
 0001:00015ffc       Var_UpdateBootNext         00000000000162bc f   BootMaintenanceManagerUiLib:Variable.obj
 0001:00016118       Var_UpdateBootOrder        00000000000163d8 f   BootMaintenanceManagerUiLib:Variable.obj
 0001:0001627c       Var_UpdateDriverOrder      000000000001653c f   BootMaintenanceManagerUiLib:Variable.obj
 0001:000163b8       IsIsaSerialNode            0000000000016678 f   BootMaintenanceManagerUiLib:ConsoleOption.obj
 0001:00016428       ChangeTerminalDevicePath   00000000000166e8 f   BootMaintenanceManagerUiLib:ConsoleOption.obj
 0001:0001660c       RetrieveUartUid            00000000000168cc f   BootMaintenanceManagerUiLib:ConsoleOption.obj
 0001:0001672c       LocateSerialIo             00000000000169ec f   BootMaintenanceManagerUiLib:ConsoleOption.obj
 0001:00016bd0       UpdateComAttributeFromVariable 0000000000016e90 f   BootMaintenanceManagerUiLib:ConsoleOption.obj
 0001:00016de4       GetConsoleMenu             00000000000170a4 f   BootMaintenanceManagerUiLib:ConsoleOption.obj
 0001:00017088       IsTerminalDevicePath       0000000000017348 f   BootMaintenanceManagerUiLib:ConsoleOption.obj
 0001:00017190       GetConsoleOutMode          0000000000017450 f   BootMaintenanceManagerUiLib:ConsoleOption.obj
 0001:00017214       UiCustomizeBMMPage         00000000000174d4 f   BootMaintenanceManagerUiLib:BootMaintenanceManagerCustomizedUi.obj
 0001:00017460       BmmListThirdPartyDrivers   0000000000017720 f   BootMaintenanceManagerUiLib:BootMaintenanceManagerCustomizedUiSupport.obj
 0001:000178c8       ZeroMem                    0000000000017b88 f   BaseMemoryLibRepStr:ZeroMemWrapper.obj
 0001:00017938       SetMem16                   0000000000017bf8 f   BaseMemoryLibRepStr:SetMem16Wrapper.obj
 0001:00017a00       CompareMem                 0000000000017cc0 f   BaseMemoryLibRepStr:CompareMemWrapper.obj
 0001:00017ad8       InternalBaseLibIsListValid 0000000000017d98 f   BaseLib:LinkedList.obj
 0001:00017b44       InsertTailList             0000000000017e04 f   BaseLib:LinkedList.obj
 0001:00017b98       GetFirstNode               0000000000017e58 f   BaseLib:LinkedList.obj
 0001:00017bcc       GetNextNode                0000000000017e8c f   BaseLib:LinkedList.obj
 0001:00017c00       IsListEmpty                0000000000017ec0 f   BaseLib:LinkedList.obj
 0001:00017c38       IsNull                     0000000000017ef8 f   BaseLib:LinkedList.obj
 0001:00017c7c       RemoveEntryList            0000000000017f3c f   BaseLib:LinkedList.obj
 0001:00017cc4       EfiCreateEventReadyToBootEx 0000000000017f84 f   UefiLib:UefiNotTiano.obj
 0001:00017d68       InternalPrint              0000000000018028 f   UefiLib:UefiLibPrint.obj
 0001:00017e54       Print                      0000000000018114 f   UefiLib:UefiLibPrint.obj
 0001:00017e84       GetFileBufferByFilePath    0000000000018144 f   DxeServicesLib:DxeServicesLib.obj
 0002:00000000       ??_C@_05NODKPMNK@UiApp@    0000000000018640     UiApp:AutoGen.obj
 0002:00000008       ??_C@_0CH@BBNBJKHK@?$CB?$CI?$CI?$CIINTN?$CJ?$CIRETURN_STATUS?$CJ?$CIStatus@ 0000000000018648     UiApp:AutoGen.obj
 0002:00000030       ??_C@_0GB@CFJKFAN@d?3?2edk2?2edk2?2Build?2OvmfX64?2DEBU@ 0000000000018670     UiApp:AutoGen.obj
 0002:00000098       ??_C@_0CB@DMEJJJHA@?6ASSERT_EFI_ERROR?5?$CIStatus?5?$DN?5?$CFr?$CJ@ 00000000000186d8     UiApp:AutoGen.obj
 0002:000000c0       _gPcd_FixedAtBuild_PcdDriverHealthConfigureForm 0000000000018700     UiApp:AutoGen.obj
 0002:000000d0       _gPcd_FixedAtBuild_PcdFirmwareVersionString 0000000000018710     UiApp:AutoGen.obj
 0002:000000d8       _gPcd_FixedAtBuild_PcdBootManagerMenuFile 0000000000018718     UiApp:AutoGen.obj
 0002:000000e8       _gPcd_FixedAtBuild_PcdUefiVariableDefaultPlatformLangCodes 0000000000018728     UiApp:AutoGen.obj
 0002:00000100       ??_C@_0CC@PIBHJFDN@StartOpCodeHandle?5?$CB?$DN?5?$CI?$CIvoid?5?$CK?$CJ?5@ 0000000000018740     UiApp:FrontPage.obj
 0002:00000128       ??_C@_0DI@LNPJFCCE@d?3?2edk2?2edk2?2MdeModulePkg?2Appli@ 0000000000018768     UiApp:FrontPage.obj
 0002:00000160       ??_C@_0CA@FMKGPAPI@EndOpCodeHandle?5?$CB?$DN?5?$CI?$CIvoid?5?$CK?$CJ?50?$CJ@ 00000000000187a0     UiApp:FrontPage.obj
 0002:00000180       ??_C@_0CM@HGKGDJCC@gFrontPagePrivate?4HiiHandle?5?$CB?$DN?5@ 00000000000187c0     UiApp:FrontPage.obj
 0002:000001b0       ??_C@_0BN@KDBDLHMK@StringBuffer?5?$CB?$DN?5?$CI?$CIvoid?5?$CK?$CJ?50?$CJ@ 00000000000187f0     UiApp:FrontPage.obj
 0002:000001d0       ??_C@_13JOFGPIOO@?$AA?4@   0000000000018810     UiApp:FrontPage.obj
 0002:000001d8       ??_C@_19JHPJJHFE@?$AA?5?$AAG?$AAH?$AAz@ 0000000000018818     UiApp:FrontPage.obj
 0002:000001e8       ??_C@_1BA@NLEEMPFA@?$AA?5?$AAM?$AAB?$AA?5?$AAR?$AAA?$AAM@ 0000000000018828     UiApp:FrontPage.obj
 0002:000001f8       ??_C@_0BK@KLJHMMPJ@HiiHandle?5?$CB?$DN?5?$CI?$CIvoid?5?$CK?$CJ?50?$CJ@ 0000000000018838     UiApp:FrontPage.obj
 0002:00000218       ??_C@_0BO@IOFODAMB@StringBuffer1?5?$CB?$DN?5?$CI?$CIvoid?5?$CK?$CJ?50?$CJ@ 0000000000018858     UiApp:FrontPage.obj
 0002:00000238       ??_C@_0BO@GENIONKD@StringBuffer2?5?$CB?$DN?5?$CI?$CIvoid?5?$CK?$CJ?50?$CJ@ 0000000000018878     UiApp:FrontPage.obj
 0002:00000260       ??_C@_1FM@DPJPLHJF@?$AAC?$AAo?$AAn?$AAf?$AAi?$AAg?$AAu?$AAr?$AAa?$AAt?$AAi?$AAo?$AAn?$AA?5?$AAc@ 00000000000188a0     UiApp:FrontPage.obj
 0002:000002c0       ??_C@_1CK@LOFHOMO@?$AAP?$AAr?$AAe?$AAs?$AAs?$AA?5?$AAE?$AAN?$AAT?$AAE?$AAR?$AA?5?$AAt?$AAo?$AA?5@ 0000000000018900     UiApp:FrontPage.obj
 0002:000002f0       ??_C@_0CC@HFEIDHIP@gStringPackHandle?5?$CB?$DN?5?$CI?$CIvoid?5?$CK?$CJ?5@ 0000000000018930     UiApp:String.obj
 0002:00000318       ??_C@_0DF@JKKNHEFC@d?3?2edk2?2edk2?2MdeModulePkg?2Appli@ 0000000000018958     UiApp:String.obj
 0002:00000350       ??_C@_0BJ@NJEGJHFI@LangCode?5?$CB?$DN?5?$CI?$CIvoid?5?$CK?$CJ?50?$CJ@ 0000000000018990     UiApp:FrontPageCustomizedUiSupport.obj
 0002:00000370       ??_C@_0EL@EPAKGCCI@d?3?2edk2?2edk2?2MdeModulePkg?2Appli@ 00000000000189b0     UiApp:FrontPageCustomizedUiSupport.obj
 0002:000003c0       ??_C@_0BK@FANDPBIH@?$CKLangCode?5?$CB?$DN?5?$CI?$CIvoid?5?$CK?$CJ?50?$CJ@ 0000000000018a00     UiApp:FrontPageCustomizedUiSupport.obj
 0002:000003e0       ??_C@_0BF@KEEBGAAP@Lang?5?$CB?$DN?5?$CI?$CIvoid?5?$CK?$CJ?50?$CJ@ 0000000000018a20     UiApp:FrontPageCustomizedUiSupport.obj
 0002:000003f8       ??_C@_1BK@GGGENMOA@?$AAP?$AAl?$AAa?$AAt?$AAf?$AAo?$AAr?$AAm?$AAL?$AAa?$AAn?$AAg@ 0000000000018a38     UiApp:FrontPageCustomizedUiSupport.obj
 0002:00000418       ??_C@_0BC@FEDIJHFF@?$CI?$CIBOOLEAN?$CJ?$CI0?$DN?$DN1?$CJ?$CJ@ 0000000000018a58     UiApp:FrontPageCustomizedUiSupport.obj
 0002:00000430       ??_C@_0CE@KJODLANI@OptionsOpCodeHandle?5?$CB?$DN?5?$CI?$CIvoid?5?$CK@ 0000000000018a70     UiApp:FrontPageCustomizedUiSupport.obj
 0002:00000458       ??_C@_1CE@GLBFGNOF@?$AAP?$AAl?$AAa?$AAt?$AAf?$AAo?$AAr?$AAm?$AAL?$AAa?$AAn?$AAg?$AAC?$AAo?$AAd@ 0000000000018a98     UiApp:FrontPageCustomizedUiSupport.obj
 0002:00000480       ??_C@_0CA@MJALGHG@gLanguageString?5?$CB?$DN?5?$CI?$CIvoid?5?$CK?$CJ?50?$CJ@ 0000000000018ac0     UiApp:FrontPageCustomizedUiSupport.obj
 0002:000004a0       ??_C@_0BP@CAHLJC@gLanguageToken?5?$CB?$DN?5?$CI?$CIvoid?5?$CK?$CJ?50?$CJ@ 0000000000018ae0     UiApp:FrontPageCustomizedUiSupport.obj
 0002:000004c0       ??_C@_0BH@OOIJJHNK@Handle?5?$CB?$DN?5?$CI?$CIvoid?5?$CK?$CJ?50?$CJ@ 0000000000018b00     UiApp:FrontPageCustomizedUiSupport.obj
 0002:000004d8       ??_C@_0BL@IONPMOEP@HiiHandles?5?$CB?$DN?5?$CI?$CIvoid?5?$CK?$CJ?50?$CJ@ 0000000000018b18     UiApp:FrontPageCustomizedUiSupport.obj
 0002:000004f8       ??_C@_0BP@DAEDPINL@gHiiDriverList?5?$CB?$DN?5?$CI?$CIvoid?5?$CK?$CJ?50?$CJ@ 0000000000018b38     UiApp:FrontPageCustomizedUiSupport.obj
 0002:00000518       ??_C@_0BH@MAAHKCPC@String?5?$CB?$DN?5?$CI?$CIvoid?5?$CK?$CJ?50?$CJ@ 0000000000018b58     UiApp:FrontPageCustomizedUiSupport.obj
 0002:00000530       ??_C@_0BO@BDDNGENM@DriverListPtr?5?$CB?$DN?5?$CI?$CIvoid?5?$CK?$CJ?50?$CJ@ 0000000000018b70     UiApp:FrontPageCustomizedUiSupport.obj
 0002:00000550       ??_C@_0DC@FABBJIGJ@d?3?2edk2?2edk2?2MdePkg?2Library?2Dxe@ 0000000000018b90     DxePcdLib:DxePcdLib.obj
 0002:00000588       ??_C@_0BF@OOKDELHM@mPcd?5?$CB?$DN?5?$CI?$CIvoid?5?$CK?$CJ?50?$CJ@ 0000000000018bc8     DxePcdLib:DxePcdLib.obj
 0002:000005a0       ??_C@_0BH@IACGKAP@Buffer?5?$CB?$DN?5?$CI?$CIvoid?5?$CK?$CJ?50?$CJ@ 0000000000018be0     DxePcdLib:DxePcdLib.obj
 0002:000005c0       ??_C@_0ED@MKGCMJG@?$CILength?5?9?51?$CJ?5?$DM?$DN?5?$CI0xFFFFFFFFFFFF@ 0000000000018c00     BaseMemoryLibRepStr:CopyMemWrapper.obj
 0002:00000610       ??_C@_0EB@LOHEEPCE@d?3?2edk2?2edk2?2MdePkg?2Library?2Bas@ 0000000000018c50     BaseMemoryLibRepStr:CopyMemWrapper.obj
 0002:00000658       ??_C@_0DO@MAOBOFEG@?$CILength?5?9?51?$CJ?5?$DM?$DN?5?$CI0xFFFFFFFFFFFF@ 0000000000018c98     BaseMemoryLibRepStr:CopyMemWrapper.obj
 0002:00000698       ??_C@_0DG@EEENIGGL@Length?5?$DM?$DN?5?$CI0xFFFFFFFFFFFFFFFFUL@ 0000000000018cd8     BaseMemoryLibRepStr:MemLibGuid.obj
 0002:000006d0       ??_C@_0CC@GFNLNIOC@?$CI?$CIUINTN?$CJString?5?$CG?50x00000001?$CJ?5?$DN?$DN@ 0000000000018d10     BaseLib:SafeString.obj
 0002:000006f8       ??_C@_0DB@PKFMPMPC@d?3?2edk2?2edk2?2MdePkg?2Library?2Bas@ 0000000000018d38     BaseLib:SafeString.obj
 0002:00000730       ??_C@_0CH@LALFPBMC@?$CI?$CIUINTN?$CJDestination?5?$CG?50x0000000@ 0000000000018d70     BaseLib:SafeString.obj
 0002:00000758       ??_C@_0CC@HEBCMBPF@?$CI?$CIUINTN?$CJSource?5?$CG?50x00000001?$CJ?5?$DN?$DN@ 0000000000018d98     BaseLib:SafeString.obj
 0002:00000780       ??_C@_0BO@ECNIOIHG@?$CIDestination?5?$CB?$DN?5?$CI?$CIvoid?5?$CK?$CJ?50?$CJ?$CJ@ 0000000000018dc0     BaseLib:SafeString.obj
 0002:000007a0       ??_C@_07KBGDFDAM@StrCpyS@  0000000000018de0     BaseLib:SafeString.obj
 0002:000007b0       ??_C@_0EA@PDPDJJNN@?$CFa?$CI?$CFd?$CJ?5?$CFa?3?5SAFE_STRING_CONSTRAI@ 0000000000018df0     BaseLib:SafeString.obj
 0002:000007f0       ??_C@_0BJ@EAEEJIP@?$CISource?5?$CB?$DN?5?$CI?$CIvoid?5?$CK?$CJ?50?$CJ?$CJ@ 0000000000018e30     BaseLib:SafeString.obj
 0002:00000810       ??_C@_0EA@BBALOHPI@?$CIDestMax?5?$DM?$DN?5?$CI_gPcd_FixedAtBuild@ 0000000000018e50     BaseLib:SafeString.obj
 0002:00000850       ??_C@_0P@PMIMLIHM@?$CIDestMax?5?$CB?$DN?50?$CJ@ 0000000000018e90     BaseLib:SafeString.obj
 0002:00000860       ??_C@_0BG@EEGIIOKH@?$CIDestMax?5?$DO?5SourceLen?$CJ@ 0000000000018ea0     BaseLib:SafeString.obj
 0002:00000880       ??_C@_0FH@PPBLBDBJ@InternalSafeStringNoStrOverlap?5@ 0000000000018ec0     BaseLib:SafeString.obj
 0002:000008d8       ??_C@_08INOAHJON@StrnCpyS@ 0000000000018f18     BaseLib:SafeString.obj
 0002:000008e8       ??_C@_0DP@PBOJGJC@?$CILength?5?$DM?$DN?5?$CI_gPcd_FixedAtBuild_@ 0000000000018f28     BaseLib:SafeString.obj
 0002:00000928       ??_C@_07EBBOPAKF@StrCatS@  0000000000018f68     BaseLib:SafeString.obj
 0002:00000930       ??_C@_0P@BHOOOJPD@?$CICopyLen?5?$CB?$DN?50?$CJ@ 0000000000018f70     BaseLib:SafeString.obj
 0002:00000940       ??_C@_0BG@BPGICNPK@?$CICopyLen?5?$DO?5SourceLen?$CJ@ 0000000000018f80     BaseLib:SafeString.obj
 0002:00000958       ??_C@_08GNJNNKEE@StrnCatS@ 0000000000018f98     BaseLib:SafeString.obj
 0002:00000968       ??_C@_0BJ@CNKJJNE@?$CIBuffer?5?$CB?$DN?5?$CI?$CIvoid?5?$CK?$CJ?50?$CJ?$CJ@ 0000000000018fa8     BaseLib:SafeString.obj
 0002:00000988       ??_C@_0BG@MFINJFHO@AsciiStrToUnicodeStrS@ 0000000000018fc8     BaseLib:SafeString.obj
 0002:000009a0       ??_C@_0GF@GCLJAOAI@?$CBInternalSafeStringIsOverlap?5?$CID@ 0000000000018fe0     BaseLib:SafeString.obj
 0002:00000a08       ??_C@_0CN@LHBFELAO@d?3?2edk2?2edk2?2MdePkg?2Library?2Bas@ 0000000000019048     BaseLib:String.obj
 0002:00000a38       ??_C@_0DK@EOJCOAME@Length?5?$DM?5_gPcd_FixedAtBuild_Pcd@ 0000000000019078     BaseLib:String.obj
 0002:00000a78       ??_C@_0BL@JAAMOCAJ@StrSize?5?$CIFirstString?$CJ?5?$CB?$DN?50@ 00000000000190b8     BaseLib:String.obj
 0002:00000a98       ??_C@_0BM@DALBOILC@StrSize?5?$CISecondString?$CJ?5?$CB?$DN?50@ 00000000000190d8     BaseLib:String.obj
 0002:00000ab8       ??_C@_0DL@LFIMEMJP@Length?5?$DM?$DN?5_gPcd_FixedAtBuild_Pc@ 00000000000190f8     BaseLib:String.obj
 0002:00000af8       ??_C@_0BG@KBNOLIGE@StrSize?5?$CIString?$CJ?5?$CB?$DN?50@ 0000000000019138     BaseLib:String.obj
 0002:00000b10       ??_C@_0BM@NNBLOHJD@StrSize?5?$CISearchString?$CJ?5?$CB?$DN?50@ 0000000000019150     BaseLib:String.obj
 0002:00000b30       ??_C@_0DI@MDIKFADO@Length?5?$DM?5_gPcd_FixedAtBuild_Pcd@ 0000000000019170     BaseLib:String.obj
 0002:00000b68       ??_C@_0BL@IKFBNFIL@AsciiStrSize?5?$CIFirstString?$CJ@ 00000000000191a8     BaseLib:String.obj
 0002:00000b88       ??_C@_0BM@EDNOKLLE@AsciiStrSize?5?$CISecondString?$CJ@ 00000000000191c8     BaseLib:String.obj
 0002:00000ba8       ??_C@_0DJ@JJHGIFMP@Length?5?$DM?$DN?5_gPcd_FixedAtBuild_Pc@ 00000000000191e8     BaseLib:String.obj
 0002:00000be8       ??_C@_0DA@BDDONMJM@d?3?2edk2?2edk2?2MdePkg?2Library?2Bas@ 0000000000019228     BaseLib:Unaligned.obj
 0002:00000c18       ??_C@_0N@KGHEHMDL@Divisor?5?$CB?$DN?50@ 0000000000019258     BaseLib:DivU64x32.obj
 0002:00000c28       ??_C@_0CI@BGLNHBLM@?$CI?$CI?$CIUINTN?$CJ?5?$CIStartOfBuffer?$CJ?$CJ?5?$CG?50x@ 0000000000019268     BasePrintLib:PrintLib.obj
 0002:00000c50       ??_C@_0DE@LDGFCIFJ@d?3?2edk2?2edk2?2MdePkg?2Library?2Bas@ 0000000000019290     BasePrintLib:PrintLib.obj
 0002:00000c88       ??_C@_0CH@KJLBGOBB@?$CI?$CI?$CIUINTN?$CJ?5?$CIFormatString?$CJ?$CJ?5?$CG?50x0@ 00000000000192c8     BasePrintLib:PrintLib.obj
 0002:00000cb0       ??_C@_0CB@LDBAOPMG@?$CI?$CI?$CIUINTN?$CJ?5?$CIBuffer?$CJ?$CJ?5?$CG?50x01?$CJ?5?$DN?$DN?5@ 00000000000192f0     BasePrintLib:PrintLib.obj
 0002:00000cd8       ??_C@_0DM@OAJIKNNG@d?3?2edk2?2edk2?2MdePkg?2Library?2Bas@ 0000000000019318     BasePrintLib:PrintLibInternal.obj
 0002:00000d20       ??_C@_0EB@HDGIDCIO@?$CIBufferSize?5?$DM?$DN?5?$CI_gPcd_FixedAtBu@ 0000000000019360     BasePrintLib:PrintLibInternal.obj
 0002:00000d70       ??_C@_0FJ@HAEMOBLP@?$CIBufferSize?5?$DM?$DN?5?$CI_gPcd_FixedAtBu@ 00000000000193b0     BasePrintLib:PrintLibInternal.obj
 0002:00000dd0       ??_C@_0CO@OJNGHNJG@?$CI?$CIFlags?5?$CG?5?$HO?$CI0x01?5?$HM?50x08?5?$HM?50x20?5@ 0000000000019410     BasePrintLib:PrintLibInternal.obj
 0002:00000e00       ??_C@_0DB@HIDPIAGP@?$CI?$CI?$CIFlags?5?$CG?50x08?$CJ?5?$DN?$DN?50?$CJ?5?$HM?$HM?5?$CI?$CIFla@ 0000000000019440     BasePrintLib:PrintLibInternal.obj
 0002:00000e38       ??_C@_0N@PNKFBKME@?$CIWidth?5?$DM?538?$CJ@ 0000000000019478     BasePrintLib:PrintLibInternal.obj
 0002:00000e48       ??_C@_0CI@HPJOGFNE@?$CIBufferSize?5?$DO?$DN?5?$CIWidth?5?$CL?51?$CJ?5?$CK?5In@ 0000000000019488     BasePrintLib:PrintLibInternal.obj
 0002:00000e70       ??_C@_0BJ@PPAKKDJG@?$CIFormat?5?$CB?$DN?5?$CI?$CIvoid?5?$CK?$CJ?50?$CJ?$CJ@ 00000000000194b0     BasePrintLib:PrintLibInternal.obj
 0002:00000e90       ??_C@_0ED@LPDDCECB@?$CIBufferSize?5?$DM?$DN?5?$CI_gPcd_FixedAtBu@ 00000000000194d0     BasePrintLib:PrintLibInternal.obj
 0002:00000ee0       ??_C@_0IM@BFJJFLGB@?$CIStrnLenS?5?$CI?$CICHAR16?5?$CK?$CJFormat?0?5?$CI_@ 0000000000019520     BasePrintLib:PrintLibInternal.obj
 0002:00000f70       ??_C@_0ID@PLGJGION@?$CIAsciiStrnLenS?5?$CIFormat?0?5?$CI_gPcd_@ 00000000000195b0     BasePrintLib:PrintLibInternal.obj
 0002:00000ff8       ??_C@_0O@MLOLIMFM@?$DMnull?5string?$DO@ 0000000000019638     BasePrintLib:PrintLibInternal.obj
 0002:00001008       ??_C@_0M@BJJDNPHK@?$DMnull?5guid?$DO@ 0000000000019648     BasePrintLib:PrintLibInternal.obj
 0002:00001018       ??_C@_0DB@PMLHLBMO@?$CF08x?9?$CF04x?9?$CF04x?9?$CF02x?$CF02x?9?$CF02x?$CF02@ 0000000000019658     BasePrintLib:PrintLibInternal.obj
 0002:00001050       ??_C@_0M@LHGBCIKM@?$DMnull?5time?$DO@ 0000000000019690     BasePrintLib:PrintLibInternal.obj
 0002:00001060       ??_C@_0BK@FCPKCIDD@?$CF02d?1?$CF02d?1?$CF04d?5?5?$CF02d?3?$CF02d@ 00000000000196a0     BasePrintLib:PrintLibInternal.obj
 0002:0000107c       ??_C@_04JIMNDDED@?$CF08X@  00000000000196bc     BasePrintLib:PrintLibInternal.obj
 0002:00001084       ??_C@_02PCIJFNDE@?$AN?6@   00000000000196c4     BasePrintLib:PrintLibInternal.obj
 0002:00001088       ??_C@_01LIIJDEN@?$AN@      00000000000196c8     BasePrintLib:PrintLibInternal.obj
 0002:00001090       mWarningString             00000000000196d0     BasePrintLib:PrintLibInternal.obj
 0002:00001130       mErrorString               0000000000019770     BasePrintLib:PrintLibInternal.obj
 0002:000013f0       mHexStr                    0000000000019a30     BasePrintLib:PrintLibInternal.obj
 0002:00001400       ??_C@_0BH@LKMBFCBF@Format?5?$CB?$DN?5?$CI?$CIvoid?5?$CK?$CJ?50?$CJ@ 0000000000019a40     BaseDebugLibSerialPort:DebugLib.obj
 0002:00001418       ??_C@_0DO@CKBIDOOL@d?3?2edk2?2edk2?2MdePkg?2Library?2Bas@ 0000000000019a58     BaseDebugLibSerialPort:DebugLib.obj
 0002:00001458       ??_C@_0BI@NOCKJDBJ@ASSERT?5?$FL?$CFa?$FN?5?$CFa?$CI?$CFd?$CJ?3?5?$CFa?6@ 0000000000019a98     BaseDebugLibSerialPort:DebugLib.obj
 0002:00001470       ??_C@_0BN@COECPDCC@gImageHandle?5?$CB?$DN?5?$CI?$CIvoid?5?$CK?$CJ?50?$CJ@ 0000000000019ab0     UefiBootServicesTableLib:UefiBootServicesTableLib.obj
 0002:00001490       ??_C@_0FA@FOIHGFBE@d?3?2edk2?2edk2?2MdePkg?2Library?2Uef@ 0000000000019ad0     UefiBootServicesTableLib:UefiBootServicesTableLib.obj
 0002:000014e0       ??_C@_0BE@DGNHAHIL@gST?5?$CB?$DN?5?$CI?$CIvoid?5?$CK?$CJ?50?$CJ@ 0000000000019b20     UefiBootServicesTableLib:UefiBootServicesTableLib.obj
 0002:000014f8       ??_C@_0BE@BDFJLGLN@gBS?5?$CB?$DN?5?$CI?$CIvoid?5?$CK?$CJ?50?$CJ@ 0000000000019b38     UefiBootServicesTableLib:UefiBootServicesTableLib.obj
 0002:00001510       ??_C@_0L@LBCNCHJA@Pages?5?$CB?$DN?50@ 0000000000019b50     UefiMemoryAllocationLib:MemoryAllocationLib.obj
 0002:00001520       ??_C@_0EK@GCCICMAJ@d?3?2edk2?2edk2?2MdePkg?2Library?2Uef@ 0000000000019b60     UefiMemoryAllocationLib:MemoryAllocationLib.obj
 0002:00001570       ??_C@_0DO@GEEICOOO@AllocationSize?5?$DM?$DN?5?$CI0xFFFFFFFFFF@ 0000000000019bb0     UefiMemoryAllocationLib:MemoryAllocationLib.obj
 0002:000015b0       ??_C@_0BE@OBDFIHND@gRT?5?$CB?$DN?5?$CI?$CIvoid?5?$CK?$CJ?50?$CJ@ 0000000000019bf0     UefiRuntimeServicesTableLib:UefiRuntimeServicesTableLib.obj
 0002:000015d0       ??_C@_0FG@JGJCMPKB@d?3?2edk2?2edk2?2MdePkg?2Library?2Uef@ 0000000000019c10     UefiRuntimeServicesTableLib:UefiRuntimeServicesTableLib.obj
 0002:00001630       ??_C@_0FE@ELFDCAAP@d?3?2edk2?2edk2?2MdePkg?2Library?2Uef@ 0000000000019c70     UefiDevicePathLibDevicePathProtocol:UefiDevicePathLib.obj
 0002:00001688       ??_C@_0DC@CNNBPJA@mDevicePathLibDevicePathUtiliti@ 0000000000019cc8     UefiDevicePathLibDevicePathProtocol:UefiDevicePathLib.obj
 0002:000016c0       ??_C@_0BL@JFODOCGB@DevicePath?5?$CB?$DN?5?$CI?$CIvoid?5?$CK?$CJ?50?$CJ@ 0000000000019d00     UefiDevicePathLibDevicePathProtocol:UefiDevicePathLib.obj
 0002:000016e0       ??_C@_0BF@CBLMFKOC@Node?5?$CB?$DN?5?$CI?$CIvoid?5?$CK?$CJ?50?$CJ@ 0000000000019d20     UefiDevicePathLibDevicePathProtocol:UefiDevicePathLib.obj
 0002:00001700       ??_C@_0EH@ENCEEKKL@?$CILength?5?$DO?$DN?5sizeof?5?$CIEFI_DEVICE_P@ 0000000000019d40     UefiDevicePathLibDevicePathProtocol:UefiDevicePathLib.obj
 0002:00001748       mUefiDevicePathLibEndDevicePath 0000000000019d88     UefiDevicePathLibDevicePathProtocol:UefiDevicePathLib.obj
 0002:00001750       ??_C@_0BK@PPOBBAMB@TableGuid?5?$CB?$DN?5?$CI?$CIvoid?5?$CK?$CJ?50?$CJ@ 0000000000019d90     UefiLib:UefiLib.obj
 0002:00001770       ??_C@_0CO@NOFBMBBJ@d?3?2edk2?2edk2?2MdePkg?2Library?2Uef@ 0000000000019db0     UefiLib:UefiLib.obj
 0002:000017a0       ??_C@_0BG@JDKEGFNB@Table?5?$CB?$DN?5?$CI?$CIvoid?5?$CK?$CJ?50?$CJ@ 0000000000019de0     UefiLib:UefiLib.obj
 0002:000017b8       ??_C@_0BO@IJOPPPFL@Lock?9?$DOLock?5?$DN?$DN?5EfiLockReleased@ 0000000000019df8     UefiLib:UefiLib.obj
 0002:000017d8       ??_C@_0BO@FHNOFLFJ@Lock?9?$DOLock?5?$DN?$DN?5EfiLockAcquired@ 0000000000019e18     UefiLib:UefiLib.obj
 0002:00001800       ??_C@_0EG@GOBFPEEP@Name?5?$CB?$DN?5?$CI?$CIvoid?5?$CK?$CJ?50?$CJ?5?$CG?$CG?5Guid?5?$CB?$DN@ 0000000000019e40     UefiLib:UefiLib.obj
 0002:00001848       ??_C@_0BH@FMEOEIBC@?$CKValue?5?$CB?$DN?5?$CI?$CIvoid?5?$CK?$CJ?50?$CJ@ 0000000000019e88     UefiLib:UefiLib.obj
 0002:00001860       ??_C@_0CD@OLFKAJF@SupportedLanguages?5?$CB?$DN?5?$CI?$CIvoid?5?$CK?$CJ@ 0000000000019ea0     UefiLib:UefiLib.obj
 0002:00001888       ??_C@_0BD@BHENKNKP@NumberOfLines?5?$CB?$DN?50@ 0000000000019ec8     UefiLib:Console.obj
 0002:000018a0       ??_C@_0CO@KFILKCEM@d?3?2edk2?2edk2?2MdePkg?2Library?2Uef@ 0000000000019ee0     UefiLib:Console.obj
 0002:000018d0       ??_C@_0P@ICDOOCHP@MaxLength?5?$CB?$DN?50@ 0000000000019f10     UefiLib:Console.obj
 0002:000018e0       ??_C@_0BF@DMEONNDO@Line?5?$CB?$DN?5?$CI?$CIvoid?5?$CK?$CJ?50?$CJ@ 0000000000019f20     UefiLib:Console.obj
 0002:000018f8       ??_C@_0BK@IHAIHFJE@TmpString?5?$CB?$DN?5?$CI?$CIvoid?5?$CK?$CJ?50?$CJ@ 0000000000019f38     UefiLib:Console.obj
 0002:00001918       ??_C@_17LGKOMLJ@?$AA?4?$AA?4?$AA?4@ 0000000000019f58     UefiLib:Console.obj
 0002:00001920       ??_C@_0CP@MFMKIIGP@d?3?2edk2?2edk2?2MdePkg?2Library?2Dxe@ 0000000000019f60     DxeHobLib:HobLib.obj
 0002:00001950       ??_C@_0BJ@OBFMLLDO@mHobList?5?$CB?$DN?5?$CI?$CIvoid?5?$CK?$CJ?50?$CJ@ 0000000000019f90     DxeHobLib:HobLib.obj
 0002:00001970       ??_C@_0BJ@NOLLDKJB@HobStart?5?$CB?$DN?5?$CI?$CIvoid?5?$CK?$CJ?50?$CJ@ 0000000000019fb0     DxeHobLib:HobLib.obj
 0002:00001990       ??_C@_0EK@LFHHFMI@d?3?2edk2?2edk2?2MdeModulePkg?2Libra@ 0000000000019fd0     UefiHiiServicesLib:UefiHiiServicesLib.obj
 0002:000019e0       ??_C@_0EG@LCOBMMJG@d?3?2edk2?2edk2?2MdePkg?2Library?2Dxe@ 000000000001a020     DxeServicesTableLib:DxeServicesTableLib.obj
 0002:00001a28       ??_C@_0BE@IOIFLNKO@gDS?5?$CB?$DN?5?$CI?$CIvoid?5?$CK?$CJ?50?$CJ@ 000000000001a068     DxeServicesTableLib:DxeServicesTableLib.obj
 0002:00001a40       ??_C@_0DJ@CMPNFDAJ@d?3?2edk2?2edk2?2MdeModulePkg?2Libra@ 000000000001a080     UefiHiiLib:HiiString.obj
 0002:00001a7c       ??_C@_06PLDEFKP@x?9UEFI@   000000000001a0bc     UefiHiiLib:HiiString.obj
 0002:00001a88       ??_C@_0CA@OEKIMLLB@PackageListGuid?5?$CB?$DN?5?$CI?$CIvoid?5?$CK?$CJ?50?$CJ@ 000000000001a0c8     UefiHiiLib:HiiString.obj
 0002:00001aa8       ??_C@_0O@EMMLPDMJ@StringId?5?$CB?$DN?50@ 000000000001a0e8     UefiHiiLib:HiiString.obj
 0002:00001ab6       ??_C@_00CNPNBAHC@@         000000000001a0f6     UefiHiiLib:HiiString.obj
 0002:00001ab8       ??_C@_0DG@NEOEJBDG@d?3?2edk2?2edk2?2MdeModulePkg?2Libra@ 000000000001a0f8     UefiHiiLib:HiiLib.obj
 0002:00001af0       ??_C@_0BO@KAEFIFMO@ConfigRequest?5?$CB?$DN?5?$CI?$CIvoid?5?$CK?$CJ?50?$CJ@ 000000000001a130     UefiHiiLib:HiiLib.obj
 0002:00001b10       ??_C@_0BG@MJAHJKJ@Block?5?$CB?$DN?5?$CI?$CIvoid?5?$CK?$CJ?50?$CJ@ 000000000001a150     UefiHiiLib:HiiLib.obj
 0002:00001b28       ??_C@_1M@DPLGJLCD@?$AAG?$AAU?$AAI?$AAD?$AA?$DN@ 000000000001a168     UefiHiiLib:HiiLib.obj
 0002:00001b38       ??_C@_1O@FMIENBLJ@?$AA?$CG?$AAN?$AAA?$AAM?$AAE?$AA?$DN@ 000000000001a178     UefiHiiLib:HiiLib.obj
 0002:00001b48       ??_C@_1O@GGMHNGIF@?$AA?$CG?$AAP?$AAA?$AAT?$AAH?$AA?$DN@ 000000000001a188     UefiHiiLib:HiiLib.obj
 0002:00001b58       ??_C@_1BC@KLGPJAMP@?$AA?$CG?$AAO?$AAF?$AAF?$AAS?$AAE?$AAT?$AA?$DN@ 000000000001a198     UefiHiiLib:HiiLib.obj
 0002:00001b70       ??_C@_0BM@LENJOOBF@FirstString?5?$CB?$DN?5?$CI?$CIvoid?5?$CK?$CJ?50?$CJ@ 000000000001a1b0     UefiHiiLib:HiiLib.obj
 0002:00001b90       ??_C@_0BN@CGMEJHHH@SecondString?5?$CB?$DN?5?$CI?$CIvoid?5?$CK?$CJ?50?$CJ@ 000000000001a1d0     UefiHiiLib:HiiLib.obj
 0002:00001bb0       ??_C@_0CC@BCKDEPBB@StartSearchString?5?$CB?$DN?5?$CI?$CIvoid?5?$CK?$CJ?5@ 000000000001a1f0     UefiHiiLib:HiiLib.obj
 0002:00001bd8       ??_C@_0CB@NPMPBLHL@StopSearchString?5?$CB?$DN?5?$CI?$CIvoid?5?$CK?$CJ?50@ 000000000001a218     UefiHiiLib:HiiLib.obj
 0002:00001c00       ??_C@_0BK@LFDBOAFJ@ConfigHdr?5?$CB?$DN?5?$CI?$CIvoid?5?$CK?$CJ?50?$CJ@ 000000000001a240     UefiHiiLib:HiiLib.obj
 0002:00001c20       ??_C@_1M@IDEFLMF@?$AA?$CF?$AAs?$AA?$CG?$AA?$CF?$AAs@ 000000000001a260     UefiHiiLib:HiiLib.obj
 0002:00001c30       ??_C@_1DC@EPJEBJEB@?$AA?$CF?$AAs?$AA?$CG?$AAO?$AAF?$AAF?$AAS?$AAE?$AAT?$AA?$DN?$AA0?$AA?$CG?$AAW?$AAI?$AAD@ 000000000001a270     UefiHiiLib:HiiLib.obj
 0002:00001c68       ??_C@_0BN@OKKMNGPH@OpCodeHandle?5?$CB?$DN?5?$CI?$CIvoid?5?$CK?$CJ?50?$CJ@ 000000000001a2a8     UefiHiiLib:HiiLib.obj
 0002:00001c88       ??_C@_0BP@IOABAFLF@OpCodeTemplate?5?$CB?$DN?5?$CI?$CIvoid?5?$CK?$CJ?50?$CJ@ 000000000001a2c8     UefiHiiLib:HiiLib.obj
 0002:00001ca8       ??_C@_0CF@DPHCOLMP@?$CIOpCodeSize?5?$CL?5ExtensionSize?$CJ?5?$DM?$DN@ 000000000001a2e8     UefiHiiLib:HiiLib.obj
 0002:00001cd0       ??_C@_0BK@JGHNIOOD@RawBuffer?5?$CB?$DN?5?$CI?$CIvoid?5?$CK?$CJ?50?$CJ@ 000000000001a310     UefiHiiLib:HiiLib.obj
 0002:00001cf0       ??_C@_0CA@JCKPEJCB@RawOpCodeHandle?5?$CB?$DN?5?$CI?$CIvoid?5?$CK?$CJ?50?$CJ@ 000000000001a330     UefiHiiLib:HiiLib.obj
 0002:00001d10       ??_C@_0M@HDMCLEDO@Type?5?$DM?50x08@ 000000000001a350     UefiHiiLib:HiiLib.obj
 0002:00001d20       ??_C@_0CP@JCOCHGHI@?$CIQuestionFlags?5?$CG?5?$CI?$HO?$CI0x01?5?$HM?50x04@ 000000000001a360     UefiHiiLib:HiiLib.obj
 0002:00001d50       ??_C@_0DG@CGCLKNEF@?$CIQuestionFlags?5?$CG?5?$CI?$HO?$CI0x01?5?$HM?50x04@ 000000000001a390     UefiHiiLib:HiiLib.obj
 0002:00001d88       ??_C@_0DN@DNMIONI@?$CIQuestionFlags?5?$CG?5?$CI?$HO?$CI0x01?5?$HM?50x04@ 000000000001a3c8     UefiHiiLib:HiiLib.obj
 0002:00001dd0       mConfigHdrTemplate         000000000001a410     UefiHiiLib:HiiLib.obj
 0002:00001e40       mHiiDefaultTypeToWidth     000000000001a480     UefiHiiLib:HiiLib.obj
 0002:00001e48       mEndOfPakageList           000000000001a488     UefiHiiLib:HiiLib.obj
 0002:00001e50       ??_C@_0DL@DPFMFDEP@d?3?2edk2?2edk2?2MdeModulePkg?2Libra@ 000000000001a490     UefiHiiLib:HiiLanguage.obj
 0002:00001e90       ??_C@_0EP@LHIPOJFB@d?3?2edk2?2edk2?2MdeModulePkg?2Libra@ 000000000001a4d0     DxeReportStatusCodeLib:ReportStatusCodeLib.obj
 0002:00001ee0       ??_C@_0BM@HAIDGOCB@Description?5?$CB?$DN?5?$CI?$CIvoid?5?$CK?$CJ?50?$CJ@ 000000000001a520     DxeReportStatusCodeLib:ReportStatusCodeLib.obj
 0002:00001f00       ??_C@_0DN@HHIHPHHB@?$CB?$CI?$CIExtendedData?5?$DN?$DN?5?$CI?$CIvoid?5?$CK?$CJ?50?$CJ@ 000000000001a540     DxeReportStatusCodeLib:ReportStatusCodeLib.obj
 0002:00001f40       ??_C@_0DN@BBBIFINB@?$CB?$CI?$CIExtendedData?5?$CB?$DN?5?$CI?$CIvoid?5?$CK?$CJ?50?$CJ@ 000000000001a580     DxeReportStatusCodeLib:ReportStatusCodeLib.obj
 0002:00001f80       ??_C@_0EP@CPFHHOMB@?$CI?$CI?$CIINTN?$CJ?$CIRETURN_STATUS?$CJ?$CIStatus?$CJ@ 000000000001a5c0     UefiBootManagerLib:BmConnect.obj
 0002:00001fd0       ??_C@_0EB@ELKKLNMK@d?3?2edk2?2edk2?2MdeModulePkg?2Libra@ 000000000001a610     UefiBootManagerLib:BmConnect.obj
 0002:00002018       ??_C@_1O@CJIOJFKI@?$AA?$CF?$AAs?$AA?$CF?$AA0?$AA4?$AAx@ 000000000001a658     UefiBootManagerLib:BmBoot.obj
 0002:00002028       ??_C@_0DG@JBPPOHBO@OptionToFind?9?$DOOptionNumber?5?$DN?$DN?5B@ 000000000001a668     UefiBootManagerLib:BmBoot.obj
 0002:00002060       ??_C@_0DO@NFNOMGOC@d?3?2edk2?2edk2?2MdeModulePkg?2Libra@ 000000000001a6a0     UefiBootManagerLib:BmBoot.obj
 0002:000020a0       ??_C@_19GDALFLBC@?$AAH?$AAD?$AAD?$AAP@ 000000000001a6e0     UefiBootManagerLib:BmBoot.obj
 0002:000020b0       ??_C@_0CB@HNPPGGEL@IsDevicePathEnd?5?$CITempDevicePath@ 000000000001a6f0     UefiBootManagerLib:BmBoot.obj
 0002:000020d8       ??_C@_1CM@POLGBFKG@?$AA?2?$AAE?$AAF?$AAI?$AA?2?$AAB?$AAO?$AAO?$AAT?$AA?2?$AAB?$AAO?$AAO?$AAT?$AAX@ 000000000001a718     UefiBootManagerLib:BmBoot.obj
 0002:00002108       ??_C@_0CC@IJGCPIJN@RamDiskDevicePath?5?$CB?$DN?5?$CI?$CIvoid?5?$CK?$CJ?5@ 000000000001a748     UefiBootManagerLib:BmBoot.obj
 0002:00002130       ??_C@_0GA@KMAJBBHE@?$CIDevicePathType?5?$CIRamDiskDeviceP@ 000000000001a770     UefiBootManagerLib:BmBoot.obj
 0002:00002190       ??_C@_0BB@DLJFOJCC@BmExpandLoadFile@ 000000000001a7d0     UefiBootManagerLib:BmBoot.obj
 0002:000021b0       ??_C@_0FG@OIHFMLDO@?$CFa?3?$CFa?3?5failed?5to?5allocate?5reser@ 000000000001a7f0     UefiBootManagerLib:BmBoot.obj
 0002:00002208       ??_C@_0BJ@LNALCLOM@FilePath?5?$CB?$DN?5?$CI?$CIvoid?5?$CK?$CJ?50?$CJ@ 000000000001a848     UefiBootManagerLib:BmBoot.obj
 0002:00002230       ??_C@_0EN@JHMJNHPF@?$CIErrorCode?5?$DN?$DN?5?$CI0x1000?5?$HM?50x00000@ 000000000001a870     UefiBootManagerLib:BmBoot.obj
 0002:00002280       ??_C@_0DM@POBOKFGH@?$FLBds?$FN?5Failed?5to?5create?5Boot?$CD?$CD?$CD?$CD@ 000000000001a8c0     UefiBootManagerLib:BmBoot.obj
 0002:000022c0       ??_C@_1BI@LBNGELID@?$AAB?$AAo?$AAo?$AAt?$AAC?$AAu?$AAr?$AAr?$AAe?$AAn?$AAt@ 000000000001a900     UefiBootManagerLib:BmBoot.obj
 0002:000022d8       ??_C@_0CC@HMPNCCAJ@?$FLBds?$FN?5Booting?5Boot?5Manager?5Menu@ 000000000001a918     UefiBootManagerLib:BmBoot.obj
 0002:00002300       ??_C@_0CH@MAENAIDI@?$FLBds?$FNBooting?5from?5unknown?5devic@ 000000000001a940     UefiBootManagerLib:BmBoot.obj
 0002:00002328       ??_C@_0BB@BJMHKPKN@?$FLBds?$FNBooting?5?$CFs?6@ 000000000001a968     UefiBootManagerLib:BmBoot.obj
 0002:00002340       ??_C@_0BK@CCNIJCHI@Image?5Return?5Status?5?$DN?5?$CFr?6@ 000000000001a980     UefiBootManagerLib:BmBoot.obj
 0002:00002360       ??_C@_0EJ@CKFLEIKF@Status?5?$DN?$DN?50?5?$HM?$HM?5Status?5?$DN?$DN?5?$CI?$CIRETU@ 000000000001a9a0     UefiBootManagerLib:BmBoot.obj
 0002:000023b0       ??_C@_0CA@CKEJEPEJ@BootOptionCount?5?$CB?$DN?5?$CI?$CIvoid?5?$CK?$CJ?50?$CJ@ 000000000001a9f0     UefiBootManagerLib:BmBoot.obj
 0002:000023d0       ??_C@_0BM@DJHLFDEF@BootOptions?5?$CB?$DN?5?$CI?$CIvoid?5?$CK?$CJ?50?$CJ@ 000000000001aa10     UefiBootManagerLib:BmBoot.obj
 0002:000023f0       ??_C@_1M@NFPEGKHA@?$AAC?$AAo?$AAn?$AAI?$AAn@ 000000000001aa30     UefiBootManagerLib:BmConsole.obj
 0002:00002400       ??_C@_1O@MJHLOIFA@?$AAC?$AAo?$AAn?$AAO?$AAu?$AAt@ 000000000001aa40     UefiBootManagerLib:BmConsole.obj
 0002:00002410       ??_C@_1O@JOJMCOJC@?$AAE?$AAr?$AAr?$AAO?$AAu?$AAt@ 000000000001aa50     UefiBootManagerLib:BmConsole.obj
 0002:00002420       ??_C@_1BC@OBFMLJLI@?$AAC?$AAo?$AAn?$AAI?$AAn?$AAD?$AAe?$AAv@ 000000000001aa60     UefiBootManagerLib:BmConsole.obj
 0002:00002438       ??_C@_1BE@INNAKDAF@?$AAC?$AAo?$AAn?$AAO?$AAu?$AAt?$AAD?$AAe?$AAv@ 000000000001aa78     UefiBootManagerLib:BmConsole.obj
 0002:00002450       ??_C@_1BE@JFPOEAHF@?$AAE?$AAr?$AAr?$AAO?$AAu?$AAt?$AAD?$AAe?$AAv@ 000000000001aa90     UefiBootManagerLib:BmConsole.obj
 0002:00002470       ??_C@_0EB@IGMNMEIJ@d?3?2edk2?2edk2?2MdeModulePkg?2Libra@ 000000000001aab0     UefiBootManagerLib:BmConsole.obj
 0002:000024b8       ??_C@_0BI@LEGCJJJC@VarName?5?$CB?$DN?5?$CI?$CIvoid?5?$CK?$CJ?50?$CJ@ 000000000001aaf8     UefiBootManagerLib:BmConsole.obj
 0002:000024d0       ??_C@_0BO@LGKGLLEA@ConsoleHandle?5?$CB?$DN?5?$CI?$CIvoid?5?$CK?$CJ?50?$CJ@ 000000000001ab10     UefiBootManagerLib:BmConsole.obj
 0002:000024f0       ??_C@_0BM@CGHKLPCB@ConsoleGuid?5?$CB?$DN?5?$CI?$CIvoid?5?$CK?$CJ?50?$CJ@ 000000000001ab30     UefiBootManagerLib:BmConsole.obj
 0002:00002510       ??_C@_0CC@IEKIILIB@ProtocolInterface?5?$CB?$DN?5?$CI?$CIvoid?5?$CK?$CJ?5@ 000000000001ab50     UefiBootManagerLib:BmConsole.obj
 0002:00002538       ??_C@_0DC@IFPPFOCH@?$FLBds?$FN?5No?5valid?5console?5instance@ 000000000001ab78     UefiBootManagerLib:BmConsole.obj
 0002:00002570       mConVarName                000000000001abb0     UefiBootManagerLib:BmConsole.obj
 0002:000025a0       mBmLoadOptionName          000000000001abe0     UefiBootManagerLib:BmLoadOption.obj
 0002:000025c0       ??_C@_1O@GAOCKAOK@?$AAD?$AAr?$AAi?$AAv?$AAe?$AAr@ 000000000001ac00     UefiBootManagerLib:BmLoadOption.obj
 0002:000025d0       ??_C@_1BA@IBFPPJON@?$AAS?$AAy?$AAs?$AAP?$AAr?$AAe?$AAp@ 000000000001ac10     UefiBootManagerLib:BmLoadOption.obj
 0002:000025e0       ??_C@_19JCAOHIEH@?$AAB?$AAo?$AAo?$AAt@ 000000000001ac20     UefiBootManagerLib:BmLoadOption.obj
 0002:000025f0       ??_C@_1CC@LGMJPJO@?$AAP?$AAl?$AAa?$AAt?$AAf?$AAo?$AAr?$AAm?$AAR?$AAe?$AAc?$AAo?$AAv?$AAe?$AAr@ 000000000001ac30     UefiBootManagerLib:BmLoadOption.obj
 0002:00002618       ??_C@_1BI@PDMCFEDG@?$AAD?$AAr?$AAi?$AAv?$AAe?$AAr?$AAO?$AAr?$AAd?$AAe?$AAr@ 000000000001ac58     UefiBootManagerLib:BmLoadOption.obj
 0002:00002630       ??_C@_1BK@CHMLNGLH@?$AAS?$AAy?$AAs?$AAP?$AAr?$AAe?$AAp?$AAO?$AAr?$AAd?$AAe?$AAr@ 000000000001ac70     UefiBootManagerLib:BmLoadOption.obj
 0002:00002650       ??_C@_1BE@CHCFCNKI@?$AAB?$AAo?$AAo?$AAt?$AAO?$AAr?$AAd?$AAe?$AAr@ 000000000001ac90     UefiBootManagerLib:BmLoadOption.obj
 0002:00002670       ??_C@_0EE@MNEGACHK@d?3?2edk2?2edk2?2MdeModulePkg?2Libra@ 000000000001acb0     UefiBootManagerLib:BmLoadOption.obj
 0002:000026b8       ??_C@_0CB@PFDEGLPD@FreeOptionNumber?5?$CB?$DN?5?$CI?$CIvoid?5?$CK?$CJ?50@ 000000000001acf8     UefiBootManagerLib:BmLoadOption.obj
 0002:000026e0       ??_C@_0HK@DHJNPELJ@LoadOptionType?5?$DN?$DN?5LoadOptionTyp@ 000000000001ad20     UefiBootManagerLib:BmLoadOption.obj
 0002:00002760       ??_C@_0GP@HFLIMAAP@?$CIOptionOrder?5?$CB?$DN?5?$CI?$CIvoid?5?$CK?$CJ?50?$CJ?5?$CG?$CG@ 000000000001ada0     UefiBootManagerLib:BmLoadOption.obj
 0002:000027d0       ??_C@_1BC@HGEHGBBD@?$AAB?$AAo?$AAo?$AAt?$AAN?$AAe?$AAx?$AAt@ 000000000001ae10     UefiBootManagerLib:BmLoadOption.obj
 0002:000027e8       ??_C@_0BI@HMGPIBBB@OptionNumber?5?$DM?$DN?50x10000@ 000000000001ae28     UefiBootManagerLib:BmLoadOption.obj
 0002:00002800       ??_C@_0BJ@DLOFCCCI@Variable?5?$CB?$DN?5?$CI?$CIvoid?5?$CK?$CJ?50?$CJ@ 000000000001ae40     UefiBootManagerLib:BmLoadOption.obj
 0002:00002820       ??_C@_0BP@NMMDNJFN@NewOptionOrder?5?$CB?$DN?5?$CI?$CIvoid?5?$CK?$CJ?50?$CJ@ 000000000001ae60     UefiBootManagerLib:BmLoadOption.obj
 0002:00002840       ??_C@_0BM@ILMIEJOJ@OptionOrder?5?$CB?$DN?5?$CI?$CIvoid?5?$CK?$CJ?50?$CJ@ 000000000001ae80     UefiBootManagerLib:BmLoadOption.obj
 0002:00002860       ??_C@_0CM@MAOCOHA@String?5?$CB?$DN?5?$CI?$CIvoid?5?$CK?$CJ?50?$CJ?5?$CG?$CG?5MaxSt@ 000000000001aea0     UefiBootManagerLib:BmLoadOption.obj
 0002:00002890       ??_C@_0BI@BEIPAHPN@Options?5?$CB?$DN?5?$CI?$CIvoid?5?$CK?$CJ?50?$CJ@ 000000000001aed0     UefiBootManagerLib:BmLoadOption.obj
 0002:000028b0       ??_C@_0EN@EEPBAEH@?$FLBds?$FN?5?$CFs?5doesn?8t?5exist?5?9?5Update@ 000000000001aef0     UefiBootManagerLib:BmLoadOption.obj
 0002:00002900       ??_C@_0DC@GPHPCJCG@Options?$FLOptionIndex?$FN?4OptionNumb@ 000000000001af40     UefiBootManagerLib:BmLoadOption.obj
 0002:00002938       ??_C@_0O@JAAHIOB@?$FLBds?$FN?5Expand?5@ 000000000001af78     UefiBootManagerLib:BmLoadOption.obj
 0002:00002948       ??_C@_04BBDFLMDN@?5?9?$DO?5@ 000000000001af88     UefiBootManagerLib:BmLoadOption.obj
 0002:00002950       ??_C@_01EEMJAFIK@?6@       000000000001af90     UefiBootManagerLib:BmLoadOption.obj
 0002:00002958       mBmLoadOptionOrderName     000000000001af98     UefiBootManagerLib:BmLoadOption.obj
 0002:00002980       ??_C@_0EJ@NJEFMFED@d?3?2edk2?2edk2?2MdeModulePkg?2Libra@ 000000000001afc0     UefiBootManagerLib:BmBootDescription.obj
 0002:000029d0       ??_C@_0DD@MBGDIJCD@Length?5?$DN?$DN?5ModelNameLength?5?$CL?5Ser@ 000000000001b010     UefiBootManagerLib:BmBootDescription.obj
 0002:00002a08       ??_C@_1BE@HCCIKJOI@?$AAS?$AAD?$AA?5?$AAD?$AAe?$AAv?$AAi?$AAc?$AAe@ 000000000001b048     UefiBootManagerLib:BmBootDescription.obj
 0002:00002a20       ??_C@_1BI@MOIBBPND@?$AAe?$AAM?$AAM?$AAC?$AA?5?$AAD?$AAe?$AAv?$AAi?$AAc?$AAe@ 000000000001b060     UefiBootManagerLib:BmBootDescription.obj
 0002:00002a38       ??_C@_13HOIJIPNN@?$AA?5@   000000000001b078     UefiBootManagerLib:BmBootDescription.obj
 0002:00002a40       ??_C@_17IDOMPBMF@?$AAP?$AAX?$AAE@ 000000000001b080     UefiBootManagerLib:BmBootDescription.obj
 0002:00002a48       ??_C@_19BMGGGIKC@?$AAH?$AAT?$AAT?$AAP@ 000000000001b088     UefiBootManagerLib:BmBootDescription.obj
 0002:00002a60       ??_C@_1EK@KDADHDDD@?$AA?$CF?$AAs?$AAv?$AA?$CF?$AAd?$AA?5?$AA?$CI?$AAM?$AAA?$AAC?$AA?3?$AA?$CF?$AA0?$AA2?$AAx@ 000000000001b0a0     UefiBootManagerLib:BmBootDescription.obj
 0002:00002ab0       ??_C@_1FI@BDHDKNGL@?$AA?$CF?$AAs?$AAv?$AA?$CF?$AAd?$AA?5?$AA?$CI?$AAM?$AAA?$AAC?$AA?3?$AA?$CF?$AA0?$AA2?$AAx@ 000000000001b0f0     UefiBootManagerLib:BmBootDescription.obj
 0002:00002b08       ??_C@_1O@CLMODHEM@?$AAF?$AAl?$AAo?$AAp?$AAp?$AAy@ 000000000001b148     UefiBootManagerLib:BmBootDescription.obj
 0002:00002b18       ??_C@_1BE@CAANMHKL@?$AAD?$AAV?$AAD?$AA?1?$AAC?$AAD?$AAR?$AAO?$AAM@ 000000000001b158     UefiBootManagerLib:BmBootDescription.obj
 0002:00002b30       ??_C@_1BG@FNOOENMH@?$AAH?$AAa?$AAr?$AAd?$AA?5?$AAD?$AAr?$AAi?$AAv?$AAe@ 000000000001b170     UefiBootManagerLib:BmBootDescription.obj
 0002:00002b48       ??_C@_1BG@PDJIKBEG@?$AAU?$AAS?$AAB?$AA?5?$AAD?$AAe?$AAv?$AAi?$AAc?$AAe@ 000000000001b188     UefiBootManagerLib:BmBootDescription.obj
 0002:00002b60       ??_C@_1BI@NPAIJFIJ@?$AAS?$AAC?$AAS?$AAI?$AA?5?$AAD?$AAe?$AAv?$AAi?$AAc?$AAe@ 000000000001b1a0     UefiBootManagerLib:BmBootDescription.obj
 0002:00002b78       ??_C@_1BO@NNOGFLGA@?$AAR?$AAe?$AAm?$AAo?$AAv?$AAa?$AAb?$AAl?$AAe?$AA?5?$AAD?$AAi?$AAs?$AAk@ 000000000001b1b8     UefiBootManagerLib:BmBootDescription.obj
 0002:00002b98       ??_C@_1BI@IIOANEKN@?$AAM?$AAi?$AAs?$AAc?$AA?5?$AAD?$AAe?$AAv?$AAi?$AAc?$AAe@ 000000000001b1d8     UefiBootManagerLib:BmBootDescription.obj
 0002:00002bb0       ??_C@_1CM@CCDJEPCI@?$AAN?$AAo?$AAn?$AA?9?$AAB?$AAl?$AAo?$AAc?$AAk?$AA?5?$AAB?$AAo?$AAo?$AAt?$AA?5@ 000000000001b1f0     UefiBootManagerLib:BmBootDescription.obj
 0002:00002be0       ??_C@_0BF@NDBIKIKC@CR?5has?5Bad?5Signature@ 000000000001b220     UefiBootManagerLib:BmBootDescription.obj
 0002:00002bf8       ??_C@_0BF@OIGBEABJ@Temp?5?$CB?$DN?5?$CI?$CIvoid?5?$CK?$CJ?50?$CJ@ 000000000001b238     UefiBootManagerLib:BmBootDescription.obj
 0002:00002c10       ??_C@_0CD@NNLEHLIP@DefaultDescription?5?$CB?$DN?5?$CI?$CIvoid?5?$CK?$CJ@ 000000000001b250     UefiBootManagerLib:BmBootDescription.obj
 0002:00002c38       ??_C@_0BI@HAGDMNKK@Visited?5?$CB?$DN?5?$CI?$CIvoid?5?$CK?$CJ?50?$CJ@ 000000000001b278     UefiBootManagerLib:BmBootDescription.obj
 0002:00002c50       ??_C@_1M@DJFDNGE@?$AA?$CF?$AAs?$AA?5?$AA?$CF?$AAd@ 000000000001b290     UefiBootManagerLib:BmBootDescription.obj
 0002:00002c60       mBmBootDescriptionHandlers 000000000001b2a0     UefiBootManagerLib:BmBootDescription.obj
 0002:00002c90       ??_C@_0EA@HALMFMPM@d?3?2edk2?2edk2?2MdeModulePkg?2Libra@ 000000000001b2d0     UefiBootManagerLib:BmHotkey.obj
 0002:00002cd0       ??_C@_0CC@JHGOKCAM@?$FLBds?$FNBmHotkeyCallback?3?5?$CF04x?3?$CF04@ 000000000001b310     UefiBootManagerLib:BmHotkey.obj
 0002:00002d00       ??_C@_0EO@PGCGMAA@Hotkey?9?$DOWaitingKey?5?$DM?5?$CIsizeof?5?$CIH@ 000000000001b340     UefiBootManagerLib:BmHotkey.obj
 0002:00002d50       ??_C@_0CB@PFLHPPPA@?$FLBds?$FNHotkey?5for?5?$CFs?5pressed?5?9?5?$CFr@ 000000000001b390     UefiBootManagerLib:BmHotkey.obj
 0002:00002d78       ??_C@_0BM@PIEMCHHP@?$FLBds?$FNContinue?5key?5pressed?$CB?6@ 000000000001b3b8     UefiBootManagerLib:BmHotkey.obj
 0002:00002d98       ??_C@_0CI@IEECCPEN@?$FLBds?$FNUnregisterKeyNotify?3?5?$CF04x?1@ 000000000001b3d8     UefiBootManagerLib:BmHotkey.obj
 0002:00002dc0       ??_C@_0BL@ELKNAPIO@?$FLBds?$FNStop?5Hotkey?5Service?$CB?6@ 000000000001b400     UefiBootManagerLib:BmHotkey.obj
 0002:00002de0       ??_C@_1CM@OLBNONPD@?$AAM?$AAe?$AAm?$AAo?$AAr?$AAy?$AAT?$AAy?$AAp?$AAe?$AAI?$AAn?$AAf?$AAo?$AAr@ 000000000001b420     UefiBootManagerLib:BmMisc.obj
 0002:00002e10       ??_C@_0CG@JANCEMEA@Memory?5?5Previous?5?5Current?5?5?5?5Ne@ 000000000001b450     UefiBootManagerLib:BmMisc.obj
 0002:00002e38       ??_C@_0CG@GIAKKOHH@?5Type?5?5?5?5Pages?5?5?5?5?5Pages?5?5?5?5?5Pa@ 000000000001b478     UefiBootManagerLib:BmMisc.obj
 0002:00002e60       ??_C@_0CG@DHPBOGIK@?$DN?$DN?$DN?$DN?$DN?$DN?5?5?$DN?$DN?$DN?$DN?$DN?$DN?$DN?$DN?5?5?$DN?$DN?$DN?$DN?$DN?$DN?$DN?$DN?5?5?$DN?$DN?$DN@ 000000000001b4a0     UefiBootManagerLib:BmMisc.obj
 0002:00002e88       ??_C@_0BM@FKMFCHDC@?5?5?$CF02x?5?5?5?5?$CF08x?5?5?$CF08x?5?5?$CF08x?6@ 000000000001b4c8     UefiBootManagerLib:BmMisc.obj
 0002:00002ea8       ??_C@_0CK@JOALLLAO@Memory?5Type?5Information?5setting@ 000000000001b4e8     UefiBootManagerLib:BmMisc.obj
 0002:00002ee0       ??_C@_0ED@IFKDJDAE@Memory?5Type?5Information?5setting@ 000000000001b520     UefiBootManagerLib:BmMisc.obj
 0002:00002f24       ??_C@_02DKCKIIND@?$CFs@    000000000001b564     UefiBootManagerLib:BmMisc.obj
 0002:00002f28       ??_C@_1BA@OEPBAFIJ@?$AAH?$AAe?$AAa?$AAl?$AAt?$AAh?$AAy@ 000000000001b568     UefiBootManagerLib:BmDriverHealth.obj
 0002:00002f38       ??_C@_1CA@MECBMJF@?$AAR?$AAe?$AAp?$AAa?$AAi?$AAr?$AA?5?$AAR?$AAe?$AAq?$AAu?$AAi?$AAr?$AAe?$AAd@ 000000000001b578     UefiBootManagerLib:BmDriverHealth.obj
 0002:00002f58       ??_C@_1CO@FBBOCFDH@?$AAC?$AAo?$AAn?$AAf?$AAi?$AAg?$AAu?$AAr?$AAa?$AAt?$AAi?$AAo?$AAn?$AA?5?$AAR@ 000000000001b598     UefiBootManagerLib:BmDriverHealth.obj
 0002:00002f88       ??_C@_1O@GCADHOOL@?$AAF?$AAa?$AAi?$AAl?$AAe?$AAd@ 000000000001b5c8     UefiBootManagerLib:BmDriverHealth.obj
 0002:00002f98       ??_C@_1CG@MFKNOOC@?$AAR?$AAe?$AAc?$AAo?$AAn?$AAn?$AAe?$AAc?$AAt?$AA?5?$AAR?$AAe?$AAq?$AAu?$AAi@ 000000000001b5d8     UefiBootManagerLib:BmDriverHealth.obj
 0002:00002fc0       ??_C@_1CA@LMENMPKC@?$AAR?$AAe?$AAb?$AAo?$AAo?$AAt?$AA?5?$AAR?$AAe?$AAq?$AAu?$AAi?$AAr?$AAe?$AAd@ 000000000001b600     UefiBootManagerLib:BmDriverHealth.obj
 0002:00002fe0       ??_C@_19BALNHBBC@?$AAL?$AAa?$AAn?$AAg@ 000000000001b620     UefiBootManagerLib:BmDriverHealth.obj
 0002:00002fec       ??_C@_03LKLGDMJI@eng@      000000000001b62c     UefiBootManagerLib:BmDriverHealth.obj
 0002:00002ff0       ??_C@_05JJLPJMLG@en?9US@   000000000001b630     UefiBootManagerLib:BmDriverHealth.obj
 0002:00002ff8       ??_C@_0BA@PJPGFCCB@Controller?3?5?$CFs?6@ 000000000001b638     UefiBootManagerLib:BmDriverHealth.obj
 0002:00003008       ??_C@_1CA@PLAOFDKP@?$AAC?$AAo?$AAn?$AAt?$AAr?$AAo?$AAl?$AAl?$AAe?$AAr?$AA?3?$AA?5?$AA?$CF?$AAs?$AA?6@ 000000000001b648     UefiBootManagerLib:BmDriverHealth.obj
 0002:00003028       ??_C@_1M@IANLBCIB@?$AA?5?$AA?5?$AA?$CF?$AAs?$AA?6@ 000000000001b668     UefiBootManagerLib:BmDriverHealth.obj
 0002:00003034       ??_C@_05LDOEBFOB@?5?5?$CFs?6@ 000000000001b674     UefiBootManagerLib:BmDriverHealth.obj
 0002:00003040       ??_C@_0BK@NGFIGLGA@?$FLBDS?$FNRepairNotify?3?5?$CFd?1?$CFd?6@ 000000000001b680     UefiBootManagerLib:BmDriverHealth.obj
 0002:00003060       ??_C@_1DE@KPAEMAID@?$AA?$FL?$AAB?$AAD?$AAS?$AA?$FN?$AAR?$AAe?$AAp?$AAa?$AAi?$AAr?$AAN?$AAo?$AAt?$AAi@ 000000000001b6a0     UefiBootManagerLib:BmDriverHealth.obj
 0002:00003098       ??_C@_0CD@BOOHEENM@DriverHealthHandle?5?$CB?$DN?5?$CI?$CIvoid?5?$CK?$CJ@ 000000000001b6d8     UefiBootManagerLib:BmDriverHealth.obj
 0002:000030c0       ??_C@_0EG@KEAFOFPM@d?3?2edk2?2edk2?2MdeModulePkg?2Libra@ 000000000001b700     UefiBootManagerLib:BmDriverHealth.obj
 0002:00003108       ??_C@_0CC@KGLGCPCA@?$CKDriverHealthInfo?5?$CB?$DN?5?$CI?$CIvoid?5?$CK?$CJ?5@ 000000000001b748     UefiBootManagerLib:BmDriverHealth.obj
 0002:00003130       ??_C@_0CE@MFGOGKIA@DriverHealthHandles?5?$CB?$DN?5?$CI?$CIvoid?5?$CK@ 000000000001b770     UefiBootManagerLib:BmDriverHealth.obj
 0002:00003158       ??_C@_0P@JFBCBHIC@?$CF02d?3?5?$CFs?5?9?5?$CFs?6@ 000000000001b798     UefiBootManagerLib:BmDriverHealth.obj
 0002:00003168       ??_C@_0BH@PIKEIHIM@BmRepairAllControllers@ 000000000001b7a8     UefiBootManagerLib:BmDriverHealth.obj
 0002:00003180       ??_C@_0CJ@OPCGBII@?$FL?$CFa?3?$CFd?$FN?5Repair?5failed?5after?5?$CFd?5@ 000000000001b7c0     UefiBootManagerLib:BmDriverHealth.obj
 0002:000031b0       ??_C@_0DO@HEBFPBBH@?$FLBDS?$FN?5One?5of?5the?5Driver?5Health?5@ 000000000001b7f0     UefiBootManagerLib:BmDriverHealth.obj
 0002:000031f0       mBmHealthStatusText        000000000001b830     UefiBootManagerLib:BmDriverHealth.obj
 0002:00003220       ??_C@_0CE@MDBJFLCA@MenuNumber?5?$DM?5MenuOption?9?$DOMenuNu@ 000000000001b860     FileExplorerLib:FileExplorer.obj
 0002:00003250       ??_C@_0EB@NDHFOMNC@d?3?2edk2?2edk2?2MdeModulePkg?2Libra@ 000000000001b890     FileExplorerLib:FileExplorer.obj
 0002:00003298       ??_C@_0BH@GHAKFHML@ToText?5?$CB?$DN?5?$CI?$CIvoid?5?$CK?$CJ?50?$CJ@ 000000000001b8d8     FileExplorerLib:FileExplorer.obj
 0002:000032b0       ??_C@_0BF@CPBCKIGP@Dest?5?$CB?$DN?5?$CI?$CIvoid?5?$CK?$CJ?50?$CJ@ 000000000001b8f0     FileExplorerLib:FileExplorer.obj
 0002:000032c8       ??_C@_0BH@FMMHHFDB@TmpStr?5?$CB?$DN?5?$CI?$CIvoid?5?$CK?$CJ?50?$CJ@ 000000000001b908     FileExplorerLib:FileExplorer.obj
 0002:000032e0       ??_C@_0BE@LNIAOOBG@Str?5?$CB?$DN?5?$CI?$CIvoid?5?$CK?$CJ?50?$CJ@ 000000000001b920     FileExplorerLib:FileExplorer.obj
 0002:000032f4       ??_C@_13FPGAJAPJ@?$AA?2@   000000000001b934     FileExplorerLib:FileExplorer.obj
 0002:000032f8       ??_C@_1CI@JGIGCDAN@?$AAN?$AAO?$AA?5?$AAF?$AAI?$AAL?$AAE?$AA?5?$AAS?$AAY?$AAS?$AAT?$AAE?$AAM?$AA?5@ 000000000001b938     FileExplorerLib:FileExplorer.obj
 0002:00003320       ??_C@_1CA@KOPNEOKK@?$AAN?$AAO?$AA?5?$AAV?$AAO?$AAL?$AAU?$AAM?$AAE?$AA?5?$AAL?$AAA?$AAB?$AAE?$AAL@ 000000000001b960     FileExplorerLib:FileExplorer.obj
 0002:00003340       ??_C@_0CJ@CDKCBEKC@MenuEntry?9?$DODisplayString?5?$CB?$DN?5?$CI?$CIv@ 000000000001b980     FileExplorerLib:FileExplorer.obj
 0002:00003370       ??_C@_1BC@GMOFGFBO@?$AA?$CF?$AAs?$AA?0?$AA?5?$AA?$FL?$AA?$CF?$AAs?$AA?$FN@ 000000000001b9b0     FileExplorerLib:FileExplorer.obj
 0002:00003388       ??_C@_19ECGOGJPA@?$AA?$DM?$AA?$CF?$AAs?$AA?$DO@ 000000000001b9c8     FileExplorerLib:FileExplorer.obj
 0002:00003398       ??_C@_0CO@BKJCELCP@gFileExplorerPrivate?4FileType?5?$CB@ 000000000001b9d8     FileExplorerLib:FileExplorer.obj
 0002:000033c8       ??_C@_0CF@KMPENEEM@gHiiVendorDevicePath?5?$CB?$DN?5?$CI?$CIvoid?5@ 000000000001ba08     FileExplorerLib:FileExplorer.obj
 0002:000033f0       ??_C@_0DB@BODFOPAI@gFileExplorerPrivate?4FeHiiHandl@ 000000000001ba30     FileExplorerLib:FileExplorer.obj
 0002:00003430       ??_C@_0EF@MIMDNLKB@d?3?2edk2?2edk2?2MdeModulePkg?2Libra@ 000000000001ba70     DeviceManagerUiLib:DeviceManager.obj
 0002:00003478       ??_C@_19IEFMLJON@?$AAM?$AAA?$AAC?$AA?3@ 000000000001bab8     DeviceManagerUiLib:DeviceManager.obj
 0002:00003488       ??_C@_1M@MOFLFCEC@?$AA?$CF?$AAs?$AA?5?$AA?$CF?$AAs@ 000000000001bac8     DeviceManagerUiLib:DeviceManager.obj
 0002:00003498       ??_C@_0DA@BBLDGEIM@gDeviceManagerPrivate?4HiiHandle@ 000000000001bad8     DeviceManagerUiLib:DeviceManager.obj
 0002:000034c8       ??_C@_1BG@DBHBDKIO@?$AAL?$AAe?$AAg?$AAa?$AAc?$AAy?$AA?5?$AAB?$AAE?$AAV@ 000000000001bb08     BootManagerUiLib:BootManager.obj
 0002:000034e0       ??_C@_1BM@IAJGCJBG@?$AAL?$AAe?$AAg?$AAa?$AAc?$AAy?$AA?5?$AAF?$AAl?$AAo?$AAp?$AAp?$AAy@ 000000000001bb20     BootManagerUiLib:BootManager.obj
 0002:00003500       ??_C@_1CE@EJMDGBEH@?$AAL?$AAe?$AAg?$AAa?$AAc?$AAy?$AA?5?$AAH?$AAa?$AAr?$AAd?$AA?5?$AAD?$AAr?$AAi@ 000000000001bb40     BootManagerUiLib:BootManager.obj
 0002:00003528       ??_C@_1BM@EEIPAJPF@?$AAL?$AAe?$AAg?$AAa?$AAc?$AAy?$AA?5?$AAC?$AAD?$AA?5?$AAR?$AAO?$AAM@ 000000000001bb68     BootManagerUiLib:BootManager.obj
 0002:00003548       ??_C@_1BM@CCEDBLBN@?$AAL?$AAe?$AAg?$AAa?$AAc?$AAy?$AA?5?$AAP?$AAC?$AAM?$AAC?$AAI?$AAA@ 000000000001bb88     BootManagerUiLib:BootManager.obj
 0002:00003568       ??_C@_1BG@ENPLCDPC@?$AAL?$AAe?$AAg?$AAa?$AAc?$AAy?$AA?5?$AAU?$AAS?$AAB@ 000000000001bba8     BootManagerUiLib:BootManager.obj
 0002:00003580       ??_C@_1DA@LLMHHEOA@?$AAL?$AAe?$AAg?$AAa?$AAc?$AAy?$AA?5?$AAE?$AAm?$AAb?$AAe?$AAd?$AAd?$AAe?$AAd@ 000000000001bbc0     BootManagerUiLib:BootManager.obj
 0002:000035b0       ??_C@_1CM@CNECEIDD@?$AAL?$AAe?$AAg?$AAa?$AAc?$AAy?$AA?5?$AAU?$AAn?$AAk?$AAn?$AAo?$AAw?$AAn?$AA?5@ 000000000001bbf0     BootManagerUiLib:BootManager.obj
 0002:000035e0       ??_C@_0EB@JKIBMKBO@d?3?2edk2?2edk2?2MdeModulePkg?2Libra@ 000000000001bc20     BootManagerUiLib:BootManager.obj
 0002:00003628       ??_C@_1BC@HAMKBGJJ@?$AAB?$AAo?$AAo?$AAt?$AA?$CF?$AA0?$AA4?$AAx@ 000000000001bc68     BootManagerUiLib:BootManager.obj
 0002:00003640       ??_C@_0DM@KMLPJPAC@?$FLBootManagerDxe?$FN?5?$DN?$DN?$DN?$DN?5Find?5Lega@ 000000000001bc80     BootManagerUiLib:BootManager.obj
 0002:00003680       ??_C@_0HO@LAFBCGAG@?$CI?$CI?$CIBBS_BBS_DEVICE_PATH?5?$CK?$CJBootOp@ 000000000001bcc0     BootManagerUiLib:BootManager.obj
 0002:00003700       ??_C@_0CO@EBBHKDJM@BootOption?$FLIndex?$FN?4Description?5?$CB@ 000000000001bd40     BootManagerUiLib:BootManager.obj
 0002:00003730       ??_C@_1BO@PNIJGPEG@?$AAD?$AAe?$AAv?$AAi?$AAc?$AAe?$AA?5?$AAP?$AAa?$AAt?$AAh?$AA?5?$AA?3?$AA?5@ 000000000001bd70     BootManagerUiLib:BootManager.obj
 0002:00003750       ??_C@_0BL@DFKODJNK@HelpString?5?$CB?$DN?5?$CI?$CIvoid?5?$CK?$CJ?50?$CJ@ 000000000001bd90     BootManagerUiLib:BootManager.obj
 0002:00003770       ??_C@_0CO@JHOJDCNH@gBootManagerPrivate?4HiiHandle?5?$CB@ 000000000001bdb0     BootManagerUiLib:BootManager.obj
 0002:000037a0       mDeviceTypeStr             000000000001bde0     BootManagerUiLib:BootManager.obj
 0002:000037e0       ??_C@_0FA@NDLAAEBD@d?3?2edk2?2edk2?2MdeModulePkg?2Libra@ 000000000001be20     BootMaintenanceManagerUiLib:BootMaintenance.obj
 0002:00003830       ??_C@_1BK@KPMCGGIO@?$AA?$CG?$AAO?$AAF?$AAF?$AAS?$AAE?$AAT?$AA?$DN?$AA?$CF?$AA0?$AA4?$AAx@ 000000000001be70     BootMaintenanceManagerUiLib:BootMaintenance.obj
 0002:00003850       ??_C@_0BN@LKNBJPEL@NewMenuEntry?5?$CB?$DN?5?$CI?$CIvoid?5?$CK?$CJ?50?$CJ@ 000000000001be90     BootMaintenanceManagerUiLib:BootMaintenance.obj
 0002:00003870       ??_C@_0FF@OCGNDIFH@BmmData?9?$DOCOMBaudRate?$FLIndex?$FN?5?$DM?5?$CI@ 000000000001beb0     BootMaintenanceManagerUiLib:BootMaintenance.obj
 0002:000038d0       ??_C@_0FF@FOFLGLHI@BmmData?9?$DOCOMDataRate?$FLIndex?$FN?5?$DM?5?$CI@ 000000000001bf10     BootMaintenanceManagerUiLib:BootMaintenance.obj
 0002:00003930       ??_C@_0FF@LOCDEPJ@BmmData?9?$DOCOMStopBits?$FLIndex?$FN?5?$DM?5?$CI@ 000000000001bf70     BootMaintenanceManagerUiLib:BootMaintenance.obj
 0002:00003990       ??_C@_0EP@DFIGDHMP@BmmData?9?$DOCOMParity?$FLIndex?$FN?5?$DM?5?$CI?$CIs@ 000000000001bfd0     BootMaintenanceManagerUiLib:BootMaintenance.obj
 0002:000039e0       ??_C@_0M@FEHBHOOC@Index?5?$DM?5100@ 000000000001c020     BootMaintenanceManagerUiLib:BootMaintenance.obj
 0002:000039f0       ??_C@_0CI@LNNDKNDP@Index?5?$CL?5ConsoleInpMenu?4MenuNumb@ 000000000001c030     BootMaintenanceManagerUiLib:BootMaintenance.obj
 0002:00003a18       ??_C@_0CI@CDCMIKKB@Index?5?$CL?5ConsoleOutMenu?4MenuNumb@ 000000000001c058     BootMaintenanceManagerUiLib:BootMaintenance.obj
 0002:00003a40       ??_C@_0CI@EDJDHKEG@Index?5?$CL?5ConsoleErrMenu?4MenuNumb@ 000000000001c080     BootMaintenanceManagerUiLib:BootMaintenance.obj
 0002:00003a68       ??_C@_1O@LFMAFHMH@?$AAO?$AAF?$AAF?$AAS?$AAE?$AAT@ 000000000001c0a8     BootMaintenanceManagerUiLib:BootMaintenance.obj
[...]
 0005:00000118       $unwind$CompareGuid        0000000000024dd8     BaseMemoryLibRepStr:MemLibGuid.obj
 0005:00000130       $unwind$BOpt_DestroyMenuEntry 0000000000024df0     BootMaintenanceManagerUiLib:BootOption.obj
 0005:00000130       $unwind$BOpt_GetMenuEntry  0000000000024df0     BootMaintenanceManagerUiLib:BootOption.obj
 0005:00000130       $unwind$IsIsaSerialNode    0000000000024df0     BootMaintenanceManagerUiLib:ConsoleOption.obj
 0005:00000130       $unwind$UpdatePageBody     0000000000024df0     BootMaintenanceManagerUiLib:UpdatePage.obj
 0005:00000130       $unwind$DeviceManagerCallback 0000000000024df0     DeviceManagerUiLib:DeviceManager.obj
 0005:00000130       $unwind$LibCallback        0000000000024df0     FileExplorerLib:FileExplorer.obj
 0005:00000130       $unwind$LibDestroyMenuEntry 0000000000024df0     FileExplorerLib:FileExplorer.obj
 0005:00000130       $unwind$LibGetMenuEntry    0000000000024df0     FileExplorerLib:FileExplorer.obj
 0005:00000130       $unwind$BmMatchPartitionDevicePathNode 0000000000024df0     UefiBootManagerLib:BmBoot.obj
 0005:00000130       $unwind$BmRepairNotify     0000000000024df0     UefiBootManagerLib:BmDriverHealth.obj
 0005:00000130       $unwind$HiiGetSupportedLanguages 0000000000024df0     UefiHiiLib:HiiLanguage.obj
 0005:00000130       $unwind$InsertTailList     0000000000024df0     BaseLib:LinkedList.obj
 0005:00000130       $unwind$IsNull             0000000000024df0     BaseLib:LinkedList.obj
 0005:00000130       $unwind$StrnLenS           0000000000024df0     BaseLib:SafeString.obj
 0005:00000130       $unwind$AsciiStrLen        0000000000024df0     BaseLib:String.obj
 0005:00000130       $unwind$ZeroMem            0000000000024df0     BaseMemoryLibRepStr:ZeroMemWrapper.obj
 0005:00000130       $unwind$IsDevicePathEnd    0000000000024df0     UefiDevicePathLibDevicePathProtocol:UefiDevicePathLib.obj
 0005:00000130       $unwind$SetDevicePathNodeLength 0000000000024df0     UefiDevicePathLibDevicePathProtocol:UefiDevicePathLib.obj
 0005:00000130       $unwind$FreePages          0000000000024df0     UefiMemoryAllocationLib:MemoryAllocationLib.obj
 0005:00000130       $unwind$InternalAllocateCopyPool 0000000000024df0     UefiMemoryAllocationLib:MemoryAllocationLib.obj
 0005:0000013c       $unwind$HiiCreateGotoOpCode 0000000000024dfc     UefiHiiLib:HiiLib.obj
 0005:0000013c       $unwind$StrCpyS            0000000000024dfc     BaseLib:SafeString.obj
 0005:00000154       $unwind$StrnCpyS           0000000000024e14     BaseLib:SafeString.obj
 0005:0000016c       $unwind$StrCatS            0000000000024e2c     BaseLib:SafeString.obj
 0005:0000016c       $unwind$StrnCatS           0000000000024e2c     BaseLib:SafeString.obj
 0005:00000188       $unwind$ReSendForm         0000000000024e48     BootMaintenanceManagerUiLib:BootOption.obj
 0005:00000188       $unwind$BmGetControllerName 0000000000024e48     UefiBootManagerLib:BmDriverHealth.obj
 0005:00000188       $unwind$HiiCreateActionOpCode 0000000000024e48     UefiHiiLib:HiiLib.obj
 0005:00000188       $unwind$HiiCreateCheckBoxOpCode 0000000000024e48     UefiHiiLib:HiiLib.obj
 0005:00000188       $unwind$AsciiStrToUnicodeStrS 0000000000024e48     BaseLib:SafeString.obj
 0005:0000019c       $unwind$Var_DelBootOption  0000000000024e5c     BootMaintenanceManagerUiLib:Variable.obj
 0005:0000019c       $unwind$Var_UpdateBootNext 0000000000024e5c     BootMaintenanceManagerUiLib:Variable.obj
 0005:0000019c       $unwind$InternalReportStatusCode 0000000000024e5c     DxeReportStatusCodeLib:ReportStatusCodeLib.obj
 0005:0000019c       $unwind$UnicodeVSPrint     0000000000024e5c     BasePrintLib:PrintLib.obj
 0005:0000019c       $unwind$UnicodeValueToStringS 0000000000024e5c     BasePrintLib:PrintLib.obj
 0005:000001b0       $unwind$UnicodeSPrint      0000000000024e70     BasePrintLib:PrintLib.obj
 0005:000001b8       $unwind$AsciiSPrint        0000000000024e78     BasePrintLib:PrintLib.obj
 0005:000001c0       $unwind$BasePrintLibConvertValueToStringS 0000000000024e80     BasePrintLib:PrintLibInternal.obj
 0005:000001dc       $unwind$BasePrintLibSPrintMarker 0000000000024e9c     BasePrintLib:PrintLibInternal.obj
 0005:000001f8       $unwind$BasePrintLibSPrint 0000000000024eb8     BasePrintLib:PrintLibInternal.obj
 0005:00000200       $unwind$DebugPrint         0000000000024ec0     BaseDebugLibSerialPort:DebugLib.obj
 0005:00000208       $unwind$DebugPrintMarker   0000000000024ec8     BaseDebugLibSerialPort:DebugLib.obj
 0005:0000021c       $unwind$DebugAssert        0000000000024edc     BaseDebugLibSerialPort:DebugLib.obj
 0005:00000224       $unwind$UpdateProgress     0000000000024ee4     BootMaintenanceManagerUiLib:BootMaintenance.obj
 0005:00000224       $unwind$InternalHiiCreateOpCodeExtended 0000000000024ee4     UefiHiiLib:HiiLib.obj
 0005:00000224       $unwind$FileDevicePath     0000000000024ee4     UefiDevicePathLibDevicePathProtocol:UefiDevicePathLib.obj
 0005:00000224       $unwind$IsDevicePathValid  0000000000024ee4     UefiDevicePathLibDevicePathProtocol:UefiDevicePathLib.obj
 0005:00000224       $unwind$EfiGetSystemConfigurationTable 0000000000024ee4     UefiLib:UefiLib.obj
 0005:00000224       $unwind$InternalPrint      0000000000024ee4     UefiLib:UefiLibPrint.obj
 0005:0000023c       $unwind$UefiDevicePathLibLocateProtocol 0000000000024efc     UefiDevicePathLibDevicePathProtocol:UefiDevicePathLib.obj
 0005:00000244       $unwind$GetVariable2       0000000000024f04     UefiLib:UefiLib.obj
 0005:00000258       $unwind$GetBestLanguage    0000000000024f18     UefiLib:UefiLib.obj
 0005:0000026c       $unwind$UefiLibGetStringWidth 0000000000024f2c     UefiLib:Console.obj
 0005:00000280       $unwind$CreatePopUp        0000000000024f40     UefiLib:Console.obj
 0005:00000298       $unwind$HiiSetString       0000000000024f58     UefiHiiLib:HiiString.obj
 0005:000002b0       $unwind$HiiGetString       0000000000024f70     UefiHiiLib:HiiString.obj
 0005:000002c4       $unwind$HiiAddPackages     0000000000024f84     UefiHiiLib:HiiLib.obj
 0005:000002d8       $unwind$HiiGetHiiHandles   0000000000024f98     UefiHiiLib:HiiLib.obj
 0005:000002e0       $unwind$HiiGetFormSetFromHiiHandle 0000000000024fa0     UefiHiiLib:HiiLib.obj
 0005:000002f8       $unwind$InternalHiiBrowserCallback 0000000000024fb8     UefiHiiLib:HiiLib.obj
 0005:00000308       $unwind$BootMaintExtractConfig 0000000000024fc8     BootMaintenanceManagerUiLib:BootMaintenance.obj
 0005:00000308       $unwind$HiiConstructConfigHdr 0000000000024fc8     UefiHiiLib:HiiLib.obj
 0005:00000324       $unwind$HiiGetBrowserData  0000000000024fe4     UefiHiiLib:HiiLib.obj
 0005:00000338       $unwind$HiiSetBrowserData  0000000000024ff8     UefiHiiLib:HiiLib.obj
 0005:00000348       $unwind$HiiCreateEndOpCode 0000000000025008     UefiHiiLib:HiiLib.obj
 0005:00000350       $unwind$HiiCreateOneOfOptionOpCode 0000000000025010     UefiHiiLib:HiiLib.obj
 0005:00000364       $unwind$HiiCreateGuidOpCode 0000000000025024     UefiHiiLib:HiiLib.obj
 0005:0000036c       $unwind$HiiCreateSubTitleOpCode 000000000002502c     UefiHiiLib:HiiLib.obj
 0005:00000378       $unwind$HiiCreateGotoExOpCode 0000000000025038     UefiHiiLib:HiiLib.obj
 0005:00000390       $unwind$ChooseFile         0000000000025050     FileExplorerLib:FileExplorer.obj
 0005:00000390       $unwind$HiiCreateStringOpCode 0000000000025050     UefiHiiLib:HiiLib.obj
 0005:000003a0       $unwind$HiiCreateOneOfOpCode 0000000000025060     UefiHiiLib:HiiLib.obj
 0005:000003b8       $unwind$InternalHiiUpdateFormPackageData 0000000000025078     UefiHiiLib:HiiLib.obj
 0005:000003d0       $unwind$HiiUpdateForm      0000000000025090     UefiHiiLib:HiiLib.obj
 0005:000003e8       $unwind$ReportStatusCodeEx 00000000000250a8     DxeReportStatusCodeLib:ReportStatusCodeLib.obj
 0005:00000404       $unwind$UpdatePageEnd      00000000000250c4     BootMaintenanceManagerUiLib:UpdatePage.obj
 0005:00000404       $unwind$UpdatePageStart    00000000000250c4     BootMaintenanceManagerUiLib:UpdatePage.obj
 0005:00000404       $unwind$EfiBootManagerConnectAll 00000000000250c4     UefiBootManagerLib:BmConnect.obj
 0005:00000404       $unwind$BmGetActiveConsoleIn 00000000000250c4     UefiBootManagerLib:BmHotkey.obj
 0005:00000404       $unwind$EfiCreateEventReadyToBootEx 00000000000250c4     UefiLib:UefiNotTiano.obj
 0005:0000040c       $unwind$EfiBootManagerConnectDevicePath 00000000000250cc     UefiBootManagerLib:BmConnect.obj
 0005:00000424       $unwind$BmConnectUsbShortFormDevicePath 00000000000250e4     UefiBootManagerLib:BmConnect.obj
 0005:00000434       $unwind$BmFindBootOptionInVariable 00000000000250f4     UefiBootManagerLib:BmBoot.obj
 0005:0000044c       $unwind$BmAdjustFvFilePath 000000000002510c     UefiBootManagerLib:BmBoot.obj
 0005:0000045c       $unwind$BmMatchUsbClass    000000000002511c     UefiBootManagerLib:BmBoot.obj
 0005:00000468       $unwind$BmMatchUsbWwid     0000000000025128     UefiBootManagerLib:BmBoot.obj
 0005:0000047c       $unwind$BOpt_GetDriverOptions 000000000002513c     BootMaintenanceManagerUiLib:BootOption.obj
 0005:0000047c       $unwind$BmExpandUsbDevicePath 000000000002513c     UefiBootManagerLib:BmBoot.obj
 0005:00000494       $unwind$BmExpandFileDevicePath 0000000000025154     UefiBootManagerLib:BmBoot.obj
 0005:000004ac       $unwind$BmExpandUriDevicePath 000000000002516c     UefiBootManagerLib:BmBoot.obj
 0005:000004c0       $unwind$BmExpandPartitionDevicePath 0000000000025180     UefiBootManagerLib:BmBoot.obj
 0005:000004d4       $unwind$LibFindFileSystem  0000000000025194     FileExplorerLib:FileExplorer.obj
 0005:000004d4       $unwind$BmExpandMediaDevicePath 0000000000025194     UefiBootManagerLib:BmBoot.obj
 0005:000004d4       $unwind$BmExpandNetworkFileSystem 0000000000025194     UefiBootManagerLib:BmBoot.obj
 0005:000004e8       $unwind$BmGetRamDiskDevicePath 00000000000251a8     UefiBootManagerLib:BmBoot.obj
 0005:000004f8       $unwind$BmDestroyRamDisk   00000000000251b8     UefiBootManagerLib:BmBoot.obj
 0005:0000050c       $unwind$BmExpandLoadFile   00000000000251cc     UefiBootManagerLib:BmBoot.obj
 0005:00000520       $unwind$BmExpandLoadFiles  00000000000251e0     UefiBootManagerLib:BmBoot.obj
 0005:00000538       $unwind$BmGetNextLoadOptionDevicePath 00000000000251f8     UefiBootManagerLib:BmBoot.obj
 0005:0000054c       $unwind$BmIsBootManagerMenuFilePath 000000000002520c     UefiBootManagerLib:BmBoot.obj
 0005:00000554       $unwind$UpdateDriverAddHandleDescPage 0000000000025214     BootMaintenanceManagerUiLib:UpdatePage.obj
 0005:00000554       $unwind$BmReportLoadFailure 0000000000025214     UefiBootManagerLib:BmBoot.obj
 0005:00000560       $unwind$EfiBootManagerBoot 0000000000025220     UefiBootManagerLib:BmBoot.obj
 0005:00000574       $unwind$BmEnumerateBootOptions 0000000000025234     UefiBootManagerLib:BmBoot.obj
 0005:0000058c       $unwind$EfiBootManagerRefreshAllBootOption 000000000002524c     UefiBootManagerLib:BmBoot.obj
 0005:000005a0       $unwind$BmUpdateSystemTableConsole 0000000000025260     UefiBootManagerLib:BmConsole.obj
 0005:000005bc       $unwind$EfiBootManagerConnectConsoleVariable 000000000002527c     UefiBootManagerLib:BmConsole.obj
 0005:000005d4       $unwind$BmGetFreeOptionNumber 0000000000025294     UefiBootManagerLib:BmLoadOption.obj
 0005:000005e8       $unwind$EfiBootManagerLoadOptionToVariable 00000000000252a8     UefiBootManagerLib:BmLoadOption.obj
 0005:00000600       $unwind$BmAddOptionNumberToOrderVariable 00000000000252c0     UefiBootManagerLib:BmLoadOption.obj
 0005:00000618       $unwind$EfiBootManagerAddLoadOptionVariable 00000000000252d8     UefiBootManagerLib:BmLoadOption.obj
 0005:00000624       $unwind$EfiBootManagerInitializeLoadOption 00000000000252e4     UefiBootManagerLib:BmLoadOption.obj
 0005:0000063c       $unwind$EfiBootManagerDeleteLoadOptionVariable 00000000000252fc     UefiBootManagerLib:BmLoadOption.obj
 0005:00000650       $unwind$GetBootOrder       0000000000025310     BootMaintenanceManagerUiLib:BootOption.obj
 0005:00000650       $unwind$GetDriverOrder     0000000000025310     BootMaintenanceManagerUiLib:BootOption.obj
 0005:00000650       $unwind$IsTerminalDevicePath 0000000000025310     BootMaintenanceManagerUiLib:ConsoleOption.obj
 0005:00000650       $unwind$BmValidateOption   0000000000025310     UefiBootManagerLib:BmLoadOption.obj
 0005:00000668       $unwind$EfiBootManagerIsValidLoadOptionVariableName 0000000000025328     UefiBootManagerLib:BmLoadOption.obj
 0005:00000684       $unwind$EfiBootManagerVariableToLoadOptionEx 0000000000025344     UefiBootManagerLib:BmLoadOption.obj
 0005:0000069c       $unwind$EfiBootManagerGetLoadOptions 000000000002535c     UefiBootManagerLib:BmLoadOption.obj
 0005:000006b4       $unwind$BmGetNextLoadOptionBuffer 0000000000025374     UefiBootManagerLib:BmLoadOption.obj
 0005:000006cc       $unwind$BmGetDescriptionFromDiskInfo 000000000002538c     UefiBootManagerLib:BmBootDescription.obj
 0005:000006e0       $unwind$BmGetUsbDescription 00000000000253a0     UefiBootManagerLib:BmBootDescription.obj
 0005:000006f0       $unwind$BmGetNetworkDescription 00000000000253b0     UefiBootManagerLib:BmBootDescription.obj
 0005:0000070c       $unwind$BmGetNvmeDescription 00000000000253cc     UefiBootManagerLib:BmBootDescription.obj
 0005:0000071c       $unwind$BmGetMiscDescription 00000000000253dc     UefiBootManagerLib:BmBootDescription.obj
 0005:0000072c       $unwind$BmHotkeyCallback   00000000000253ec     UefiBootManagerLib:BmHotkey.obj
 0005:00000740       $unwind$BmStopHotkeyService 0000000000025400     UefiBootManagerLib:BmHotkey.obj
 0005:00000754       $unwind$BmDelPartMatchInstance 0000000000025414     UefiBootManagerLib:BmMisc.obj
 0005:00000768       $unwind$MatchDevicePaths   0000000000025428     BootMaintenanceManagerUiLib:ConsoleOption.obj
 0005:00000768       $unwind$BmMatchDevicePaths 0000000000025428     UefiBootManagerLib:BmMisc.obj
 0005:00000774       $unwind$BmSetMemoryTypeInformationVariable 0000000000025434     UefiBootManagerLib:BmMisc.obj
 0005:0000078c       $unwind$BmSetVariableAndReportStatusCodeOnError 000000000002544c     UefiBootManagerLib:BmMisc.obj
 0005:000007a8       $unwind$BmDisplayMessages  0000000000025468     UefiBootManagerLib:BmDriverHealth.obj
 0005:000007bc       $unwind$BmGetSingleControllerHealthStatus 000000000002547c     UefiBootManagerLib:BmDriverHealth.obj
 0005:000007d4       $unwind$EfiBootManagerGetDriverHealthInfo 0000000000025494     UefiBootManagerLib:BmDriverHealth.obj
 0005:000007e8       $unwind$BmRepairAllControllers 00000000000254a8     UefiBootManagerLib:BmDriverHealth.obj
 0005:00000800       $unwind$UpdateConsoleContent 00000000000254c0     BootMaintenanceManagerUiLib:BootMaintenance.obj
 0005:00000800       $unwind$UpdateTerminalContent 00000000000254c0     BootMaintenanceManagerUiLib:BootMaintenance.obj
 0005:00000800       $unwind$LibAppendFileName  00000000000254c0     FileExplorerLib:FileExplorer.obj
 0005:0000081c       $unwind$LibGetFileHandleFromDevicePath 00000000000254dc     FileExplorerLib:FileExplorer.obj
 0005:00000834       $unwind$LibCreateNewFile   00000000000254f4     FileExplorerLib:FileExplorer.obj
 0005:00000844       $unwind$LibFindFiles       0000000000025504     FileExplorerLib:FileExplorer.obj
 0005:0000085c       $unwind$LibUpdateFileExplorePage 000000000002551c     FileExplorerLib:FileExplorer.obj
 0005:00000878       $unwind$LibUpdateFileExplorer 0000000000025538     FileExplorerLib:FileExplorer.obj
 0005:0000088c       $unwind$IsMacAddressDevicePath 000000000002554c     DeviceManagerUiLib:DeviceManager.obj
 0005:000008a4       $unwind$IsNeedAddNetworkMenu 0000000000025564     DeviceManagerUiLib:DeviceManager.obj
 0005:000008b8       $unwind$CreateDeviceManagerForm 0000000000025578     DeviceManagerUiLib:DeviceManager.obj
 0005:000008d0       $unwind$BmmSetupResetReminder 0000000000025590     BootMaintenanceManagerUiLib:BootOption.obj
 0005:000008d0       $unwind$BmSetupResetReminder 0000000000025590     BootManagerUiLib:BootManager.obj
 0005:000008dc       $unwind$GroupMultipleLegacyBootOption4SameType 000000000002559c     BootManagerUiLib:BootManager.obj
 0005:000008f8       $unwind$UpdateBootManager  00000000000255b8     BootManagerUiLib:BootManager.obj
 0005:00000910       $unwind$CustomizeMenus     00000000000255d0     BootMaintenanceManagerUiLib:BootMaintenance.obj
 0005:00000910       $unwind$CleanUpPage        00000000000255d0     BootMaintenanceManagerUiLib:UpdatePage.obj
 0005:00000910       $unwind$UpdateConCOMPage   00000000000255d0     BootMaintenanceManagerUiLib:UpdatePage.obj
 0005:00000910       $unwind$BootManagerCallback 00000000000255d0     BootManagerUiLib:BootManager.obj
 0005:0000091c       $unwind$BootManagerUiLibConstructor 00000000000255dc     BootManagerUiLib:BootManager.obj
 0005:00000924       $unwind$BootMaintRouteConfig 00000000000255e4     BootMaintenanceManagerUiLib:BootMaintenance.obj
 0005:00000924       $unwind$UpdateConsolePage  00000000000255e4     BootMaintenanceManagerUiLib:UpdatePage.obj
 0005:0000093c       $unwind$BootMaintCallback  00000000000255fc     BootMaintenanceManagerUiLib:BootMaintenance.obj
 0005:00000954       $unwind$InitializeBmmConfig 0000000000025614     BootMaintenanceManagerUiLib:BootMaintenance.obj
 0005:0000096c       $unwind$InitAllMenu        000000000002562c     BootMaintenanceManagerUiLib:BootMaintenance.obj
 0005:00000980       $unwind$BootMaintenanceManagerUiLibConstructor 0000000000025640     BootMaintenanceManagerUiLib:BootMaintenance.obj
 0005:0000098c       $unwind$UpdateBootDelPage  000000000002564c     BootMaintenanceManagerUiLib:UpdatePage.obj
 0005:0000098c       $unwind$UpdateDrvDelPage   000000000002564c     BootMaintenanceManagerUiLib:UpdatePage.obj
 0005:000009a0       $unwind$UpdateOrderPage    0000000000025660     BootMaintenanceManagerUiLib:UpdatePage.obj
 0005:000009b8       $unwind$UpdateConModePage  0000000000025678     BootMaintenanceManagerUiLib:UpdatePage.obj
 0005:000009d4       $unwind$UpdateTerminalPage 0000000000025694     BootMaintenanceManagerUiLib:UpdatePage.obj
 0005:000009ec       $unwind$BOpt_GetBootOptions 00000000000256ac     BootMaintenanceManagerUiLib:BootOption.obj
 0005:00000a04       $unwind$BOpt_GetOptionNumber 00000000000256c4     BootMaintenanceManagerUiLib:BootOption.obj
 0005:00000a1c       $unwind$BootFromFile       00000000000256dc     BootMaintenanceManagerUiLib:BootOption.obj
 0005:00000a2c       $unwind$Var_UpdateConsoleOption 00000000000256ec     BootMaintenanceManagerUiLib:Variable.obj
 0005:00000a40       $unwind$Var_UpdateDriverOption 0000000000025700     BootMaintenanceManagerUiLib:Variable.obj
 0005:00000a5c       $unwind$Var_UpdateBootOption 000000000002571c     BootMaintenanceManagerUiLib:Variable.obj
 0005:00000a7c       $unwind$Var_UpdateBootOrder 000000000002573c     BootMaintenanceManagerUiLib:Variable.obj
 0005:00000a94       $unwind$Var_UpdateDriverOrder 0000000000025754     BootMaintenanceManagerUiLib:Variable.obj
 0005:00000aa4       $unwind$ChangeTerminalDevicePath 0000000000025764     BootMaintenanceManagerUiLib:ConsoleOption.obj
 0005:00000abc       $unwind$LocateSerialIo     000000000002577c     BootMaintenanceManagerUiLib:ConsoleOption.obj
 0005:00000ad4       $unwind$UpdateComAttributeFromVariable 0000000000025794     BootMaintenanceManagerUiLib:ConsoleOption.obj
 0005:00000aec       $unwind$GetConsoleMenu     00000000000257ac     BootMaintenanceManagerUiLib:ConsoleOption.obj
 0005:00000b04       $unwind$GetConsoleOutMode  00000000000257c4     BootMaintenanceManagerUiLib:ConsoleOption.obj
 0005:00000b18       $unwind$UiCustomizeBMMPage 00000000000257d8     BootMaintenanceManagerUiLib:BootMaintenanceManagerCustomizedUi.obj
 0005:00000b34       $unwind$Print              00000000000257f4     UefiLib:UefiLibPrint.obj
 0005:00000b3c       $unwind$GetFileBufferByFilePath 00000000000257fc     DxeServicesLib:DxeServicesLib.obj
