 TcpDxe

 Timestamp is 61ee7051 (Mon Jan 24 17:24:33 2022)

 Preferred load address is 0000000000000000

 Start         Length     Name                   Class
 0001:00000000 00000208H .text                   CODE
 0001:00000208 0000a975H .text$mn                CODE
 0002:00000000 00000390H .data                   DATA
 0002:00000390 00000680H .rdata                  DATA
 0002:00000a10 0000004cH .bss                    DATA
 0002:00000a5c 00000020H .rdata$voltmd           DATA
 0002:00000a7c 000000a8H .rdata$zzzdbg           DATA
 0003:00000000 00000630H .pdata                  DATA
 0004:00000000 00000430H .xdata                  DATA

  Address         Publics by Value              Rva+Base               Lib:Object

 0000:00000000       __x64_code_ranges_to_entry_points 0000000000000000     <absolute>
 0000:00000000       __arm64x_redirection_metadata 0000000000000000     <absolute>
 0000:00000000       __guard_iat_table          0000000000000000     <absolute>
 0000:00000000       __arm64x_extra_rfe_table   0000000000000000     <absolute>
 0000:00000000       __hybrid_code_map          0000000000000000     <absolute>
 0000:00000000       __guard_iat_count          0000000000000000     <absolute>
 0000:00000000       __arm64x_extra_rfe_table_size 0000000000000000     <absolute>
 0000:00000000       __guard_longjmp_count      0000000000000000     <absolute>
 0000:00000000       __dynamic_value_reloc_table 0000000000000000     <absolute>
 0000:00000000       __hybrid_auxiliary_iat     0000000000000000     <absolute>
 0000:00000000       __x64_code_ranges_to_entry_points_count 0000000000000000     <absolute>
 0000:00000000       __hybrid_auxiliary_iat_copy 0000000000000000     <absolute>
 0000:00000000       __hybrid_code_map_count    0000000000000000     <absolute>
 0000:00000000       __guard_fids_count         0000000000000000     <absolute>
 0000:00000000       __guard_longjmp_table      0000000000000000     <absolute>
 0000:00000000       __AbsoluteZero             0000000000000000     <absolute>
 0000:00000000       __guard_check_icall_a64n_fptr 0000000000000000     <absolute>
 0000:00000000       __guard_flags              0000000000000000     <absolute>
 0000:00000000       __arm64x_native_entrypoint 0000000000000000     <absolute>
 0000:00000000       __guard_eh_cont_count      0000000000000000     <absolute>
 0000:00000000       __guard_fids_table         0000000000000000     <absolute>
 0000:00000000       __arm64x_redirection_metadata_count 0000000000000000     <absolute>
 0000:00000000       __enclave_config           0000000000000000     <absolute>
 0000:00000000       __guard_eh_cont_table      0000000000000000     <absolute>
 0000:00000000       __ImageBase                0000000000000000     <linker-defined>
 0001:00000000       InternalMemCopyMem         0000000000000280     BaseMemoryLibRepStr:CopyMem.obj
 0001:00000040       InternalMemZeroMem         00000000000002c0     BaseMemoryLibRepStr:ZeroMem.obj
 0001:00000060       InternalMemCompareMem      00000000000002e0     BaseMemoryLibRepStr:CompareMem.obj
 0001:00000080       InternalMemSetMem          0000000000000300     BaseMemoryLibRepStr:SetMem.obj
 0001:000000a0       InternalMemSetMem64        0000000000000320     BaseMemoryLibRepStr:SetMem64.obj
 0001:000000c0       InternalMemSetMem32        0000000000000340     BaseMemoryLibRepStr:SetMem32.obj
 0001:000000e0       CpuPause                   0000000000000360     BaseLib:CpuPause.obj
 0001:000000f0       SevNoRepIo                 0000000000000370     BaseIoLibIntrinsicSev:IoFifoSev.obj
 0001:00000130       IoReadFifo8                00000000000003b0     BaseIoLibIntrinsicSev:IoFifoSev.obj
 0001:00000152       IoReadFifo16               00000000000003d2     BaseIoLibIntrinsicSev:IoFifoSev.obj
 0001:00000178       IoReadFifo32               00000000000003f8     BaseIoLibIntrinsicSev:IoFifoSev.obj
 0001:0000019b       IoWriteFifo8               000000000000041b     BaseIoLibIntrinsicSev:IoFifoSev.obj
 0001:000001bd       IoWriteFifo16              000000000000043d     BaseIoLibIntrinsicSev:IoFifoSev.obj
 0001:000001e3       IoWriteFifo32              0000000000000463     BaseIoLibIntrinsicSev:IoFifoSev.obj
 0001:00000208       _DriverUnloadHandler       0000000000000488 f   UefiDriverEntryPoint:DriverEntryPoint.obj
 0001:0000038c       _ModuleEntryPoint          000000000000060c f   UefiDriverEntryPoint:DriverEntryPoint.obj
 0001:00000420       ProcessModuleEntryPointList 00000000000006a0 f   TcpDxe:AutoGen.obj
 0001:0000056c       TcpDestroyTimer            00000000000007ec f   TcpDxe:TcpDriver.obj
 0001:000005bc       TcpCreateService           000000000000083c f   TcpDxe:TcpDriver.obj
 0001:0000084c       TcpDestroyChildEntryInHandleBuffer 0000000000000acc f   TcpDxe:TcpDriver.obj
 0001:0000089c       TcpDestroyService          0000000000000b1c f   TcpDxe:TcpDriver.obj
 0001:00000a70       Tcp4DriverBindingSupported 0000000000000cf0 f   TcpDxe:TcpDriver.obj
 0001:00000af4       Tcp4DriverBindingStart     0000000000000d74 f   TcpDxe:TcpDriver.obj
 0001:00000b30       Tcp4DriverBindingStop      0000000000000db0 f   TcpDxe:TcpDriver.obj
 0001:00000b50       Tcp6DriverBindingSupported 0000000000000dd0 f   TcpDxe:TcpDriver.obj
 0001:00000bd4       Tcp6DriverBindingStart     0000000000000e54 f   TcpDxe:TcpDriver.obj
 0001:00000c10       Tcp6DriverBindingStop      0000000000000e90 f   TcpDxe:TcpDriver.obj
 0001:00000c30       TcpCreateSocketCallback    0000000000000eb0 f   TcpDxe:TcpDriver.obj
 0001:00000d2c       TcpDestroySocketCallback   0000000000000fac f   TcpDxe:TcpDriver.obj
 0001:00000d88       TcpServiceBindingCreateChild 0000000000001008 f   TcpDxe:TcpDriver.obj
 0001:00000e7c       TcpServiceBindingDestroyChild 00000000000010fc f   TcpDxe:TcpDriver.obj
 0001:00000f44       Tcp4GetModeData            00000000000011c4 f   TcpDxe:TcpMain.obj
 0001:00000f44       Tcp6GetModeData            00000000000011c4 f   TcpDxe:TcpMain.obj
 0001:00000fa4       Tcp4Configure              0000000000001224 f   TcpDxe:TcpMain.obj
 0001:00001180       Tcp4Routes                 0000000000001400 f   TcpDxe:TcpMain.obj
 0001:00001230       Tcp6Connect                00000000000014b0 f   TcpDxe:TcpMain.obj
 0001:00001230       Tcp4Connect                00000000000014b0 f   TcpDxe:TcpMain.obj
 0001:00001258       Tcp4Accept                 00000000000014d8 f   TcpDxe:TcpMain.obj
 0001:00001258       Tcp6Accept                 00000000000014d8 f   TcpDxe:TcpMain.obj
 0001:00001280       Tcp4Transmit               0000000000001500 f   TcpDxe:TcpMain.obj
 0001:00001280       Tcp6Transmit               0000000000001500 f   TcpDxe:TcpMain.obj
 0001:000012ec       Tcp4Receive                000000000000156c f   TcpDxe:TcpMain.obj
 0001:000012ec       Tcp6Receive                000000000000156c f   TcpDxe:TcpMain.obj
 0001:00001358       Tcp4Close                  00000000000015d8 f   TcpDxe:TcpMain.obj
 0001:00001358       Tcp6Close                  00000000000015d8 f   TcpDxe:TcpMain.obj
 0001:00001384       Tcp4Cancel                 0000000000001604 f   TcpDxe:TcpMain.obj
 0001:00001384       Tcp6Cancel                 0000000000001604 f   TcpDxe:TcpMain.obj
 0001:000013a0       Tcp6Poll                   0000000000001620 f   TcpDxe:TcpMain.obj
 0001:000013a0       Tcp4Poll                   0000000000001620 f   TcpDxe:TcpMain.obj
 0001:000013c8       Tcp6Configure              0000000000001648 f   TcpDxe:TcpMain.obj
 0001:000014f8       SockTokenExisted           0000000000001778 f   TcpDxe:SockInterface.obj
 0001:0000159c       SockBufferToken            000000000000181c f   TcpDxe:SockInterface.obj
 0001:00001604       SockDestroyChild           0000000000001884 f   TcpDxe:SockInterface.obj
 0001:00001768       SockCreateChild            00000000000019e8 f   TcpDxe:SockInterface.obj
 0001:00001850       SockConfigure              0000000000001ad0 f   TcpDxe:SockInterface.obj
 0001:000018c4       SockConnect                0000000000001b44 f   TcpDxe:SockInterface.obj
 0001:00001978       SockAccept                 0000000000001bf8 f   TcpDxe:SockInterface.obj
 0001:00001aa8       SockSend                   0000000000001d28 f   TcpDxe:SockInterface.obj
 0001:00001c08       SockRcv                    0000000000001e88 f   TcpDxe:SockInterface.obj
 0001:00001d54       SockFlush                  0000000000001fd4 f   TcpDxe:SockInterface.obj
 0001:00001dec       SockClose                  000000000000206c f   TcpDxe:SockInterface.obj
 0001:00001eb4       SockCancel                 0000000000002134 f   TcpDxe:SockInterface.obj
 0001:00001fd8       TcpInitTcbLocal            0000000000002258 f   TcpDxe:TcpMisc.obj
 0001:0000205c       TcpInitTcbPeer             00000000000022dc f   TcpDxe:TcpMisc.obj
 0001:0000219c       TcpIsIpEqual               000000000000241c f   TcpDxe:TcpMisc.obj
 0001:000021cc       TcpFindTcbByPeer           000000000000244c f   TcpDxe:TcpMisc.obj
 0001:00002290       TcpLocateTcb               0000000000002510 f   TcpDxe:TcpMisc.obj
 0001:00002518       TcpInsertTcb               0000000000002798 f   TcpDxe:TcpMisc.obj
 0001:000025d0       TcpGetRcvMss               0000000000002850 f   TcpDxe:TcpMisc.obj
 0001:000026d0       TcpSetState                0000000000002950 f   TcpDxe:TcpMisc.obj
 0001:000027a8       TcpChecksum                0000000000002a28 f   TcpDxe:TcpMisc.obj
 0001:00002880       TcpFormatNetbuf            0000000000002b00 f   TcpDxe:TcpMisc.obj
 0001:00002970       TcpResetConnection         0000000000002bf0 f   TcpDxe:TcpMisc.obj
 0001:00002a68       TcpInstallDevicePath       0000000000002ce8 f   TcpDxe:TcpMisc.obj
 0001:00002be4       TcpRxCallback              0000000000002e64 f   TcpDxe:TcpIo.obj
 0001:00002c14       TcpSendIpPacket            0000000000002e94 f   TcpDxe:TcpIo.obj
 0001:00002d7c       Tcp4GetMode                0000000000002ffc f   TcpDxe:TcpDispatcher.obj
 0001:00002f64       Tcp6GetMode                00000000000031e4 f   TcpDxe:TcpDispatcher.obj
 0001:00003124       TcpBind                    00000000000033a4 f   TcpDxe:TcpDispatcher.obj
 0001:0000325c       TcpFlushPcb                00000000000034dc f   TcpDxe:TcpDispatcher.obj
 0001:000032f8       TcpAttachPcb               0000000000003578 f   TcpDxe:TcpDispatcher.obj
 0001:00003414       TcpConfigurePcb            0000000000003694 f   TcpDxe:TcpDispatcher.obj
 0001:000038d8       TcpDispatcher              0000000000003b58 f   TcpDxe:TcpDispatcher.obj
 0001:00003c44       TcpComponentNameGetDriverName 0000000000003ec4 f   TcpDxe:ComponentName.obj
 0001:00003c78       UpdateTcp4Name             0000000000003ef8 f   TcpDxe:ComponentName.obj
 0001:00003d90       UpdateTcp6Name             0000000000004010 f   TcpDxe:ComponentName.obj
 0001:00003e94       TcpComponentNameGetControllerName 0000000000004114 f   TcpDxe:ComponentName.obj
 0001:00003fc0       TcpClose                   0000000000004240 f   TcpDxe:TcpTimer.obj
 0001:00003fec       TcpConnectTimeout          000000000000426c f   TcpDxe:TcpTimer.obj
 0001:00004044       TcpRexmitTimeout           00000000000042c4 f   TcpDxe:TcpTimer.obj
 0001:00004154       TcpProbeTimeout            00000000000043d4 f   TcpDxe:TcpTimer.obj
 0001:0000419c       TcpKeepaliveTimeout        000000000000441c f   TcpDxe:TcpTimer.obj
 0001:00004200       TcpFinwait2Timeout         0000000000004480 f   TcpDxe:TcpTimer.obj
 0001:00004200       Tcp2MSLTimeout             0000000000004480 f   TcpDxe:TcpTimer.obj
 0001:00004208       TcpUpdateTimer             0000000000004488 f   TcpDxe:TcpTimer.obj
 0001:00004268       TcpSetTimer                00000000000044e8 f   TcpDxe:TcpTimer.obj
 0001:00004298       TcpSetProbeTimer           0000000000004518 f   TcpDxe:TcpTimer.obj
 0001:000042f8       TcpSetKeepaliveTimer       0000000000004578 f   TcpDxe:TcpTimer.obj
 0001:00004350       TcpTickingDpc              00000000000045d0 f   TcpDxe:TcpTimer.obj
 0001:00004488       TcpTicking                 0000000000004708 f   TcpDxe:TcpTimer.obj
 0001:000044a4       SockFreeFoo                0000000000004724 f   TcpDxe:SockImpl.obj
 0001:000044a8       SockProcessSndToken        0000000000004728 f   TcpDxe:SockImpl.obj
 0001:000045a4       SockProcessRcvToken        0000000000004824 f   TcpDxe:SockImpl.obj
 0001:00004730       SockProcessTcpSndData      00000000000049b0 f   TcpDxe:SockImpl.obj
 0001:000047fc       SockFlushPendingToken      0000000000004a7c f   TcpDxe:SockImpl.obj
 0001:00004870       SockWakeListenToken        0000000000004af0 f   TcpDxe:SockImpl.obj
 0001:0000491c       SockCancelToken            0000000000004b9c f   TcpDxe:SockImpl.obj
 0001:00004a20       SockCreate                 0000000000004ca0 f   TcpDxe:SockImpl.obj
 0001:00004cb4       SockDestroy                0000000000004f34 f   TcpDxe:SockImpl.obj
 0001:00004d38       SockConnFlush              0000000000004fb8 f   TcpDxe:SockImpl.obj
 0001:00004e4c       SockClone                  00000000000050cc f   TcpDxe:SockImpl.obj
 0001:00004f10       TcpGetUint32               0000000000005190 f   TcpDxe:TcpOption.obj
 0001:00004f54       TcpPutUint32               00000000000051d4 f   TcpDxe:TcpOption.obj
 0001:00004f98       TcpSynBuildOption          0000000000005218 f   TcpDxe:TcpOption.obj
 0001:000050c0       TcpParseOption             0000000000005340 f   TcpDxe:TcpOption.obj
 0001:0000527c       TcpRcvWinNow               00000000000054fc f   TcpDxe:TcpOutput.obj
 0001:000052ec       TcpDataToSend              000000000000556c f   TcpDxe:TcpOutput.obj
 0001:000053d4       TcpTransmitSegment         0000000000005654 f   TcpDxe:TcpOutput.obj
 0001:0000566c       TcpGetSegmentSndQue        00000000000058ec f   TcpDxe:TcpOutput.obj
 0001:000057f8       TcpRetransmit              0000000000005a78 f   TcpDxe:TcpOutput.obj
 0001:000058f4       TcpToSendData              0000000000005b74 f   TcpDxe:TcpOutput.obj
 0001:00005c5c       TcpSendAck                 0000000000005edc f   TcpDxe:TcpOutput.obj
 0001:00005cd0       TcpSendZeroProbe           0000000000005f50 f   TcpDxe:TcpOutput.obj
 0001:00005d48       TcpSendReset               0000000000005fc8 f   TcpDxe:TcpOutput.obj
 0001:00005ee0       TcpVerifySegment           0000000000006160 f   TcpDxe:TcpOutput.obj
 0001:00005f34       TcpComputeRtt              00000000000061b4 f   TcpDxe:TcpInput.obj
 0001:00005fc4       TcpTrimSegment             0000000000006244 f   TcpDxe:TcpInput.obj
 0001:000060a8       TcpDeliverData             0000000000006328 f   TcpDxe:TcpInput.obj
 0001:00006340       TcpQueueData               00000000000065c0 f   TcpDxe:TcpInput.obj
 0001:000064a8       TcpAdjustSndQue            0000000000006728 f   TcpDxe:TcpInput.obj
 0001:00006520       TcpInput                   00000000000067a0 f   TcpDxe:TcpInput.obj
 0001:000076c8       TcpIcmpInput               0000000000007948 f   TcpDxe:TcpInput.obj
 0001:000077b4       UnicodeSPrint              0000000000007a34 f   BasePrintLib:PrintLib.obj
 0001:000077e8       BasePrintLibFillBuffer     0000000000007a68 f   BasePrintLib:PrintLibInternal.obj
 0001:0000781c       BasePrintLibSPrintMarker   0000000000007a9c f   BasePrintLib:PrintLibInternal.obj
 0001:000085b8       BasePrintLibSPrint         0000000000008838 f   BasePrintLib:PrintLibInternal.obj
 0001:000085dc       InternalAllocatePool       000000000000885c f   UefiMemoryAllocationLib:MemoryAllocationLib.obj
 0001:0000860c       AllocateZeroPool           000000000000888c f   UefiMemoryAllocationLib:MemoryAllocationLib.obj
 0001:00008638       InternalAllocateCopyPool   00000000000088b8 f   UefiMemoryAllocationLib:MemoryAllocationLib.obj
 0001:00008678       EfiAcquireLockOrFail       00000000000088f8 f   UefiLib:UefiLib.obj
 0001:000086b4       EfiTestChildHandle         0000000000008934 f   UefiLib:UefiLib.obj
 0001:00008744       IsLanguageSupported        00000000000089c4 f   UefiLib:UefiLib.obj
 0001:000087e8       LookupUnicodeString2       0000000000008a68 f   UefiLib:UefiLib.obj
 0001:00008900       AddUnicodeString2          0000000000008b80 f   UefiLib:UefiLib.obj
 0001:00008b5c       FreeUnicodeStringTable     0000000000008ddc f   UefiLib:UefiLib.obj
 0001:00008bd8       EfiLibInstallDriverBindingComponentName2 0000000000008e58 f   UefiLib:UefiDriverModel.obj
 0001:00008c30       NetLibCreateIPv4DPathNode  0000000000008eb0 f   DxeNetLib:DxeNetLib.obj
 0001:00008d30       NetbufAllocStruct          0000000000008fb0 f   DxeNetLib:NetBuffer.obj
 0001:00008dd4       NetbufAlloc                0000000000009054 f   DxeNetLib:NetBuffer.obj
 0001:00008e64       NetbufFreeVector           00000000000090e4 f   DxeNetLib:NetBuffer.obj
 0001:00008ee0       NetbufFree                 0000000000009160 f   DxeNetLib:NetBuffer.obj
 0001:00008f0c       NetbufFreeList             000000000000918c f   DxeNetLib:NetBuffer.obj
 0001:00008f54       NetbufGetByte              00000000000091d4 f   DxeNetLib:NetBuffer.obj
 0001:00008fb0       NetbufFromExt              0000000000009230 f   DxeNetLib:NetBuffer.obj
 0001:0000906c       NetbufAllocSpace           00000000000092ec f   DxeNetLib:NetBuffer.obj
 0001:00009198       NetbufTrim                 0000000000009418 f   DxeNetLib:NetBuffer.obj
 0001:00009254       NetbufCopy                 00000000000094d4 f   DxeNetLib:NetBuffer.obj
 0001:000093ac       NetbufQueAlloc             000000000000962c f   DxeNetLib:NetBuffer.obj
 0001:000093f8       NetbufQueFree              0000000000009678 f   DxeNetLib:NetBuffer.obj
 0001:0000942c       NetbufQueCopy              00000000000096ac f   DxeNetLib:NetBuffer.obj
 0001:0000951c       NetbufQueTrim              000000000000979c f   DxeNetLib:NetBuffer.obj
 0001:000095c8       NetblockChecksum           0000000000009848 f   DxeNetLib:NetBuffer.obj
 0001:0000960c       NetPseudoHeadChecksum      000000000000988c f   DxeNetLib:NetBuffer.obj
 0001:00009658       NetIp6PseudoHeadChecksum   00000000000098d8 f   DxeNetLib:NetBuffer.obj
 0001:000096e4       IpIoCreateIpChildOpenProtocol 0000000000009964 f   DxeIpIoLib:DxeIpIoLib.obj
 0001:00009810       IpIoCloseProtocolDestroyIpChild 0000000000009a90 f   DxeIpIoLib:DxeIpIoLib.obj
 0001:000098d0       IpIoIcmpv4Handler          0000000000009b50 f   DxeIpIoLib:DxeIpIoLib.obj
 0001:00009a14       IpIoIcmpv6Handler          0000000000009c94 f   DxeIpIoLib:DxeIpIoLib.obj
 0001:00009b50       IpIoExtFree                0000000000009dd0 f   DxeIpIoLib:DxeIpIoLib.obj
 0001:00009b5c       IpIoCreateSndEntry         0000000000009ddc f   DxeIpIoLib:DxeIpIoLib.obj
 0001:00009dc0       IpIoDestroySndEntry        000000000000a040 f   DxeIpIoLib:DxeIpIoLib.obj
 0001:00009e60       IpIoTransmitHandlerDpc     000000000000a0e0 f   DxeIpIoLib:DxeIpIoLib.obj
 0001:00009eac       IpIoTransmitHandler        000000000000a12c f   DxeIpIoLib:DxeIpIoLib.obj
 0001:00009ec8       IpIoDummyHandlerDpc        000000000000a148 f   DxeIpIoLib:DxeIpIoLib.obj
 0001:00009f34       IpIoDummyHandler           000000000000a1b4 f   DxeIpIoLib:DxeIpIoLib.obj
 0001:00009f50       IpIoListenHandlerDpc       000000000000a1d0 f   DxeIpIoLib:DxeIpIoLib.obj
 0001:0000a21c       IpIoListenHandler          000000000000a49c f   DxeIpIoLib:DxeIpIoLib.obj
 0001:0000a238       IpIoCreate                 000000000000a4b8 f   DxeIpIoLib:DxeIpIoLib.obj
 0001:0000a32c       IpIoOpen                   000000000000a5ac f   DxeIpIoLib:DxeIpIoLib.obj
 0001:0000a4e0       IpIoDestroy                000000000000a760 f   DxeIpIoLib:DxeIpIoLib.obj
 0001:0000a5a4       IpIoAddIp                  000000000000a824 f   DxeIpIoLib:DxeIpIoLib.obj
 0001:0000a6bc       IpIoConfigIp               000000000000a93c f   DxeIpIoLib:DxeIpIoLib.obj
 0001:0000a8e8       IpIoRemoveIp               000000000000ab68 f   DxeIpIoLib:DxeIpIoLib.obj
 0001:0000a984       IpIoFindSender             000000000000ac04 f   DxeIpIoLib:DxeIpIoLib.obj
 0001:0000aa5c       IpIoGetIcmpErrStatus       000000000000acdc f   DxeIpIoLib:DxeIpIoLib.obj
 0001:0000ab54       StrnLenS                   000000000000add4 f   BaseLib:SafeString.obj
 0002:00000000       gEfiLoadedImageProtocolGuid 000000000000ae00     TcpDxe:AutoGen.obj
 0002:00000010       gEfiComponentName2ProtocolGuid 000000000000ae10     TcpDxe:AutoGen.obj
 0002:00000020       gEfiDevicePathProtocolGuid 000000000000ae20     TcpDxe:AutoGen.obj
 0002:00000030       gEfiIp4Config2ProtocolGuid 000000000000ae30     TcpDxe:AutoGen.obj
 0002:00000040       gEfiDevicePathUtilitiesProtocolGuid 000000000000ae40     TcpDxe:AutoGen.obj
 0002:00000050       gEfiIp4ServiceBindingProtocolGuid 000000000000ae50     TcpDxe:AutoGen.obj
 0002:00000060       gEfiIp6ServiceBindingProtocolGuid 000000000000ae60     TcpDxe:AutoGen.obj
 0002:00000070       gEfiIp4ProtocolGuid        000000000000ae70     TcpDxe:AutoGen.obj
 0002:00000080       gEfiDriverBindingProtocolGuid 000000000000ae80     TcpDxe:AutoGen.obj
 0002:00000090       gEfiIp6ProtocolGuid        000000000000ae90     TcpDxe:AutoGen.obj
 0002:000000a0       gEfiTcp4ServiceBindingProtocolGuid 000000000000aea0     TcpDxe:AutoGen.obj
 0002:000000b0       gEfiComponentNameProtocolGuid 000000000000aeb0     TcpDxe:AutoGen.obj
 0002:000000c0       gEfiDpcProtocolGuid        000000000000aec0     TcpDxe:AutoGen.obj
 0002:000000d0       gEfiTcp6ServiceBindingProtocolGuid 000000000000aed0     TcpDxe:AutoGen.obj
 0002:000000e0       gEfiTcp6ProtocolGuid       000000000000aee0     TcpDxe:AutoGen.obj
 0002:000000f0       gEfiTcp4ProtocolGuid       000000000000aef0     TcpDxe:AutoGen.obj
 0002:00000100       gTcp6DriverBinding         000000000000af00     TcpDxe:TcpDriver.obj
 0002:00000130       gTcp6ProtocolTemplate      000000000000af30     TcpDxe:TcpDriver.obj
 0002:00000178       gTcpServiceBinding         000000000000af78     TcpDxe:TcpDriver.obj
 0002:00000190       mTcpDefaultSockData        000000000000af90     TcpDxe:TcpDriver.obj
 0002:000001f0       gTcp4ProtocolTemplate      000000000000aff0     TcpDxe:TcpDriver.obj
 0002:00000240       gTcp4DriverBinding         000000000000b040     TcpDxe:TcpDriver.obj
 0002:00000270       mTcpGlobalIss              000000000000b070     TcpDxe:TcpMisc.obj
 0002:00000278       mTcpRunQue                 000000000000b078     TcpDxe:TcpMisc.obj
 0002:00000288       mTcpListenQue              000000000000b088     TcpDxe:TcpMisc.obj
 0002:00000298       gTcpComponentName          000000000000b098     TcpDxe:ComponentName.obj
 0002:000002b0       gTcpComponentName2         000000000000b0b0     TcpDxe:ComponentName.obj
 0002:000002c8       mTcpDriverNameTable        000000000000b0c8     TcpDxe:ComponentName.obj
 0002:000002e8       mTcpTick                   000000000000b0e8     TcpDxe:TcpTimer.obj
 0002:000002f0       mIp4IoDefaultIpConfigData  000000000000b0f0     DxeIpIoLib:DxeIpIoLib.obj
 0002:00000310       mIp6IoDefaultIpConfigData  000000000000b110     DxeIpIoLib:DxeIpIoLib.obj
 0002:00000348       mIcmpErrMap                000000000000b148     DxeIpIoLib:DxeIpIoLib.obj
 0002:00000360       mActiveIpIoList            000000000000b160     DxeIpIoLib:DxeIpIoLib.obj
 0002:00000370       mIcmp6ErrMap               000000000000b170     DxeIpIoLib:DxeIpIoLib.obj
 0002:00000390       ??_C@_03LKLGDMJI@eng@      000000000000b190     TcpDxe:ComponentName.obj
 0002:00000394       ??_C@_02LFNMGJAP@en@       000000000000b194     TcpDxe:ComponentName.obj
 0002:00000398       ??_C@_06DALJLGPG@eng?$DLen@ 000000000000b198     TcpDxe:ComponentName.obj
 0002:000003a0       ??_C@_1DG@JOLAEAKF@?$AAT?$AAC?$AAP?$AA?5?$AAN?$AAe?$AAt?$AAw?$AAo?$AAr?$AAk?$AA?5?$AAS?$AAe?$AAr@ 000000000000b1a0     TcpDxe:ComponentName.obj
 0002:000003d8       ??_C@_19ELAAHEEL@?$AAT?$AAR?$AAU?$AAE@ 000000000000b1d8     TcpDxe:ComponentName.obj
 0002:000003e8       ??_C@_1M@HCOOECOK@?$AAF?$AAA?$AAL?$AAS?$AAE@ 000000000000b1e8     TcpDxe:ComponentName.obj
 0002:00000400       ??_C@_1FO@IPPLECM@?$AAT?$AAC?$AAP?$AAv?$AA4?$AA?5?$AA?$CI?$AAS?$AAr?$AAc?$AAP?$AAo?$AAr?$AAt?$AA?$DN@ 000000000000b200     TcpDxe:ComponentName.obj
 0002:00000460       ??_C@_1CI@DMBONAAI@?$AAT?$AAC?$AAP?$AAv?$AA4?$AA?5?$AA?$CI?$AAN?$AAo?$AAt?$AA?5?$AAs?$AAt?$AAa?$AAr@ 000000000000b260     TcpDxe:ComponentName.obj
 0002:00000490       ??_C@_1FM@NLJJGDBI@?$AAT?$AAC?$AAP?$AAv?$AA6?$AA?$CI?$AAS?$AAr?$AAc?$AAP?$AAo?$AAr?$AAt?$AA?$DN?$AA?$CF@ 000000000000b290     TcpDxe:ComponentName.obj
 0002:000004f0       ??_C@_1CG@ODHDHMD@?$AAT?$AAC?$AAP?$AAv?$AA6?$AA?$CI?$AAN?$AAo?$AAt?$AA?5?$AAs?$AAt?$AAa?$AAr?$AAt@ 000000000000b2f0     TcpDxe:ComponentName.obj
 0002:00000520       mTcpTimerHandler           000000000000b320     TcpDxe:TcpTimer.obj
 0002:00000550       mTcpOutFlag                000000000000b350     TcpDxe:TcpOutput.obj
 0002:00000560       ??_C@_0O@MLOLIMFM@?$DMnull?5string?$DO@ 000000000000b360     BasePrintLib:PrintLibInternal.obj
 0002:00000570       ??_C@_0M@BJJDNPHK@?$DMnull?5guid?$DO@ 000000000000b370     BasePrintLib:PrintLibInternal.obj
 0002:00000580       ??_C@_0DB@PMLHLBMO@?$CF08x?9?$CF04x?9?$CF04x?9?$CF02x?$CF02x?9?$CF02x?$CF02@ 000000000000b380     BasePrintLib:PrintLibInternal.obj
 0002:000005b8       ??_C@_0M@LHGBCIKM@?$DMnull?5time?$DO@ 000000000000b3b8     BasePrintLib:PrintLibInternal.obj
 0002:000005c8       ??_C@_0BK@FCPKCIDD@?$CF02d?1?$CF02d?1?$CF04d?5?5?$CF02d?3?$CF02d@ 000000000000b3c8     BasePrintLib:PrintLibInternal.obj
 0002:000005e4       ??_C@_04JIMNDDED@?$CF08X@  000000000000b3e4     BasePrintLib:PrintLibInternal.obj
 0002:000005ec       ??_C@_02PCIJFNDE@?$AN?6@   000000000000b3ec     BasePrintLib:PrintLibInternal.obj
 0002:000005f0       ??_C@_01LIIJDEN@?$AN@      000000000000b3f0     BasePrintLib:PrintLibInternal.obj
 0002:00000600       mWarningString             000000000000b400     BasePrintLib:PrintLibInternal.obj
 0002:000006a0       mErrorString               000000000000b4a0     BasePrintLib:PrintLibInternal.obj
 0002:00000960       mHexStr                    000000000000b760     BasePrintLib:PrintLibInternal.obj
 0002:00000970       gIp4AllMasks               000000000000b770     DxeNetLib:DxeNetLib.obj
 0002:00000a10       mTcpTimer                  000000000000b810     TcpDxe:TcpDriver.obj
 0002:00000a20       gTcpControllerNameTable    000000000000b820     TcpDxe:ComponentName.obj
 0002:00000a28       gST                        000000000000b828     UefiBootServicesTableLib:UefiBootServicesTableLib.obj
 0002:00000a30       gBS                        000000000000b830     UefiBootServicesTableLib:UefiBootServicesTableLib.obj
 0002:00000a38       gRT                        000000000000b838     UefiRuntimeServicesTableLib:UefiRuntimeServicesTableLib.obj
 0002:00000a40       mDevicePathLibDevicePathUtilities 000000000000b840     UefiDevicePathLibDevicePathProtocol:UefiDevicePathLib.obj
 0002:00000a48       mZeroIp4Addr               000000000000b848     DxeNetLib:DxeNetLib.obj
 0002:00000a50       mDpc                       000000000000b850     <common>
 0002:00000a58       mTcp6RandomPort            000000000000b858     <common>
 0002:00000a5a       mTcp4RandomPort            000000000000b85a     <common>
 0002:00000a5c       __volatile_metadata        000000000000b85c     <linker-defined>

 entry point at        0001:0000038c

 Static symbols

 0001:0000001a       InternalMemCopyMem.0       000000000000029a     BaseMemoryLibRepStr:CopyMem.obj
 0001:0000002a       @CopyBackward              00000000000002aa     BaseMemoryLibRepStr:CopyMem.obj
 0001:00000033       @CopyBytes                 00000000000002b3     BaseMemoryLibRepStr:CopyMem.obj
 0001:0000012a       @UseRepIo                  00000000000003aa     BaseIoLibIntrinsicSev:IoFifoSev.obj
 0001:0000012c       @SevNoRepIo_Done           00000000000003ac     BaseIoLibIntrinsicSev:IoFifoSev.obj
 0001:00000144       @IoReadFifo8_NoRep         00000000000003c4     BaseIoLibIntrinsicSev:IoFifoSev.obj
 0001:00000146       @IoReadFifo8_Loop          00000000000003c6     BaseIoLibIntrinsicSev:IoFifoSev.obj
 0001:0000014e       @IoReadFifo8_Done          00000000000003ce     BaseIoLibIntrinsicSev:IoFifoSev.obj
 0001:00000167       @IoReadFifo16_NoRep        00000000000003e7     BaseIoLibIntrinsicSev:IoFifoSev.obj
 0001:00000169       @IoReadFifo16_Loop         00000000000003e9     BaseIoLibIntrinsicSev:IoFifoSev.obj
 0001:00000174       @IoReadFifo16_Done         00000000000003f4     BaseIoLibIntrinsicSev:IoFifoSev.obj
 0001:0000018c       @IoReadFifo32_NoRep        000000000000040c     BaseIoLibIntrinsicSev:IoFifoSev.obj
 0001:0000018e       @IoReadFifo32_Loop         000000000000040e     BaseIoLibIntrinsicSev:IoFifoSev.obj
 0001:00000197       @IoReadFifo32_Done         0000000000000417     BaseIoLibIntrinsicSev:IoFifoSev.obj
 0001:000001af       @IoWriteFifo8_NoRep        000000000000042f     BaseIoLibIntrinsicSev:IoFifoSev.obj
 0001:000001b1       @IoWriteFifo8_Loop         0000000000000431     BaseIoLibIntrinsicSev:IoFifoSev.obj
 0001:000001b9       @IoWriteFifo8_Done         0000000000000439     BaseIoLibIntrinsicSev:IoFifoSev.obj
 0001:000001d2       @IoWriteFifo16_NoRep       0000000000000452     BaseIoLibIntrinsicSev:IoFifoSev.obj
 0001:000001d4       @IoWriteFifo16_Loop        0000000000000454     BaseIoLibIntrinsicSev:IoFifoSev.obj
 0001:000001df       @IoWriteFifo16_Done        000000000000045f     BaseIoLibIntrinsicSev:IoFifoSev.obj
 0001:000001f7       @IoWriteFifo32_NoRep       0000000000000477     BaseIoLibIntrinsicSev:IoFifoSev.obj
 0001:000001f9       @IoWriteFifo32_Loop        0000000000000479     BaseIoLibIntrinsicSev:IoFifoSev.obj
 0001:00000202       @IoWriteFifo32_Done        0000000000000482     BaseIoLibIntrinsicSev:IoFifoSev.obj
 0004:00000000       $unwind$_DriverUnloadHandler 000000000000bf80     UefiDriverEntryPoint:DriverEntryPoint.obj
 0004:00000010       $unwind$_ModuleEntryPoint  000000000000bf90     UefiDriverEntryPoint:DriverEntryPoint.obj
 0004:00000010       $unwind$EfiAcquireLockOrFail 000000000000bf90     UefiLib:UefiLib.obj
 0004:00000010       $unwind$AllocateZeroPool   000000000000bf90     UefiMemoryAllocationLib:MemoryAllocationLib.obj
 0004:00000010       $unwind$IpIoDummyHandlerDpc 000000000000bf90     DxeIpIoLib:DxeIpIoLib.obj
 0004:00000010       $unwind$IpIoTransmitHandlerDpc 000000000000bf90     DxeIpIoLib:DxeIpIoLib.obj
 0004:00000010       $unwind$NetbufFree         000000000000bf90     DxeNetLib:NetBuffer.obj
 0004:00000010       $unwind$NetbufQueFree      000000000000bf90     DxeNetLib:NetBuffer.obj
 0004:00000010       $unwind$SockDestroy        000000000000bf90     TcpDxe:SockImpl.obj
 0004:00000010       $unwind$Tcp6Configure      000000000000bf90     TcpDxe:TcpMain.obj
 0004:00000010       $unwind$TcpInitTcbLocal    000000000000bf90     TcpDxe:TcpMisc.obj
 0004:00000010       $unwind$TcpClose           000000000000bf90     TcpDxe:TcpTimer.obj
 0004:00000010       $unwind$TcpConnectTimeout  000000000000bf90     TcpDxe:TcpTimer.obj
 0004:00000010       $unwind$TcpKeepaliveTimeout 000000000000bf90     TcpDxe:TcpTimer.obj
 0004:00000010       $unwind$TcpProbeTimeout    000000000000bf90     TcpDxe:TcpTimer.obj
 0004:00000010       $unwind$TcpRexmitTimeout   000000000000bf90     TcpDxe:TcpTimer.obj
 0004:00000018       $unwind$ProcessModuleEntryPointList 000000000000bf98     TcpDxe:AutoGen.obj
 0004:00000024       $unwind$InternalAllocatePool 000000000000bfa4     UefiMemoryAllocationLib:MemoryAllocationLib.obj
 0004:00000024       $unwind$NetbufQueAlloc     000000000000bfa4     DxeNetLib:NetBuffer.obj
 0004:00000024       $unwind$Tcp4DriverBindingStart 000000000000bfa4     TcpDxe:TcpDriver.obj
 0004:00000024       $unwind$Tcp6DriverBindingStart 000000000000bfa4     TcpDxe:TcpDriver.obj
 0004:00000024       $unwind$TcpDestroyTimer    000000000000bfa4     TcpDxe:TcpDriver.obj
 0004:00000024       $unwind$TcpIsIpEqual       000000000000bfa4     TcpDxe:TcpMisc.obj
 0004:00000024       $unwind$TcpGetUint32       000000000000bfa4     TcpDxe:TcpOption.obj
 0004:00000024       $unwind$TcpPutUint32       000000000000bfa4     TcpDxe:TcpOption.obj
 0004:00000024       $unwind$TcpSetKeepaliveTimer 000000000000bfa4     TcpDxe:TcpTimer.obj
 0004:0000002c       $unwind$TcpCreateService   000000000000bfac     TcpDxe:TcpDriver.obj
 0004:00000048       $unwind$TcpDestroyService  000000000000bfc8     TcpDxe:TcpDriver.obj
 0004:00000060       $unwind$EfiTestChildHandle 000000000000bfe0     UefiLib:UefiLib.obj
 0004:00000060       $unwind$NetPseudoHeadChecksum 000000000000bfe0     DxeNetLib:NetBuffer.obj
 0004:00000060       $unwind$SockCreateChild    000000000000bfe0     TcpDxe:SockInterface.obj
 0004:00000060       $unwind$TcpDispatcher      000000000000bfe0     TcpDxe:TcpDispatcher.obj
 0004:00000060       $unwind$Tcp4DriverBindingSupported 000000000000bfe0     TcpDxe:TcpDriver.obj
 0004:00000060       $unwind$Tcp6DriverBindingSupported 000000000000bfe0     TcpDxe:TcpDriver.obj
 0004:0000006c       $unwind$TcpComponentNameGetDriverName 000000000000bfec     TcpDxe:ComponentName.obj
 0004:0000006c       $unwind$Tcp4DriverBindingStop 000000000000bfec     TcpDxe:TcpDriver.obj
 0004:0000006c       $unwind$Tcp6DriverBindingStop 000000000000bfec     TcpDxe:TcpDriver.obj
 0004:00000074       $unwind$TcpAttachPcb       000000000000bff4     TcpDxe:TcpDispatcher.obj
 0004:00000074       $unwind$TcpCreateSocketCallback 000000000000bff4     TcpDxe:TcpDriver.obj
 0004:00000088       $unwind$IpIoCreate         000000000000c008     DxeIpIoLib:DxeIpIoLib.obj
 0004:00000088       $unwind$IpIoIcmpv4Handler  000000000000c008     DxeIpIoLib:DxeIpIoLib.obj
 0004:00000088       $unwind$IpIoIcmpv6Handler  000000000000c008     DxeIpIoLib:DxeIpIoLib.obj
 0004:00000088       $unwind$TcpServiceBindingCreateChild 000000000000c008     TcpDxe:TcpDriver.obj
 0004:00000088       $unwind$TcpResetConnection 000000000000c008     TcpDxe:TcpMisc.obj
 0004:0000009c       $unwind$TcpServiceBindingDestroyChild 000000000000c01c     TcpDxe:TcpDriver.obj
 0004:000000a8       $unwind$Tcp4GetModeData    000000000000c028     TcpDxe:TcpMain.obj
 0004:000000a8       $unwind$Tcp6GetModeData    000000000000c028     TcpDxe:TcpMain.obj
 0004:000000b0       $unwind$Tcp4Configure      000000000000c030     TcpDxe:TcpMain.obj
 0004:000000c0       $unwind$Tcp4Routes         000000000000c040     TcpDxe:TcpMain.obj
 0004:000000cc       $unwind$SockBufferToken    000000000000c04c     TcpDxe:SockInterface.obj
 0004:000000cc       $unwind$SockRcv            000000000000c04c     TcpDxe:SockInterface.obj
 0004:000000cc       $unwind$SockSend           000000000000c04c     TcpDxe:SockInterface.obj
 0004:000000e0       $unwind$SockDestroyChild   000000000000c060     TcpDxe:SockInterface.obj
 0004:000000ec       $unwind$InternalAllocateCopyPool 000000000000c06c     UefiMemoryAllocationLib:MemoryAllocationLib.obj
 0004:000000ec       $unwind$NetbufFreeList     000000000000c06c     DxeNetLib:NetBuffer.obj
 0004:000000ec       $unwind$NetbufFreeVector   000000000000c06c     DxeNetLib:NetBuffer.obj
 0004:000000ec       $unwind$SockConfigure      000000000000c06c     TcpDxe:SockInterface.obj
 0004:000000ec       $unwind$SockConnect        000000000000c06c     TcpDxe:SockInterface.obj
 0004:000000ec       $unwind$SockFlush          000000000000c06c     TcpDxe:SockInterface.obj
 0004:000000ec       $unwind$TcpFlushPcb        000000000000c06c     TcpDxe:TcpDispatcher.obj
 0004:000000ec       $unwind$TcpTrimSegment     000000000000c06c     TcpDxe:TcpInput.obj
 0004:000000ec       $unwind$TcpSetState        000000000000c06c     TcpDxe:TcpMisc.obj
 0004:000000f8       $unwind$NetbufFromExt      000000000000c078     DxeNetLib:NetBuffer.obj
 0004:000000f8       $unwind$SockAccept         000000000000c078     TcpDxe:SockInterface.obj
 0004:000000f8       $unwind$Tcp6GetMode        000000000000c078     TcpDxe:TcpDispatcher.obj
 0004:0000010c       $unwind$FreeUnicodeStringTable 000000000000c08c     UefiLib:UefiLib.obj
 0004:0000010c       $unwind$LookupUnicodeString2 000000000000c08c     UefiLib:UefiLib.obj
 0004:0000010c       $unwind$IpIoDestroy        000000000000c08c     DxeIpIoLib:DxeIpIoLib.obj
 0004:0000010c       $unwind$IpIoDestroySndEntry 000000000000c08c     DxeIpIoLib:DxeIpIoLib.obj
 0004:0000010c       $unwind$NetbufAlloc        000000000000c08c     DxeNetLib:NetBuffer.obj
 0004:0000010c       $unwind$NetbufAllocStruct  000000000000c08c     DxeNetLib:NetBuffer.obj
 0004:0000010c       $unwind$SockConnFlush      000000000000c08c     TcpDxe:SockImpl.obj
 0004:0000010c       $unwind$SockFlushPendingToken 000000000000c08c     TcpDxe:SockImpl.obj
 0004:0000010c       $unwind$SockWakeListenToken 000000000000c08c     TcpDxe:SockImpl.obj
 0004:0000010c       $unwind$SockCancel         000000000000c08c     TcpDxe:SockInterface.obj
 0004:0000010c       $unwind$SockClose          000000000000c08c     TcpDxe:SockInterface.obj
 0004:0000010c       $unwind$TcpAdjustSndQue    000000000000c08c     TcpDxe:TcpInput.obj
 0004:0000010c       $unwind$TcpFormatNetbuf    000000000000c08c     TcpDxe:TcpMisc.obj
 0004:0000010c       $unwind$TcpInitTcbPeer     000000000000c08c     TcpDxe:TcpMisc.obj
 0004:0000010c       $unwind$TcpInsertTcb       000000000000c08c     TcpDxe:TcpMisc.obj
 0004:0000010c       $unwind$TcpDataToSend      000000000000c08c     TcpDxe:TcpOutput.obj
 0004:0000010c       $unwind$TcpRetransmit      000000000000c08c     TcpDxe:TcpOutput.obj
 0004:0000010c       $unwind$TcpSendAck         000000000000c08c     TcpDxe:TcpOutput.obj
 0004:0000010c       $unwind$TcpSendZeroProbe   000000000000c08c     TcpDxe:TcpOutput.obj
 0004:0000011c       $unwind$AddUnicodeString2  000000000000c09c     UefiLib:UefiLib.obj
 0004:0000011c       $unwind$NetbufQueTrim      000000000000c09c     DxeNetLib:NetBuffer.obj
 0004:0000011c       $unwind$SockCancelToken    000000000000c09c     TcpDxe:SockImpl.obj
 0004:0000011c       $unwind$SockProcessSndToken 000000000000c09c     TcpDxe:SockImpl.obj
 0004:0000011c       $unwind$TcpFindTcbByPeer   000000000000c09c     TcpDxe:TcpMisc.obj
 0004:0000011c       $unwind$TcpSynBuildOption  000000000000c09c     TcpDxe:TcpOption.obj
 0004:00000134       $unwind$TcpLocateTcb       000000000000c0b4     TcpDxe:TcpMisc.obj
 0004:00000150       $unwind$TcpGetRcvMss       000000000000c0d0     TcpDxe:TcpMisc.obj
 0004:00000160       $unwind$NetbufCopy         000000000000c0e0     DxeNetLib:NetBuffer.obj
 0004:00000160       $unwind$NetbufQueCopy      000000000000c0e0     DxeNetLib:NetBuffer.obj
 0004:00000160       $unwind$TcpChecksum        000000000000c0e0     TcpDxe:TcpMisc.obj
 0004:00000160       $unwind$TcpTickingDpc      000000000000c0e0     TcpDxe:TcpTimer.obj
 0004:00000178       $unwind$TcpInstallDevicePath 000000000000c0f8     TcpDxe:TcpMisc.obj
 0004:00000194       $unwind$TcpSendIpPacket    000000000000c114     TcpDxe:TcpIo.obj
 0004:000001ac       $unwind$Tcp4GetMode        000000000000c12c     TcpDxe:TcpDispatcher.obj
 0004:000001c4       $unwind$TcpBind            000000000000c144     TcpDxe:TcpDispatcher.obj
 0004:000001c4       $unwind$TcpTransmitSegment 000000000000c144     TcpDxe:TcpOutput.obj
 0004:000001e0       $unwind$TcpConfigurePcb    000000000000c160     TcpDxe:TcpDispatcher.obj
 0004:000001fc       $unwind$UpdateTcp4Name     000000000000c17c     TcpDxe:ComponentName.obj
 0004:00000208       $unwind$UpdateTcp6Name     000000000000c188     TcpDxe:ComponentName.obj
 0004:00000214       $unwind$TcpComponentNameGetControllerName 000000000000c194     TcpDxe:ComponentName.obj
 0004:00000228       $unwind$SockProcessRcvToken 000000000000c1a8     TcpDxe:SockImpl.obj
 0004:00000240       $unwind$SockProcessTcpSndData 000000000000c1c0     TcpDxe:SockImpl.obj
 0004:00000250       $unwind$SockCreate         000000000000c1d0     TcpDxe:SockImpl.obj
 0004:00000250       $unwind$TcpQueueData       000000000000c1d0     TcpDxe:TcpInput.obj
 0004:0000026c       $unwind$SockClone          000000000000c1ec     TcpDxe:SockImpl.obj
 0004:00000278       $unwind$TcpParseOption     000000000000c1f8     TcpDxe:TcpOption.obj
 0004:00000290       $unwind$IpIoFindSender     000000000000c210     DxeIpIoLib:DxeIpIoLib.obj
 0004:00000290       $unwind$TcpGetSegmentSndQue 000000000000c210     TcpDxe:TcpOutput.obj
 0004:000002ac       $unwind$TcpToSendData      000000000000c22c     TcpDxe:TcpOutput.obj
 0004:000002c4       $unwind$TcpSendReset       000000000000c244     TcpDxe:TcpOutput.obj
 0004:000002e0       $unwind$TcpDeliverData     000000000000c260     TcpDxe:TcpInput.obj
 0004:000002f8       $unwind$TcpInput           000000000000c278     TcpDxe:TcpInput.obj
 0004:00000310       $unwind$TcpIcmpInput       000000000000c290     TcpDxe:TcpInput.obj
 0004:00000324       $unwind$UnicodeSPrint      000000000000c2a4     BasePrintLib:PrintLib.obj
 0004:0000032c       $unwind$BasePrintLibSPrintMarker 000000000000c2ac     BasePrintLib:PrintLibInternal.obj
 0004:00000348       $unwind$BasePrintLibSPrint 000000000000c2c8     BasePrintLib:PrintLibInternal.obj
 0004:00000350       $unwind$EfiLibInstallDriverBindingComponentName2 000000000000c2d0     UefiLib:UefiDriverModel.obj
 0004:00000358       $unwind$NetLibCreateIPv4DPathNode 000000000000c2d8     DxeNetLib:DxeNetLib.obj
 0004:0000036c       $unwind$NetbufAllocSpace   000000000000c2ec     DxeNetLib:NetBuffer.obj
 0004:0000037c       $unwind$NetIp6PseudoHeadChecksum 000000000000c2fc     DxeNetLib:NetBuffer.obj
 0004:00000388       $unwind$IpIoCreateIpChildOpenProtocol 000000000000c308     DxeIpIoLib:DxeIpIoLib.obj
 0004:000003a0       $unwind$IpIoCloseProtocolDestroyIpChild 000000000000c320     DxeIpIoLib:DxeIpIoLib.obj
 0004:000003b4       $unwind$IpIoCreateSndEntry 000000000000c334     DxeIpIoLib:DxeIpIoLib.obj
 0004:000003cc       $unwind$IpIoListenHandlerDpc 000000000000c34c     DxeIpIoLib:DxeIpIoLib.obj
 0004:000003e4       $unwind$IpIoOpen           000000000000c364     DxeIpIoLib:DxeIpIoLib.obj
 0004:000003f4       $unwind$IpIoAddIp          000000000000c374     DxeIpIoLib:DxeIpIoLib.obj
 0004:00000408       $unwind$IpIoConfigIp       000000000000c388     DxeIpIoLib:DxeIpIoLib.obj
 0004:00000424       $unwind$IpIoRemoveIp       000000000000c3a4     DxeIpIoLib:DxeIpIoLib.obj
