 DiskIoDxe

 Timestamp is 61ee7039 (Mon Jan 24 17:24:09 2022)

 Preferred load address is 0000000000000000

 Start         Length     Name                   Class
 0001:00000000 00000060H .text                   CODE
 0001:00000060 00001692H .text$mn                CODE
 0002:00000000 00000190H .data                   DATA
 0002:00000190 00000060H .rdata                  DATA
 0002:000001f0 00000018H .bss                    DATA
 0002:00000208 00000020H .rdata$voltmd           DATA
 0002:00000228 000000a8H .rdata$zzzdbg           DATA
 0003:00000000 000000fcH .pdata                  DATA
 0004:00000000 000000ecH .xdata                  DATA

  Address         Publics by Value              Rva+Base               Lib:Object

 0000:00000000       __arm64x_extra_rfe_table   0000000000000000     <absolute>
 0000:00000000       __hybrid_code_map_count    0000000000000000     <absolute>
 0000:00000000       __arm64x_redirection_metadata 0000000000000000     <absolute>
 0000:00000000       __arm64x_native_entrypoint 0000000000000000     <absolute>
 0000:00000000       __guard_eh_cont_table      0000000000000000     <absolute>
 0000:00000000       __enclave_config           0000000000000000     <absolute>
 0000:00000000       __arm64x_redirection_metadata_count 0000000000000000     <absolute>
 0000:00000000       __guard_iat_table          0000000000000000     <absolute>
 0000:00000000       __x64_code_ranges_to_entry_points 0000000000000000     <absolute>
 0000:00000000       __hybrid_code_map          0000000000000000     <absolute>
 0000:00000000       __arm64x_extra_rfe_table_size 0000000000000000     <absolute>
 0000:00000000       __guard_iat_count          0000000000000000     <absolute>
 0000:00000000       __guard_longjmp_count      0000000000000000     <absolute>
 0000:00000000       __guard_flags              0000000000000000     <absolute>
 0000:00000000       __guard_eh_cont_count      0000000000000000     <absolute>
 0000:00000000       __dynamic_value_reloc_table 0000000000000000     <absolute>
 0000:00000000       __guard_fids_table         0000000000000000     <absolute>
 0000:00000000       __guard_longjmp_table      0000000000000000     <absolute>
 0000:00000000       __x64_code_ranges_to_entry_points_count 0000000000000000     <absolute>
 0000:00000000       __hybrid_auxiliary_iat     0000000000000000     <absolute>
 0000:00000000       __guard_check_icall_a64n_fptr 0000000000000000     <absolute>
 0000:00000000       __hybrid_auxiliary_iat_copy 0000000000000000     <absolute>
 0000:00000000       __guard_fids_count         0000000000000000     <absolute>
 0000:00000000       __AbsoluteZero             0000000000000000     <absolute>
 0001:00000000       InternalMemCopyMem         0000000000000280     BaseMemoryLibRepStr:CopyMem.obj
 0001:00000040       InternalMemZeroMem         00000000000002c0     BaseMemoryLibRepStr:ZeroMem.obj
 0001:00000060       _ModuleEntryPoint          00000000000002e0 f   UefiDriverEntryPoint:DriverEntryPoint.obj
 0001:000000f8       DiskIoDriverBindingSupported 0000000000000378 f   DiskIoDxe:DiskIo.obj
 0001:00000164       DiskIoDriverBindingStart   00000000000003e4 f   DiskIoDxe:DiskIo.obj
 0001:0000036c       DiskIoDriverBindingStop    00000000000005ec f   DiskIoDxe:DiskIo.obj
 0001:0000054c       DiskIoDestroySubtask       00000000000007cc f   DiskIoDxe:DiskIo.obj
 0001:00000648       DiskIo2OnReadWriteComplete 00000000000008c8 f   DiskIoDxe:DiskIo.obj
 0001:000006f4       DiskIoCreateSubtask        0000000000000974 f   DiskIoDxe:DiskIo.obj
 0001:000007cc       DiskIoCreateSubtaskList    0000000000000a4c f   DiskIoDxe:DiskIo.obj
 0001:00000c34       DiskIo2Cancel              0000000000000eb4 f   DiskIoDxe:DiskIo.obj
 0001:00000cc4       DiskIo2RemoveCompletedTask 0000000000000f44 f   DiskIoDxe:DiskIo.obj
 0001:00000d6c       DiskIo2ReadWriteDisk       0000000000000fec f   DiskIoDxe:DiskIo.obj
 0001:000011b8       DiskIo2ReadDiskEx          0000000000001438 f   DiskIoDxe:DiskIo.obj
 0001:000011ec       DiskIo2WriteDiskEx         000000000000146c f   DiskIoDxe:DiskIo.obj
 0001:00001220       DiskIo2OnFlushComplete     00000000000014a0 f   DiskIoDxe:DiskIo.obj
 0001:00001264       DiskIo2FlushDiskEx         00000000000014e4 f   DiskIoDxe:DiskIo.obj
 0001:00001360       DiskIoReadDisk             00000000000015e0 f   DiskIoDxe:DiskIo.obj
 0001:00001390       DiskIoWriteDisk            0000000000001610 f   DiskIoDxe:DiskIo.obj
 0001:000013c0       DiskIoComponentNameGetDriverName 0000000000001640 f   DiskIoDxe:ComponentName.obj
 0001:000014ec       DiskIoComponentNameGetControllerName 000000000000176c f   DiskIoDxe:ComponentName.obj
 0001:000014f8       InternalAllocateAlignedPages 0000000000001778 f   UefiMemoryAllocationLib:MemoryAllocationLib.obj
 0001:000015ec       InternalAllocatePool       000000000000186c f   UefiMemoryAllocationLib:MemoryAllocationLib.obj
 0001:0000161c       InternalAllocateCopyPool   000000000000189c f   UefiMemoryAllocationLib:MemoryAllocationLib.obj
 0001:00001650       IsLanguageSupported        00000000000018d0 f   UefiLib:UefiLib.obj
 0002:00000000       gEfiComponentName2ProtocolGuid 0000000000001980     DiskIoDxe:AutoGen.obj
 0002:00000010       gEfiBlockIo2ProtocolGuid   0000000000001990     DiskIoDxe:AutoGen.obj
 0002:00000020       gEfiDiskIoProtocolGuid     00000000000019a0     DiskIoDxe:AutoGen.obj
 0002:00000030       gEfiDevicePathUtilitiesProtocolGuid 00000000000019b0     DiskIoDxe:AutoGen.obj
 0002:00000040       gEfiDiskIo2ProtocolGuid    00000000000019c0     DiskIoDxe:AutoGen.obj
 0002:00000050       gEfiDriverBindingProtocolGuid 00000000000019d0     DiskIoDxe:AutoGen.obj
 0002:00000060       gEfiComponentNameProtocolGuid 00000000000019e0     DiskIoDxe:AutoGen.obj
 0002:00000070       gEfiBlockIoProtocolGuid    00000000000019f0     DiskIoDxe:AutoGen.obj
 0002:00000080       gDiskIoDriverBinding       0000000000001a00     DiskIoDxe:DiskIo.obj
 0002:000000b0       gDiskIoPrivateDataTemplate 0000000000001a30     DiskIoDxe:DiskIo.obj
 0002:00000138       gDiskIoComponentName       0000000000001ab8     DiskIoDxe:ComponentName.obj
 0002:00000150       gDiskIoComponentName2      0000000000001ad0     DiskIoDxe:ComponentName.obj
 0002:00000170       mDiskIoDriverNameTable     0000000000001af0     DiskIoDxe:ComponentName.obj
 0002:00000190       ??_C@_03LKLGDMJI@eng@      0000000000001b10     DiskIoDxe:ComponentName.obj
 0002:00000194       ??_C@_02LFNMGJAP@en@       0000000000001b14     DiskIoDxe:ComponentName.obj
 0002:00000198       ??_C@_06DALJLGPG@eng?$DLen@ 0000000000001b18     DiskIoDxe:ComponentName.obj
 0002:000001a0       ??_C@_1DA@GMFAKFNA@?$AAG?$AAe?$AAn?$AAe?$AAr?$AAi?$AAc?$AA?5?$AAD?$AAi?$AAs?$AAk?$AA?5?$AAI?$AA?1@ 0000000000001b20     DiskIoDxe:ComponentName.obj
 0002:000001f0       gST                        0000000000001b70     UefiBootServicesTableLib:UefiBootServicesTableLib.obj
 0002:000001f8       gBS                        0000000000001b78     UefiBootServicesTableLib:UefiBootServicesTableLib.obj
 0002:00000200       mDevicePathLibDevicePathUtilities 0000000000001b80     UefiDevicePathLibDevicePathProtocol:UefiDevicePathLib.obj
 0002:00000208       __volatile_metadata        0000000000001b88     <linker-defined>

 entry point at        0001:00000060

 Static symbols

 0001:0000001a       InternalMemCopyMem.0       000000000000029a     BaseMemoryLibRepStr:CopyMem.obj
 0001:0000002a       @CopyBackward              00000000000002aa     BaseMemoryLibRepStr:CopyMem.obj
 0001:00000033       @CopyBytes                 00000000000002b3     BaseMemoryLibRepStr:CopyMem.obj
 0004:00000000       $unwind$_ModuleEntryPoint  0000000000001d60     UefiDriverEntryPoint:DriverEntryPoint.obj
 0004:00000008       $unwind$DiskIoDriverBindingSupported 0000000000001d68     DiskIoDxe:DiskIo.obj
 0004:00000014       $unwind$DiskIoDriverBindingStart 0000000000001d74     DiskIoDxe:DiskIo.obj
 0004:00000028       $unwind$DiskIoDriverBindingStop 0000000000001d88     DiskIoDxe:DiskIo.obj
 0004:00000040       $unwind$DiskIo2Cancel      0000000000001da0     DiskIoDxe:DiskIo.obj
 0004:00000040       $unwind$DiskIoDestroySubtask 0000000000001da0     DiskIoDxe:DiskIo.obj
 0004:00000050       $unwind$DiskIo2OnReadWriteComplete 0000000000001db0     DiskIoDxe:DiskIo.obj
 0004:00000050       $unwind$DiskIo2RemoveCompletedTask 0000000000001db0     DiskIoDxe:DiskIo.obj
 0004:00000064       $unwind$DiskIo2FlushDiskEx 0000000000001dc4     DiskIoDxe:DiskIo.obj
 0004:00000064       $unwind$DiskIoCreateSubtask 0000000000001dc4     DiskIoDxe:DiskIo.obj
 0004:0000007c       $unwind$DiskIoCreateSubtaskList 0000000000001ddc     DiskIoDxe:DiskIo.obj
 0004:00000094       $unwind$DiskIo2ReadWriteDisk 0000000000001df4     DiskIoDxe:DiskIo.obj
 0004:000000ac       $unwind$DiskIo2ReadDiskEx  0000000000001e0c     DiskIoDxe:DiskIo.obj
 0004:000000ac       $unwind$DiskIo2WriteDiskEx 0000000000001e0c     DiskIoDxe:DiskIo.obj
 0004:000000ac       $unwind$DiskIoReadDisk     0000000000001e0c     DiskIoDxe:DiskIo.obj
 0004:000000ac       $unwind$DiskIoWriteDisk    0000000000001e0c     DiskIoDxe:DiskIo.obj
 0004:000000b4       $unwind$DiskIo2OnFlushComplete 0000000000001e14     DiskIoDxe:DiskIo.obj
 0004:000000b4       $unwind$InternalAllocateCopyPool 0000000000001e14     UefiMemoryAllocationLib:MemoryAllocationLib.obj
 0004:000000bc       $unwind$DiskIoComponentNameGetDriverName 0000000000001e1c     DiskIoDxe:ComponentName.obj
 0004:000000d0       $unwind$InternalAllocateAlignedPages 0000000000001e30     UefiMemoryAllocationLib:MemoryAllocationLib.obj
 0004:000000e4       $unwind$InternalAllocatePool 0000000000001e44     UefiMemoryAllocationLib:MemoryAllocationLib.obj
